Archive member included because of file (symbol)

/opt/microchip/mplabc32/v2.02/bin/../lib/gcc/pic32mx/4.5.1/libgcc.a(_udivdi3.o)
                              build/HPS/production/_ext/1295770447/Tick.o (__udivdi3)
/opt/microchip/mplabc32/v2.02/bin/../lib/gcc/pic32mx/4.5.1/../../../../pic32mx/lib/libc.a(memcmp.o)
                              build/HPS/production/_ext/1295770447/ETHPIC32IntMac.o (memcmp)
/opt/microchip/mplabc32/v2.02/bin/../lib/gcc/pic32mx/4.5.1/../../../../pic32mx/lib/libc.a(memcpy.o)
                              build/HPS/production/_ext/1295770447/Announce.o (memcpy)
/opt/microchip/mplabc32/v2.02/bin/../lib/gcc/pic32mx/4.5.1/../../../../pic32mx/lib/libc.a(memset.o)
                              build/HPS/production/_ext/1295770447/DHCP.o (memset)
/opt/microchip/mplabc32/v2.02/bin/../lib/gcc/pic32mx/4.5.1/../../../../pic32mx/lib/libc.a(strcmp.o)
                              build/HPS/production/_ext/1472/MainDemo.o (strcmp)
/opt/microchip/mplabc32/v2.02/bin/../lib/gcc/pic32mx/4.5.1/../../../../pic32mx/lib/libc.a(strcpy.o)
                              build/HPS/production/_ext/1472/BerkeleyTCPServerDemo.o (strcpy)
/opt/microchip/mplabc32/v2.02/bin/../lib/gcc/pic32mx/4.5.1/../../../../pic32mx/lib/libc.a(strlen.o)
                              build/HPS/production/_ext/1472/BerkeleyTCPServerDemo.o (strlen)
/opt/microchip/mplabc32/v2.02/bin/../lib/gcc/pic32mx/4.5.1/../../../../pic32mx/lib/libc.a(general-exception.o)
                              /opt/microchip/mplabc32/v2.02/bin/../lib/gcc/pic32mx/4.5.1/../../../../pic32mx/lib/crt0.o (_general_exception_context)
/opt/microchip/mplabc32/v2.02/bin/../lib/gcc/pic32mx/4.5.1/../../../../pic32mx/lib/libc.a(atoi.o)
                              build/HPS/production/_ext/1472/MainDemo.o (atoi)
/opt/microchip/mplabc32/v2.02/bin/../lib/gcc/pic32mx/4.5.1/../../../../pic32mx/lib/libc.a(ctype.o)
                              /opt/microchip/mplabc32/v2.02/bin/../lib/gcc/pic32mx/4.5.1/../../../../pic32mx/lib/libc.a(atoi.o) (_ctype)
/opt/microchip/mplabc32/v2.02/bin/../lib/gcc/pic32mx/4.5.1/../../../../pic32mx/lib/libc.a(malloc.o)
                              build/HPS/production/_ext/1472/MainDemo.o (malloc)
/opt/microchip/mplabc32/v2.02/bin/../lib/gcc/pic32mx/4.5.1/../../../../pic32mx/lib/libc.a(rand.o)
                              build/HPS/production/_ext/1295770447/Helpers.o (srand)
/opt/microchip/mplabc32/v2.02/bin/../lib/gcc/pic32mx/4.5.1/../../../../pic32mx/lib/libc.a(strtok.o)
                              build/HPS/production/_ext/1472/MainDemo.o (strtok)
/opt/microchip/mplabc32/v2.02/bin/../lib/gcc/pic32mx/4.5.1/../../../../pic32mx/lib/libc.a(sprintf_cdnopsuxX.eo)
                              build/HPS/production/_ext/1472/MainDemo.o (_sprintf_cdnopsuxX)
/opt/microchip/mplabc32/v2.02/bin/../lib/gcc/pic32mx/4.5.1/../../../../pic32mx/lib/libc.a(sprintf_cdnopuxX.eo)
                              build/HPS/production/_ext/1472/MainDemo.o (_sprintf_cdnopuxX)
/opt/microchip/mplabc32/v2.02/bin/../lib/gcc/pic32mx/4.5.1/../../../../pic32mx/lib/libc.a(sbrk.o)
                              /opt/microchip/mplabc32/v2.02/bin/../lib/gcc/pic32mx/4.5.1/../../../../pic32mx/lib/libc.a(malloc.o) (sbrk)
/opt/microchip/mplabc32/v2.02/bin/../lib/gcc/pic32mx/4.5.1/../../../../pic32mx/lib/libc.a(default-bootstrap-exception-handler.o)
                              /opt/microchip/mplabc32/v2.02/bin/../lib/gcc/pic32mx/4.5.1/../../../../pic32mx/lib/crt0.o (_bootstrap_exception_handler)
/opt/microchip/mplabc32/v2.02/bin/../lib/gcc/pic32mx/4.5.1/../../../../pic32mx/lib/libc.a(default-on-reset.o)
                              /opt/microchip/mplabc32/v2.02/bin/../lib/gcc/pic32mx/4.5.1/../../../../pic32mx/lib/crt0.o (_on_reset)
/opt/microchip/mplabc32/v2.02/bin/../lib/gcc/pic32mx/4.5.1/../../../../pic32mx/lib/libc.a(default-on-bootstrap.o)
                              /opt/microchip/mplabc32/v2.02/bin/../lib/gcc/pic32mx/4.5.1/../../../../pic32mx/lib/crt0.o (_on_bootstrap)
/opt/microchip/mplabc32/v2.02/bin/../lib/gcc/pic32mx/4.5.1/../../../../pic32mx/lib/libc.a(default-nmi-handler.o)
                              /opt/microchip/mplabc32/v2.02/bin/../lib/gcc/pic32mx/4.5.1/../../../../pic32mx/lib/crt0.o (_nmi_handler)
/opt/microchip/mplabc32/v2.02/bin/../lib/gcc/pic32mx/4.5.1/../../../../pic32mx/lib/libc.a(errno.o)
                              /opt/microchip/mplabc32/v2.02/bin/../lib/gcc/pic32mx/4.5.1/../../../../pic32mx/lib/libc.a(sbrk.o) (errno)
/opt/microchip/mplabc32/v2.02/bin/../lib/gcc/pic32mx/4.5.1/../../../../pic32mx/lib/libc.a(strcspn.o)
                              /opt/microchip/mplabc32/v2.02/bin/../lib/gcc/pic32mx/4.5.1/../../../../pic32mx/lib/libc.a(strtok.o) (strcspn)
/opt/microchip/mplabc32/v2.02/bin/../lib/gcc/pic32mx/4.5.1/../../../../pic32mx/lib/libc.a(strspn.o)
                              /opt/microchip/mplabc32/v2.02/bin/../lib/gcc/pic32mx/4.5.1/../../../../pic32mx/lib/libc.a(strtok.o) (strspn)
[...]
Memory Configuration

Name             Origin             Length             Attributes
kseg0_program_mem 0x9d000000         0x00080000         xr
kseg0_boot_mem   0x9fc00490         0x00000970
exception_mem    0x9fc01000         0x00001000
kseg1_boot_mem   0xbfc00000         0x00000490
debug_exec_mem   0xbfc02000         0x00000ff0
config3          0xbfc02ff0         0x00000004
config2          0xbfc02ff4         0x00000004
config1          0xbfc02ff8         0x00000004
config0          0xbfc02ffc         0x00000004
kseg1_data_mem   0xa0000000         0x00020000         w !x
sfrs             0xbf800000         0x00100000
configsfrs       0xbfc02ff0         0x00000010
*default*        0x00000000         0xffffffff

Linker script and memory map

LOAD /opt/microchip/mplabc32/v2.02/bin/../lib/gcc/pic32mx/4.5.1/../../../../pic32mx/lib/crt0.o
LOAD build/HPS/production/_ext/1472/UARTConfig.o
LOAD build/HPS/production/_ext/1472/GenericTCPClient.o
LOAD build/HPS/production/_ext/1472/GenericTCPServer.o
LOAD build/HPS/production/_ext/1472/LegacyHTTPApp.o
LOAD build/HPS/production/_ext/1472/PingDemo.o
LOAD build/HPS/production/_ext/1472/SMTPDemo.o
LOAD build/HPS/production/_ext/1472/BerkeleyUDPClientDemo.o
LOAD build/HPS/production/_ext/1472/BerkeleyTCPClientDemo.o
LOAD build/HPS/production/_ext/1472/BerkeleyTCPServerDemo.o
LOAD build/HPS/production/_ext/1295770447/UDPPerformanceTest.o
LOAD build/HPS/production/_ext/1295770447/Announce.o
LOAD build/HPS/production/_ext/1295770447/ARP.o
LOAD build/HPS/production/_ext/1295770447/Delay.o
LOAD build/HPS/production/_ext/1295770447/DHCP.o
LOAD build/HPS/production/_ext/1295770447/DHCPs.o
LOAD build/HPS/production/_ext/1295770447/DNS.o
LOAD build/HPS/production/_ext/1295770447/DynDNS.o
LOAD build/HPS/production/_ext/1295770447/ENC28J60.o
LOAD build/HPS/production/_ext/1295770447/FTP.o
LOAD build/HPS/production/_ext/1295770447/Hashes.o
LOAD build/HPS/production/_ext/1295770447/Helpers.o
LOAD build/HPS/production/_ext/1295770447/HTTP2.o
LOAD build/HPS/production/_ext/1295770447/HTTP.o
LOAD build/HPS/production/_ext/1295770447/ICMP.o
LOAD build/HPS/production/_ext/1295770447/IP.o
LOAD build/HPS/production/_ext/1295770447/LCDBlocking.o
LOAD build/HPS/production/_ext/1295770447/MPFS2.o
LOAD build/HPS/production/_ext/1295770447/MPFS.o
LOAD build/HPS/production/_ext/1295770447/NBNS.o
LOAD build/HPS/production/_ext/1295770447/Reboot.o
LOAD build/HPS/production/_ext/1295770447/SMTP.o
LOAD build/HPS/production/_ext/1295770447/SNMP.o
LOAD build/HPS/production/_ext/1295770447/SNTP.o
LOAD build/HPS/production/_ext/1295770447/SPIEEPROM.o
LOAD build/HPS/production/_ext/1295770447/SPIFlash.o
LOAD build/HPS/production/_ext/1295770447/SPIRAM.o
LOAD build/HPS/production/_ext/1295770447/StackTsk.o
LOAD build/HPS/production/_ext/1295770447/TCP.o
LOAD build/HPS/production/_ext/1295770447/TCPPerformanceTest.o
LOAD build/HPS/production/_ext/1295770447/Telnet.o
LOAD build/HPS/production/_ext/1295770447/TFTPc.o
LOAD build/HPS/production/_ext/1295770447/Tick.o
LOAD build/HPS/production/_ext/1295770447/UART2TCPBridge.o
LOAD build/HPS/production/_ext/1295770447/UART.o
LOAD build/HPS/production/_ext/1295770447/UDP.o
LOAD build/HPS/production/_ext/1295770447/BerkeleyAPI.o
LOAD build/HPS/production/_ext/1295770447/ENCX24J600.o
LOAD build/HPS/production/_ext/1472/MPFSImg2.o
LOAD build/HPS/production/_ext/1295770447/Random.o
LOAD build/HPS/production/_ext/1295770447/RSA.o
LOAD build/HPS/production/_ext/1295770447/SSL.o
LOAD build/HPS/production/_ext/1295770447/ARCFOUR.o
LOAD build/HPS/production/_ext/1295770447/BigInt.o
LOAD build/HPS/production/_ext/1295770447/BigInt_helper_C32.o
LOAD build/HPS/production/_ext/1295770447/AutoIP.o
LOAD build/HPS/production/_ext/1295770447/ETHPIC32IntMac.o
LOAD build/HPS/production/_ext/1295770447/ETHPIC32ExtPhy.o
LOAD build/HPS/production/_ext/1295770447/ETHPIC32ExtPhyDP83848.o
LOAD build/HPS/production/_ext/1295770447/DNSs.o
LOAD build/HPS/production/_ext/1295770447/CAN2TCPBridge.o
LOAD build/HPS/production/_ext/1472/MainDemo.o
LOAD build/HPS/production/_ext/1472/CustomHTTPApp.o
LOAD build/HPS/production/_ext/1472/CustomSNMPApp.o
LOAD build/HPS/production/_ext/1472/CustomSSLCert.o
LOAD build/HPS/production/_ext/1472/i2c_support.o
LOAD build/HPS/production/_ext/1472/led_monitor.o
LOAD build/HPS/production/_ext/1472/MyTFTP.o
LOAD build/HPS/production/_ext/1472/Settings.o
                0x00000001                __MPLAB_BUILD = 0x1
                0x00003e80                _min_heap_size = 0x3e80
                0x00000800                _min_stack_size = 0x800
LOAD /opt/microchip/mplabc32/v2.02/bin/../lib/gcc/pic32mx/4.5.1/libgcc.a
START GROUP
LOAD /opt/microchip/mplabc32/v2.02/bin/../lib/gcc/pic32mx/4.5.1/../../../../pic32mx/lib/libdebug.a
LOAD /opt/microchip/mplabc32/v2.02/bin/../lib/gcc/pic32mx/4.5.1/../../../../pic32mx/lib/libc.a
LOAD /opt/microchip/mplabc32/v2.02/bin/../lib/gcc/pic32mx/4.5.1/../../../../pic32mx/lib/libm.a
LOAD /opt/microchip/mplabc32/v2.02/bin/../lib/gcc/pic32mx/4.5.1/../../../../pic32mx/lib/libe.a
LOAD /opt/microchip/mplabc32/v2.02/bin/../lib/gcc/pic32mx/4.5.1/../../../../pic32mx/lib/libdsp.a
LOAD /opt/microchip/mplabc32/v2.02/bin/../lib/gcc/pic32mx/4.5.1/../../../../pic32mx/lib/libmchp_peripheral.a
LOAD /opt/microchip/mplabc32/v2.02/bin/../lib/gcc/pic32mx/4.5.1/../../../../pic32mx/lib/libmchp_peripheral_32MX795F512L.a
END GROUP
LOAD /opt/microchip/mplabc32/v2.02/bin/../lib/gcc/pic32mx/4.5.1/libgcc.a
                0x00000400                PROVIDE (_min_stack_size, 0x400)
                0x00000000                PROVIDE (_min_heap_size, 0x0)
LOAD /opt/microchip/mplabc32/v2.02/bin/../lib/gcc/pic32mx/4.5.1/../../../../pic32mx/lib/./proc/32MX795F512L/processor.o
                0x00000001                PROVIDE (_vector_spacing, 0x1)
                0x9fc01000                _ebase_address = 0x9fc01000
                0xbfc00000                _RESET_ADDR = 0xbfc00000
                0xbfc00380                _BEV_EXCPT_ADDR = 0xbfc00380
                0xbfc00480                _DBG_EXCPT_ADDR = 0xbfc00480
                0xbfc02000                _DBG_CODE_ADDR = 0xbfc02000
                0x00000ff0                _DBG_CODE_SIZE = 0xff0
                0x9fc01180                _GEN_EXCPT_ADDR = (_ebase_address + 0x180)

.config_BFC02FF0
                0xbfc02ff0        0x4
 *(.config_BFC02FF0)
 .config_BFC02FF0
                0xbfc02ff0        0x4 build/HPS/production/_ext/1472/MainDemo.o

.config_BFC02FF4
                0xbfc02ff4        0x4
 *(.config_BFC02FF4)
 .config_BFC02FF4
                0xbfc02ff4        0x4 build/HPS/production/_ext/1472/MainDemo.o

.config_BFC02FF8
                0xbfc02ff8        0x4
 *(.config_BFC02FF8)
 .config_BFC02FF8
                0xbfc02ff8        0x4 build/HPS/production/_ext/1472/MainDemo.o

.config_BFC02FFC
                0xbfc02ffc        0x4
 *(.config_BFC02FFC)
 .config_BFC02FFC
                0xbfc02ffc        0x4 build/HPS/production/_ext/1472/MainDemo.o
                0xbfc02000                PROVIDE (_DBG_CODE_ADDR, 0xbfc02000)
                0x00000ff0                PROVIDE (_DBG_CODE_SIZE, 0xff0)

.reset          0xbfc00000      0x1f4
 *(.reset)
 .reset         0xbfc00000       0x10 /opt/microchip/mplabc32/v2.02/bin/../lib/gcc/pic32mx/4.5.1/../../../../pic32mx/lib/crt0.o
                0xbfc00000                _reset
 *(.reset.startup)
 .reset.startup
                0xbfc00010      0x1e4 /opt/microchip/mplabc32/v2.02/bin/../lib/gcc/pic32mx/4.5.1/../../../../pic32mx/lib/crt0.o

.bev_excpt      0xbfc00380       0x10
 *(.bev_handler)
 .bev_handler   0xbfc00380       0x10 /opt/microchip/mplabc32/v2.02/bin/../lib/gcc/pic32mx/4.5.1/../../../../pic32mx/lib/crt0.o

.dbg_excpt      0xbfc00480        0x0
                0xbfc00480                . = (. + DEFINED (_DEBUGGER)?0x8:0x0)

.dbg_code       0xbfc02000        0x0
                0xbfc02000                . = (. + DEFINED (_DEBUGGER)?_DBG_CODE_SIZE:0x0)

.app_excpt      0x9fc01180       0x10
 *(.gen_handler)
 .gen_handler   0x9fc01180       0x10 /opt/microchip/mplabc32/v2.02/bin/../lib/gcc/pic32mx/4.5.1/../../../../pic32mx/lib/crt0.o

.vector_0       0x9fc01200        0x0
 *(.vector_0)
                0x00000001                ASSERT (((_vector_spacing == 0x0) || (SIZEOF (.vector_0) <= (_vector_spacing << 0x5))), function at exception vector 0 too large)

.vector_1       0x9fc01220        0x0
 *(.vector_1)
                0x00000001                ASSERT (((_vector_spacing == 0x0) || (SIZEOF (.vector_1) <= (_vector_spacing << 0x5))), function at exception vector 1 too large)

.vector_2       0x9fc01240        0x0
 *(.vector_2)
                0x00000001                ASSERT (((_vector_spacing == 0x0) || (SIZEOF (.vector_2) <= (_vector_spacing << 0x5))), function at exception vector 2 too large)

.vector_3       0x9fc01260        0x0
 *(.vector_3)
                0x00000001                ASSERT (((_vector_spacing == 0x0) || (SIZEOF (.vector_3) <= (_vector_spacing << 0x5))), function at exception vector 3 too large)

.vector_4       0x9fc01280        0x8
 *(.vector_4)
 .vector_4      0x9fc01280        0x8 build/HPS/production/_ext/1295770447/Tick.o
                0x00000001                ASSERT (((_vector_spacing == 0x0) || (SIZEOF (.vector_4) <= (_vector_spacing << 0x5))), function at exception vector 4 too large)

.vector_5       0x9fc012a0        0x0
 *(.vector_5)
                0x00000001                ASSERT (((_vector_spacing == 0x0) || (SIZEOF (.vector_5) <= (_vector_spacing << 0x5))), function at exception vector 5 too large)

.vector_6       0x9fc012c0        0x0
 *(.vector_6)
                0x00000001                ASSERT (((_vector_spacing == 0x0) || (SIZEOF (.vector_6) <= (_vector_spacing << 0x5))), function at exception vector 6 too large)

.vector_7       0x9fc012e0        0x0
 *(.vector_7)
                0x00000001                ASSERT (((_vector_spacing == 0x0) || (SIZEOF (.vector_7) <= (_vector_spacing << 0x5))), function at exception vector 7 too large)

.vector_8       0x9fc01300        0x0
 *(.vector_8)
                0x00000001                ASSERT (((_vector_spacing == 0x0) || (SIZEOF (.vector_8) <= (_vector_spacing << 0x5))), function at exception vector 8 too large)

.vector_9       0x9fc01320        0x0
 *(.vector_9)
                0x00000001                ASSERT (((_vector_spacing == 0x0) || (SIZEOF (.vector_9) <= (_vector_spacing << 0x5))), function at exception vector 9 too large)

.vector_10      0x9fc01340        0x0
 *(.vector_10)
                0x00000001                ASSERT (((_vector_spacing == 0x0) || (SIZEOF (.vector_10) <= (_vector_spacing << 0x5))), function at exception vector 10 too large)

.vector_11      0x9fc01360        0x0
 *(.vector_11)
                0x00000001                ASSERT (((_vector_spacing == 0x0) || (SIZEOF (.vector_11) <= (_vector_spacing << 0x5))), function at exception vector 11 too large)

.vector_12      0x9fc01380        0x0
 *(.vector_12)
                0x00000001                ASSERT (((_vector_spacing == 0x0) || (SIZEOF (.vector_12) <= (_vector_spacing << 0x5))), function at exception vector 12 too large)

.vector_13      0x9fc013a0        0x0
 *(.vector_13)
                0x00000001                ASSERT (((_vector_spacing == 0x0) || (SIZEOF (.vector_13) <= (_vector_spacing << 0x5))), function at exception vector 13 too large)

.vector_14      0x9fc013c0        0x0
 *(.vector_14)
                0x00000001                ASSERT (((_vector_spacing == 0x0) || (SIZEOF (.vector_14) <= (_vector_spacing << 0x5))), function at exception vector 14 too large)

.vector_15      0x9fc013e0        0x0
 *(.vector_15)
                0x00000001                ASSERT (((_vector_spacing == 0x0) || (SIZEOF (.vector_15) <= (_vector_spacing << 0x5))), function at exception vector 15 too large)

.vector_16      0x9fc01400        0x0
 *(.vector_16)
                0x00000001                ASSERT (((_vector_spacing == 0x0) || (SIZEOF (.vector_16) <= (_vector_spacing << 0x5))), function at exception vector 16 too large)

.vector_17      0x9fc01420        0x0
 *(.vector_17)
                0x00000001                ASSERT (((_vector_spacing == 0x0) || (SIZEOF (.vector_17) <= (_vector_spacing << 0x5))), function at exception vector 17 too large)

.vector_18      0x9fc01440        0x0
 *(.vector_18)
                0x00000001                ASSERT (((_vector_spacing == 0x0) || (SIZEOF (.vector_18) <= (_vector_spacing << 0x5))), function at exception vector 18 too large)

.vector_19      0x9fc01460        0x0
 *(.vector_19)
                0x00000001                ASSERT (((_vector_spacing == 0x0) || (SIZEOF (.vector_19) <= (_vector_spacing << 0x5))), function at exception vector 19 too large)

.vector_20      0x9fc01480        0x0
 *(.vector_20)
                0x00000001                ASSERT (((_vector_spacing == 0x0) || (SIZEOF (.vector_20) <= (_vector_spacing << 0x5))), function at exception vector 20 too large)

.vector_21      0x9fc014a0        0x0
 *(.vector_21)
                0x00000001                ASSERT (((_vector_spacing == 0x0) || (SIZEOF (.vector_21) <= (_vector_spacing << 0x5))), function at exception vector 21 too large)

.vector_22      0x9fc014c0        0x0
 *(.vector_22)
                0x00000001                ASSERT (((_vector_spacing == 0x0) || (SIZEOF (.vector_22) <= (_vector_spacing << 0x5))), function at exception vector 22 too large)

.vector_23      0x9fc014e0        0x0
 *(.vector_23)
                0x00000001                ASSERT (((_vector_spacing == 0x0) || (SIZEOF (.vector_23) <= (_vector_spacing << 0x5))), function at exception vector 23 too large)

.vector_24      0x9fc01500        0x0
 *(.vector_24)
                0x00000001                ASSERT (((_vector_spacing == 0x0) || (SIZEOF (.vector_24) <= (_vector_spacing << 0x5))), function at exception vector 24 too large)

.vector_25      0x9fc01520        0x0
 *(.vector_25)
                0x00000001                ASSERT (((_vector_spacing == 0x0) || (SIZEOF (.vector_25) <= (_vector_spacing << 0x5))), function at exception vector 25 too large)

.vector_26      0x9fc01540        0x0
 *(.vector_26)
                0x00000001                ASSERT (((_vector_spacing == 0x0) || (SIZEOF (.vector_26) <= (_vector_spacing << 0x5))), function at exception vector 26 too large)

.vector_27      0x9fc01560        0x0
 *(.vector_27)
                0x00000001                ASSERT (((_vector_spacing == 0x0) || (SIZEOF (.vector_27) <= (_vector_spacing << 0x5))), function at exception vector 27 too large)

.vector_28      0x9fc01580        0x0
 *(.vector_28)
                0x00000001                ASSERT (((_vector_spacing == 0x0) || (SIZEOF (.vector_28) <= (_vector_spacing << 0x5))), function at exception vector 28 too large)

.vector_29      0x9fc015a0        0x0
 *(.vector_29)
                0x00000001                ASSERT (((_vector_spacing == 0x0) || (SIZEOF (.vector_29) <= (_vector_spacing << 0x5))), function at exception vector 29 too large)

.vector_30      0x9fc015c0        0x0
 *(.vector_30)
                0x00000001                ASSERT (((_vector_spacing == 0x0) || (SIZEOF (.vector_30) <= (_vector_spacing << 0x5))), function at exception vector 30 too large)

.vector_31      0x9fc015e0        0x0
 *(.vector_31)
                0x00000001                ASSERT (((_vector_spacing == 0x0) || (SIZEOF (.vector_31) <= (_vector_spacing << 0x5))), function at exception vector 31 too large)

.vector_32      0x9fc01600        0x0
 *(.vector_32)
                0x00000001                ASSERT (((_vector_spacing == 0x0) || (SIZEOF (.vector_32) <= (_vector_spacing << 0x5))), function at exception vector 32 too large)

.vector_33      0x9fc01620        0x0
 *(.vector_33)
                0x00000001                ASSERT (((_vector_spacing == 0x0) || (SIZEOF (.vector_33) <= (_vector_spacing << 0x5))), function at exception vector 33 too large)

.vector_34      0x9fc01640        0x0
 *(.vector_34)
                0x00000001                ASSERT (((_vector_spacing == 0x0) || (SIZEOF (.vector_34) <= (_vector_spacing << 0x5))), function at exception vector 34 too large)

.vector_35      0x9fc01660        0x0
 *(.vector_35)
                0x00000001                ASSERT (((_vector_spacing == 0x0) || (SIZEOF (.vector_35) <= (_vector_spacing << 0x5))), function at exception vector 35 too large)

.vector_36      0x9fc01680        0x0
 *(.vector_36)
                0x00000001                ASSERT (((_vector_spacing == 0x0) || (SIZEOF (.vector_36) <= (_vector_spacing << 0x5))), function at exception vector 36 too large)

.vector_37      0x9fc016a0        0x0
 *(.vector_37)
                0x00000001                ASSERT (((_vector_spacing == 0x0) || (SIZEOF (.vector_37) <= (_vector_spacing << 0x5))), function at exception vector 37 too large)

.vector_38      0x9fc016c0        0x0
 *(.vector_38)
                0x00000001                ASSERT (((_vector_spacing == 0x0) || (SIZEOF (.vector_38) <= (_vector_spacing << 0x5))), function at exception vector 38 too large)

.vector_39      0x9fc016e0        0x0
 *(.vector_39)
                0x00000001                ASSERT (((_vector_spacing == 0x0) || (SIZEOF (.vector_39) <= (_vector_spacing << 0x5))), function at exception vector 39 too large)

.vector_40      0x9fc01700        0x0
 *(.vector_40)
                0x00000001                ASSERT (((_vector_spacing == 0x0) || (SIZEOF (.vector_40) <= (_vector_spacing << 0x5))), function at exception vector 40 too large)

.vector_41      0x9fc01720        0x0
 *(.vector_41)
                0x00000001                ASSERT (((_vector_spacing == 0x0) || (SIZEOF (.vector_41) <= (_vector_spacing << 0x5))), function at exception vector 41 too large)

.vector_42      0x9fc01740        0x0
 *(.vector_42)
                0x00000001                ASSERT (((_vector_spacing == 0x0) || (SIZEOF (.vector_42) <= (_vector_spacing << 0x5))), function at exception vector 42 too large)

.vector_43      0x9fc01760        0x0
 *(.vector_43)
                0x00000001                ASSERT (((_vector_spacing == 0x0) || (SIZEOF (.vector_43) <= (_vector_spacing << 0x5))), function at exception vector 43 too large)

.vector_44      0x9fc01780        0x0
 *(.vector_44)
                0x00000001                ASSERT (((_vector_spacing == 0x0) || (SIZEOF (.vector_44) <= (_vector_spacing << 0x5))), function at exception vector 44 too large)

.vector_45      0x9fc017a0        0x0
 *(.vector_45)
                0x00000001                ASSERT (((_vector_spacing == 0x0) || (SIZEOF (.vector_45) <= (_vector_spacing << 0x5))), function at exception vector 45 too large)

.vector_46      0x9fc017c0        0x0
 *(.vector_46)
                0x00000001                ASSERT (((_vector_spacing == 0x0) || (SIZEOF (.vector_46) <= (_vector_spacing << 0x5))), function at exception vector 46 too large)

.vector_47      0x9fc017e0        0x0
 *(.vector_47)
                0x00000001                ASSERT (((_vector_spacing == 0x0) || (SIZEOF (.vector_47) <= (_vector_spacing << 0x5))), function at exception vector 47 too large)

.vector_48      0x9fc01800        0x0
 *(.vector_48)
                0x00000001                ASSERT (((_vector_spacing == 0x0) || (SIZEOF (.vector_48) <= (_vector_spacing << 0x5))), function at exception vector 48 too large)

.vector_49      0x9fc01820        0x0
 *(.vector_49)
                0x00000001                ASSERT (((_vector_spacing == 0x0) || (SIZEOF (.vector_49) <= (_vector_spacing << 0x5))), function at exception vector 49 too large)

.vector_50      0x9fc01840        0x0
 *(.vector_50)
                0x00000001                ASSERT (((_vector_spacing == 0x0) || (SIZEOF (.vector_50) <= (_vector_spacing << 0x5))), function at exception vector 50 too large)

.vector_51      0x9fc01860        0x0
 *(.vector_51)
                0x00000001                ASSERT (((_vector_spacing == 0x0) || (SIZEOF (.vector_51) <= (_vector_spacing << 0x5))), function at exception vector 51 too large)

.vector_52      0x9fc01880        0x0
 *(.vector_52)
                0x00000001                ASSERT (((_vector_spacing == 0x0) || (SIZEOF (.vector_52) <= (_vector_spacing << 0x5))), function at exception vector 52 too large)

.vector_53      0x9fc018a0        0x0
 *(.vector_53)
                0x00000001                ASSERT (((_vector_spacing == 0x0) || (SIZEOF (.vector_53) <= (_vector_spacing << 0x5))), function at exception vector 53 too large)

.vector_54      0x9fc018c0        0x0
 *(.vector_54)
                0x00000001                ASSERT (((_vector_spacing == 0x0) || (SIZEOF (.vector_54) <= (_vector_spacing << 0x5))), function at exception vector 54 too large)

.vector_55      0x9fc018e0        0x0
 *(.vector_55)
                0x00000001                ASSERT (((_vector_spacing == 0x0) || (SIZEOF (.vector_55) <= (_vector_spacing << 0x5))), function at exception vector 55 too large)

.vector_56      0x9fc01900        0x0
 *(.vector_56)
                0x00000001                ASSERT (((_vector_spacing == 0x0) || (SIZEOF (.vector_56) <= (_vector_spacing << 0x5))), function at exception vector 56 too large)

.vector_57      0x9fc01920        0x0
 *(.vector_57)
                0x00000001                ASSERT (((_vector_spacing == 0x0) || (SIZEOF (.vector_57) <= (_vector_spacing << 0x5))), function at exception vector 57 too large)

.vector_58      0x9fc01940        0x0
 *(.vector_58)
                0x00000001                ASSERT (((_vector_spacing == 0x0) || (SIZEOF (.vector_58) <= (_vector_spacing << 0x5))), function at exception vector 58 too large)

.vector_59      0x9fc01960        0x0
 *(.vector_59)
                0x00000001                ASSERT (((_vector_spacing == 0x0) || (SIZEOF (.vector_59) <= (_vector_spacing << 0x5))), function at exception vector 59 too large)

.vector_60      0x9fc01980        0x0
 *(.vector_60)
                0x00000001                ASSERT (((_vector_spacing == 0x0) || (SIZEOF (.vector_60) <= (_vector_spacing << 0x5))), function at exception vector 60 too large)

.vector_61      0x9fc019a0        0x0
 *(.vector_61)
                0x00000001                ASSERT (((_vector_spacing == 0x0) || (SIZEOF (.vector_61) <= (_vector_spacing << 0x5))), function at exception vector 61 too large)

.vector_62      0x9fc019c0        0x0
 *(.vector_62)
                0x00000001                ASSERT (((_vector_spacing == 0x0) || (SIZEOF (.vector_62) <= (_vector_spacing << 0x5))), function at exception vector 62 too large)

.vector_63      0x9fc019e0        0x0
 *(.vector_63)
                0x00000001                ASSERT (((_vector_spacing == 0x0) || (SIZEOF (.vector_63) <= (_vector_spacing << 0x5))), function at exception vector 63 too large)

.startup
 *(.startup)

.text
 *(.stub .gnu.linkonce.t.*)
 *(.text.*personality*)
 *(.mips16.fn.*)
 *(.mips16.call.*)
 *(.gnu.warning)

.rodata         0x9d000000        0x0
 *(.rodata.* .gnu.linkonce.r.*)
 *(.rodata1)
                0x9d000000                . = ALIGN (0x4)

.sdata2         0x9fc00490        0x0
 *(.sdata2 .sdata2.* .gnu.linkonce.s2.*)
                0x9fc00490                . = ALIGN (0x4)

.sbss2          0x9fc00490        0x0
 *(.sbss2 .sbss2.* .gnu.linkonce.sb2.*)
                0x9fc00490                . = ALIGN (0x4)

.eh_frame_hdr
 *(.eh_frame_hdr)

.eh_frame
 *(.eh_frame)

.dbg_data       0xa0000000        0x0
                0xa0000000                . = (. + DEFINED (_DEBUGGER)?0x200:0x0)

.persist        0xa0000000        0x0
                0xa0000000                _persist_begin = .
 *(.persist .persist.*)
                0xa0000000                . = ALIGN (0x4)
                0xa0000000                _persist_end = .

.eh_frame       0xa0000000       0x3c
 *(.eh_frame)
 .eh_frame      0xa0000000       0x28 /opt/microchip/mplabc32/v2.02/bin/../lib/gcc/pic32mx/4.5.1/libgcc.a(_udivdi3.o)
 .eh_frame      0xa0000028       0x14 /opt/microchip/mplabc32/v2.02/bin/../lib/gcc/pic32mx/4.5.1/libgcc.a(_umoddi3.o)
                                 0x28 (size before relaxing)
                0xa000003c                . = .
                0xa0008030                _gp = (ALIGN (0x10) + 0x7ff0)

.got
 *(.got.plt)
 *(.got)

.sdata          0xa000003c       0x10
                0xa000003c                _sdata_begin = .
 *(.sdata .sdata.* .gnu.linkonce.s.*)
 .sdata         0xa000003c        0x2 build/HPS/production/_ext/1295770447/TCP.o
 .sdata         0xa000003e        0x2 build/HPS/production/_ext/1295770447/UDP.o
 .sdata         0xa0000040        0x2 build/HPS/production/_ext/1295770447/BerkeleyAPI.o
 .sdata         0xa0000042        0x1 build/HPS/production/_ext/1472/MainDemo.o
 .sdata         0xa0000043        0x1 build/HPS/production/_ext/1472/MyTFTP.o
                0xa0000043                smDOWNLOAD
 .sdata         0xa0000044        0x4 /opt/microchip/mplabc32/v2.02/bin/../lib/gcc/pic32mx/4.5.1/../../../../pic32mx/lib/libc.a(_iob.o)
                0xa0000044                _Files
 .sdata         0xa0000048        0x4 /opt/microchip/mplabc32/v2.02/bin/../lib/gcc/pic32mx/4.5.1/../../../../pic32mx/lib/libc.a(c32_uart.o)
                0xa0000048                __C32_UART
                0xa000004c                _sdata_end = .

.lit8
 *(.lit8)

.lit4
 *(.lit4)
                0xa000004c                . = ALIGN (0x4)
                0xa000004c                _data_end = .
                0xa000004c                _bss_begin = .

.sbss           0xa000004c      0x124
                0xa000004c                _sbss_begin = .
 *(.dynsbss)
 *(.sbss .sbss.* .gnu.linkonce.sb.*)
 .sbss          0xa000004c        0x8 build/HPS/production/_ext/1472/PingDemo.o
 .sbss          0xa0000054        0x8 build/HPS/production/_ext/1472/BerkeleyUDPClientDemo.o
 .sbss          0xa000005c        0xc build/HPS/production/_ext/1472/BerkeleyTCPServerDemo.o
 .sbss          0xa0000068        0xc build/HPS/production/_ext/1295770447/Announce.o
 .sbss          0xa0000074        0x8 build/HPS/production/_ext/1295770447/ARP.o
 .sbss          0xa000007c        0x4 build/HPS/production/_ext/1295770447/DHCP.o
                0xa000007c                DHCPClientInitializedOnce
 .sbss          0xa0000080       0x10 build/HPS/production/_ext/1295770447/ICMP.o
 .sbss          0xa0000090        0x4 build/HPS/production/_ext/1295770447/IP.o
 .sbss          0xa0000094        0x8 build/HPS/production/_ext/1295770447/StackTsk.o
 .sbss          0xa000009c        0x2 build/HPS/production/_ext/1295770447/TCP.o
 *fill*         0xa000009e        0x2 00
 .sbss          0xa00000a0       0x10 build/HPS/production/_ext/1295770447/TFTPc.o
 .sbss          0xa00000b0        0xc build/HPS/production/_ext/1295770447/Tick.o
 .sbss          0xa00000bc        0x8 build/HPS/production/_ext/1295770447/UDP.o
 .sbss          0xa00000c4        0x4 build/HPS/production/_ext/1295770447/BerkeleyAPI.o
 .sbss          0xa00000c8       0x40 build/HPS/production/_ext/1295770447/ETHPIC32IntMac.o
                0xa00000f4                _stackMgrRxOkPkts
                0xa00000f8                _stackMgrRxBadPkts
                0xa00000fc                _stackMgrInGetHdr
                0xa0000100                _stackMgrRxDiscarded
                0xa0000104                _stackMgrTxNotReady
 .sbss          0xa0000108       0x10 build/HPS/production/_ext/1472/MainDemo.o
                0xa000010c                nData
 .sbss          0xa0000118        0xc build/HPS/production/_ext/1472/MyTFTP.o
 .sbss          0xa0000124        0x8 /opt/microchip/mplabc32/v2.02/bin/../lib/gcc/pic32mx/4.5.1/../../../../pic32mx/lib/libc.a(sbrk.o)
                0xa0000124                _minbrk
                0xa0000128                _maxbrk
 .sbss          0xa000012c        0x4 /opt/microchip/mplabc32/v2.02/bin/../lib/gcc/pic32mx/4.5.1/../../../../pic32mx/lib/libc.a(errno.o)
                0xa000012c                errno
 .sbss          0xa0000130        0x1 /opt/microchip/mplabc32/v2.02/bin/../lib/gcc/pic32mx/4.5.1/../../../../pic32mx/lib/libc.a(_iob.o)
                0xa0000130                _outdone
 *fill*         0xa0000131        0x3 00
 .sbss          0xa0000134       0x20 /opt/microchip/mplabc32/v2.02/bin/../lib/gcc/pic32mx/4.5.1/../../../../pic32mx/lib/libmchp_peripheral_32MX795F512L.a(eth_descriptors_add_lib.o)
                0xa0000134                _EthTxFreeList
                0xa000013c                _EthTxBusyList
                0xa0000144                _EthRxFreeList
                0xa000014c                _EthRxBusyList
 *(.scommon)
 .scommon       0xa0000154        0x3 build/HPS/production/_ext/1295770447/TFTPc.o
                0xa0000154                _tftpError
                0xa0000156                _tftpSocket
 *fill*         0xa0000157        0x1 00
 .scommon       0xa0000158        0x6 build/HPS/production/_ext/1295770447/UDP.o
                0xa0000158                activeUDPSocket
                0xa000015a                UDPTxCount
                0xa000015c                UDPRxCount
 *fill*         0xa000015e        0x2 00
 .scommon       0xa0000160        0x4 build/HPS/production/_ext/1295770447/ETHPIC32ExtPhy.o
                0xa0000160                _PhyAdd
 .scommon       0xa0000164        0xc build/HPS/production/_ext/1472/MainDemo.o
                0xa0000164                AN0String
                0xa000016c                MyLedMonitor
                0xa0000170                _sbss_end = .

.bss            0xa0000170      0x4cc
 *(.dynbss)
 *(COMMON)
 COMMON         0xa0000170        0xa build/HPS/production/_ext/1295770447/StackTsk.o
                0xa0000170                remoteNode
 *fill*         0xa000017a        0x2 00
 COMMON         0xa000017c       0x8c build/HPS/production/_ext/1295770447/UDP.o
                0xa000017c                UDPSocketInfo
 COMMON         0xa0000208      0x433 build/HPS/production/_ext/1472/MainDemo.o
                0xa0000208                CurSettings
                0xa0000408                FirmSettings
                0xa0000608                AppConfig
                0xa000063c                . = ALIGN (0x4)
 *fill*         0xa000063b        0x1 00
                0xa000063c                . = ALIGN (0x4)
                0xa000063c                _end = .
                0xa000063c                _bss_end = .
                0x00020000                _bmxdudba_address = 0x20000
                0x00020000                _bmxdupba_address = 0x20000

/DISCARD/
 *(.pdr)
 *(.reginfo)
 *(.rel.dyn)
 *(.note.GNU-stack)
 *(.note.GNU-stack)
 *(.gnu_debuglink)
 *(.gnu.lto_*)
 *(.discard)

.stab
 *(.stab)

.stabstr
 *(.stabstr)

.stab.excl
 *(.stab.excl)

.stab.exclstr
 *(.stab.exclstr)

.stab.index
 *(.stab.index)

.stab.indexstr
 *(.stab.indexstr)

.comment        0x00000000      0x2e4
 *(.comment)
 .comment       0x00000000       0x51 build/HPS/production/_ext/1472/UARTConfig.o
                                 0x52 (size before relaxing)
 .comment       0x00000000       0x52 build/HPS/production/_ext/1472/GenericTCPClient.o
 .comment       0x00000000       0x52 build/HPS/production/_ext/1472/GenericTCPServer.o
 .comment       0x00000000       0x52 build/HPS/production/_ext/1472/LegacyHTTPApp.o
 .comment       0x00000000       0x52 build/HPS/production/_ext/1472/PingDemo.o
 .comment       0x00000000       0x52 build/HPS/production/_ext/1472/SMTPDemo.o
 .comment       0x00000000       0x52 build/HPS/production/_ext/1472/BerkeleyUDPClientDemo.o
 .comment       0x00000000       0x52 build/HPS/production/_ext/1472/BerkeleyTCPClientDemo.o
 .comment       0x00000000       0x52 build/HPS/production/_ext/1472/BerkeleyTCPServerDemo.o
 .comment       0x00000000       0x52 build/HPS/production/_ext/1295770447/UDPPerformanceTest.o
 .comment       0x00000000       0x52 build/HPS/production/_ext/1295770447/Announce.o
 .comment       0x00000000       0x52 build/HPS/production/_ext/1295770447/ARP.o
 .comment       0x00000000       0x52 build/HPS/production/_ext/1295770447/Delay.o
 .comment       0x00000000       0x52 build/HPS/production/_ext/1295770447/DHCP.o
 .comment       0x00000000       0x52 build/HPS/production/_ext/1295770447/DHCPs.o
 .comment       0x00000000       0x52 build/HPS/production/_ext/1295770447/DNS.o
 .comment       0x00000000       0x52 build/HPS/production/_ext/1295770447/DynDNS.o
 .comment       0x00000000       0x52 build/HPS/production/_ext/1295770447/ENC28J60.o
 .comment       0x00000000       0x52 build/HPS/production/_ext/1295770447/FTP.o
 .comment       0x00000000       0x52 build/HPS/production/_ext/1295770447/Hashes.o
 .comment       0x00000000       0x52 build/HPS/production/_ext/1295770447/Helpers.o
 .comment       0x00000000       0x52 build/HPS/production/_ext/1295770447/HTTP2.o
 .comment       0x00000000       0x52 build/HPS/production/_ext/1295770447/HTTP.o
 .comment       0x00000000       0x52 build/HPS/production/_ext/1295770447/ICMP.o
 .comment       0x00000000       0x52 build/HPS/production/_ext/1295770447/IP.o
 .comment       0x00000000       0x52 build/HPS/production/_ext/1295770447/LCDBlocking.o
 .comment       0x00000000       0x52 build/HPS/production/_ext/1295770447/MPFS2.o
 .comment       0x00000000       0x52 build/HPS/production/_ext/1295770447/MPFS.o
 .comment       0x00000000       0x52 build/HPS/production/_ext/1295770447/NBNS.o
 .comment       0x00000000       0x52 build/HPS/production/_ext/1295770447/Reboot.o
 .comment       0x00000000       0x52 build/HPS/production/_ext/1295770447/SMTP.o
 .comment       0x00000000       0x52 build/HPS/production/_ext/1295770447/SNMP.o
 .comment       0x00000000       0x52 build/HPS/production/_ext/1295770447/SNTP.o
 .comment       0x00000000       0x52 build/HPS/production/_ext/1295770447/SPIEEPROM.o
 .comment       0x00000000       0x52 build/HPS/production/_ext/1295770447/SPIFlash.o
 .comment       0x00000000       0x52 build/HPS/production/_ext/1295770447/SPIRAM.o
 .comment       0x00000000       0x52 build/HPS/production/_ext/1295770447/StackTsk.o
 .comment       0x00000000       0x52 build/HPS/production/_ext/1295770447/TCP.o
 .comment       0x00000000       0x52 build/HPS/production/_ext/1295770447/TCPPerformanceTest.o
 .comment       0x00000000       0x52 build/HPS/production/_ext/1295770447/Telnet.o
 .comment       0x00000000       0x52 build/HPS/production/_ext/1295770447/TFTPc.o
 .comment       0x00000000       0x52 build/HPS/production/_ext/1295770447/Tick.o
 .comment       0x00000000       0x52 build/HPS/production/_ext/1295770447/UART2TCPBridge.o
 .comment       0x00000000       0x52 build/HPS/production/_ext/1295770447/UART.o
 .comment       0x00000000       0x52 build/HPS/production/_ext/1295770447/UDP.o
 .comment       0x00000000       0x52 build/HPS/production/_ext/1295770447/BerkeleyAPI.o
 .comment       0x00000000       0x52 build/HPS/production/_ext/1295770447/ENCX24J600.o
 .comment       0x00000000       0x52 build/HPS/production/_ext/1472/MPFSImg2.o
 .comment       0x00000000       0x52 build/HPS/production/_ext/1295770447/Random.o
 .comment       0x00000000       0x52 build/HPS/production/_ext/1295770447/RSA.o
 .comment       0x00000000       0x52 build/HPS/production/_ext/1295770447/SSL.o
 .comment       0x00000000       0x52 build/HPS/production/_ext/1295770447/ARCFOUR.o
 .comment       0x00000000       0x52 build/HPS/production/_ext/1295770447/BigInt.o
 .comment       0x00000000       0x52 build/HPS/production/_ext/1295770447/AutoIP.o
 .comment       0x00000000       0x52 build/HPS/production/_ext/1295770447/ETHPIC32IntMac.o
 .comment       0x00000000       0x52 build/HPS/production/_ext/1295770447/ETHPIC32ExtPhy.o
 .comment       0x00000000       0x52 build/HPS/production/_ext/1295770447/ETHPIC32ExtPhyDP83848.o
 .comment       0x00000000       0x52 build/HPS/production/_ext/1295770447/DNSs.o
 .comment       0x00000000       0x52 build/HPS/production/_ext/1295770447/CAN2TCPBridge.o
 .comment       0x00000000       0x52 build/HPS/production/_ext/1472/MainDemo.o
 .comment       0x00000000       0x52 build/HPS/production/_ext/1472/CustomHTTPApp.o
 .comment       0x00000000       0x52 build/HPS/production/_ext/1472/CustomSNMPApp.o
 .comment       0x00000000       0x52 build/HPS/production/_ext/1472/CustomSSLCert.o
 .comment       0x00000000       0x52 build/HPS/production/_ext/1472/i2c_support.o
 .comment       0x00000000       0x52 build/HPS/production/_ext/1472/led_monitor.o
 .comment       0x00000000       0x52 build/HPS/production/_ext/1472/MyTFTP.o
 .comment       0x00000000       0x52 build/HPS/production/_ext/1472/Settings.o
 .comment       0x00000000       0x52 /opt/microchip/mplabc32/v2.02/bin/../lib/gcc/pic32mx/4.5.1/libgcc.a(_udivdi3.o)
 .comment       0x00000051       0x55 /opt/microchip/mplabc32/v2.02/bin/../lib/gcc/pic32mx/4.5.1/../../../../pic32mx/lib/libc.a(memcmp.o)
                                 0x56 (size before relaxing)
 .comment       0x000000a6       0x55 /opt/microchip/mplabc32/v2.02/bin/../lib/gcc/pic32mx/4.5.1/../../../../pic32mx/lib/libc.a(memset.o)
                                 0x56 (size before relaxing)
 .comment       0x000000fb       0x55 /opt/microchip/mplabc32/v2.02/bin/../lib/gcc/pic32mx/4.5.1/../../../../pic32mx/lib/libc.a(strcmp.o)
                                 0x56 (size before relaxing)
 .comment       0x00000150       0x55 /opt/microchip/mplabc32/v2.02/bin/../lib/gcc/pic32mx/4.5.1/../../../../pic32mx/lib/libc.a(strcpy.o)
                                 0x56 (size before relaxing)
 .comment       0x000001a5       0x55 /opt/microchip/mplabc32/v2.02/bin/../lib/gcc/pic32mx/4.5.1/../../../../pic32mx/lib/libc.a(strlen.o)
                                 0x56 (size before relaxing)
 .comment       0x00000000       0x52 /opt/microchip/mplabc32/v2.02/bin/../lib/gcc/pic32mx/4.5.1/../../../../pic32mx/lib/libc.a(atoi.o)
 .comment       0x000001fa       0x4e /opt/microchip/mplabc32/v2.02/bin/../lib/gcc/pic32mx/4.5.1/../../../../pic32mx/lib/libc.a(ctype.o)
                                 0xa0 (size before relaxing)
 .comment       0x00000000       0x52 /opt/microchip/mplabc32/v2.02/bin/../lib/gcc/pic32mx/4.5.1/../../../../pic32mx/lib/libc.a(malloc.o)
 .comment       0x00000000       0x52 /opt/microchip/mplabc32/v2.02/bin/../lib/gcc/pic32mx/4.5.1/../../../../pic32mx/lib/libc.a(rand.o)
 .comment       0x00000000       0x52 /opt/microchip/mplabc32/v2.02/bin/../lib/gcc/pic32mx/4.5.1/../../../../pic32mx/lib/libc.a(strtok.o)
 .comment       0x00000000       0x52 /opt/microchip/mplabc32/v2.02/bin/../lib/gcc/pic32mx/4.5.1/../../../../pic32mx/lib/libc.a(sprintf_cdnopsuxX.eo)
 .comment       0x00000248       0x4b /opt/microchip/mplabc32/v2.02/bin/../lib/gcc/pic32mx/4.5.1/../../../../pic32mx/lib/libc.a(sbrk.o)
                                 0x9d (size before relaxing)
 .comment       0x00000000       0x52 /opt/microchip/mplabc32/v2.02/bin/../lib/gcc/pic32mx/4.5.1/../../../../pic32mx/lib/libc.a(default-bootstrap-exception-handler.o)
 .comment       0x00000000       0x52 /opt/microchip/mplabc32/v2.02/bin/../lib/gcc/pic32mx/4.5.1/../../../../pic32mx/lib/libc.a(default-on-reset.o)
 .comment       0x00000000       0x52 /opt/microchip/mplabc32/v2.02/bin/../lib/gcc/pic32mx/4.5.1/../../../../pic32mx/lib/libc.a(default-on-bootstrap.o)
 .comment       0x00000000       0x52 /opt/microchip/mplabc32/v2.02/bin/../lib/gcc/pic32mx/4.5.1/../../../../pic32mx/lib/libc.a(errno.o)
 .comment       0x00000000       0x52 /opt/microchip/mplabc32/v2.02/bin/../lib/gcc/pic32mx/4.5.1/../../../../pic32mx/lib/libc.a(strcspn.o)
 .comment       0x00000000       0x52 /opt/microchip/mplabc32/v2.02/bin/../lib/gcc/pic32mx/4.5.1/../../../../pic32mx/lib/libc.a(strspn.o)
 .comment       0x00000000       0x52 /opt/microchip/mplabc32/v2.02/bin/../lib/gcc/pic32mx/4.5.1/../../../../pic32mx/lib/libc.a(doprnt_cdnopsuxX.eo)
 .comment       0x00000000       0x52 /opt/microchip/mplabc32/v2.02/bin/../lib/gcc/pic32mx/4.5.1/../../../../pic32mx/lib/libc.a(_fputc_simple.o)
 .comment       0x00000000       0x52 /opt/microchip/mplabc32/v2.02/bin/../lib/gcc/pic32mx/4.5.1/../../../../pic32mx/lib/libc.a(strchr.o)
 .comment       0x00000000       0x52 /opt/microchip/mplabc32/v2.02/bin/../lib/gcc/pic32mx/4.5.1/../../../../pic32mx/lib/libc.a(write.o)
 .comment       0x00000000       0x52 /opt/microchip/mplabc32/v2.02/bin/../lib/gcc/pic32mx/4.5.1/../../../../pic32mx/lib/libc.a(_iob.o)
 .comment       0x00000000       0x52 /opt/microchip/mplabc32/v2.02/bin/../lib/gcc/pic32mx/4.5.1/../../../../pic32mx/lib/libc.a(_flsbuf_simple.o)
 .comment       0x00000000       0x52 /opt/microchip/mplabc32/v2.02/bin/../lib/gcc/pic32mx/4.5.1/../../../../pic32mx/lib/libc.a(_mon_putc.o)
 .comment       0x00000000       0x52 /opt/microchip/mplabc32/v2.02/bin/../lib/gcc/pic32mx/4.5.1/../../../../pic32mx/lib/libc.a(c32_uart.o)
 .comment       0x00000293       0x51 /opt/microchip/mplabc32/v2.02/bin/../lib/gcc/pic32mx/4.5.1/../../../../pic32mx/lib/libmchp_peripheral.a(read_core_timer_lib.o)
                                 0x52 (size before relaxing)
 .comment       0x00000000       0x52 /opt/microchip/mplabc32/v2.02/bin/../lib/gcc/pic32mx/4.5.1/../../../../pic32mx/lib/libmchp_peripheral_32MX795F512L.a(eth_ack_packet_lib.o)
 .comment       0x00000000       0x52 /opt/microchip/mplabc32/v2.02/bin/../lib/gcc/pic32mx/4.5.1/../../../../pic32mx/lib/libmchp_peripheral_32MX795F512L.a(eth_descriptors_add_lib.o)
 .comment       0x00000000       0x52 /opt/microchip/mplabc32/v2.02/bin/../lib/gcc/pic32mx/4.5.1/../../../../pic32mx/lib/libmchp_peripheral_32MX795F512L.a(eth_init_lib.o)
 .comment       0x00000000       0x52 /opt/microchip/mplabc32/v2.02/bin/../lib/gcc/pic32mx/4.5.1/../../../../pic32mx/lib/libmchp_peripheral_32MX795F512L.a(eth_mac_open_lib.o)
 .comment       0x00000000       0x52 /opt/microchip/mplabc32/v2.02/bin/../lib/gcc/pic32mx/4.5.1/../../../../pic32mx/lib/libmchp_peripheral_32MX795F512L.a(eth_mac_set_address_max_lib.o)
 .comment       0x00000000       0x52 /opt/microchip/mplabc32/v2.02/bin/../lib/gcc/pic32mx/4.5.1/../../../../pic32mx/lib/libmchp_peripheral_32MX795F512L.a(eth_rx_buffers_append_lib.o)
 .comment       0x00000000       0x52 /opt/microchip/mplabc32/v2.02/bin/../lib/gcc/pic32mx/4.5.1/../../../../pic32mx/lib/libmchp_peripheral_32MX795F512L.a(eth_rx_filters_lib.o)
 .comment       0x00000000       0x52 /opt/microchip/mplabc32/v2.02/bin/../lib/gcc/pic32mx/4.5.1/../../../../pic32mx/lib/libmchp_peripheral_32MX795F512L.a(eth_rx_get_packet_lib.o)
 .comment       0x00000000       0x52 /opt/microchip/mplabc32/v2.02/bin/../lib/gcc/pic32mx/4.5.1/../../../../pic32mx/lib/libmchp_peripheral_32MX795F512L.a(eth_rx_set_buffer_size_lib.o)
 .comment       0x00000000       0x52 /opt/microchip/mplabc32/v2.02/bin/../lib/gcc/pic32mx/4.5.1/../../../../pic32mx/lib/libmchp_peripheral_32MX795F512L.a(eth_tx_packet_lib.o)
 .comment       0x00000000       0x52 /opt/microchip/mplabc32/v2.02/bin/../lib/gcc/pic32mx/4.5.1/../../../../pic32mx/lib/libmchp_peripheral_32MX795F512L.a(_eth_append_busy_list_lib.o)
 .comment       0x00000000       0x52 /opt/microchip/mplabc32/v2.02/bin/../lib/gcc/pic32mx/4.5.1/../../../../pic32mx/lib/libmchp_peripheral_32MX795F512L.a(eth_miim_access.o)
 .comment       0x00000000       0x52 /opt/microchip/mplabc32/v2.02/bin/../lib/gcc/pic32mx/4.5.1/../../../../pic32mx/lib/libmchp_peripheral_32MX795F512L.a(eth_miim_legacy.o)
 .comment       0x00000000       0x52 /opt/microchip/mplabc32/v2.02/bin/../lib/gcc/pic32mx/4.5.1/../../../../pic32mx/lib/libmchp_peripheral_32MX795F512L.a(soft_reset_lib.o)
 .comment       0x00000000       0x52 /opt/microchip/mplabc32/v2.02/bin/../lib/gcc/pic32mx/4.5.1/../../../../pic32mx/lib/libmchp_peripheral_32MX795F512L.a(pcache.o)
 .comment       0x00000000       0x52 /opt/microchip/mplabc32/v2.02/bin/../lib/gcc/pic32mx/4.5.1/../../../../pic32mx/lib/libmchp_peripheral_32MX795F512L.a(int_disable_interrupts_lib.o)
 .comment       0x00000000       0x52 /opt/microchip/mplabc32/v2.02/bin/../lib/gcc/pic32mx/4.5.1/../../../../pic32mx/lib/libmchp_peripheral_32MX795F512L.a(int_restore_interrupts_lib.o)
 .comment       0x00000000       0x52 /opt/microchip/mplabc32/v2.02/bin/../lib/gcc/pic32mx/4.5.1/../../../../pic32mx/lib/libmchp_peripheral_32MX795F512L.a(int_enable_mv_int_lib.o)
 .comment       0x00000000       0x52 /opt/microchip/mplabc32/v2.02/bin/../lib/gcc/pic32mx/4.5.1/../../../../pic32mx/lib/libmchp_peripheral_32MX795F512L.a(int_tbl_lib.o)
 .comment       0x00000000       0x52 /opt/microchip/mplabc32/v2.02/bin/../lib/gcc/pic32mx/4.5.1/../../../../pic32mx/lib/libmchp_peripheral_32MX795F512L.a(nvm_erase_page_lib.o)
 .comment       0x00000000       0x52 /opt/microchip/mplabc32/v2.02/bin/../lib/gcc/pic32mx/4.5.1/../../../../pic32mx/lib/libmchp_peripheral_32MX795F512L.a(nvm_operation_lib.o)
 .comment       0x00000000       0x52 /opt/microchip/mplabc32/v2.02/bin/../lib/gcc/pic32mx/4.5.1/../../../../pic32mx/lib/libmchp_peripheral_32MX795F512L.a(nvm_write_row_lib.o)
 .comment       0x00000000       0x52 /opt/microchip/mplabc32/v2.02/bin/../lib/gcc/pic32mx/4.5.1/../../../../pic32mx/lib/libmchp_peripheral_32MX795F512L.a(port_set_pins_digital_in_lib.o)
 .comment       0x00000000       0x52 /opt/microchip/mplabc32/v2.02/bin/../lib/gcc/pic32mx/4.5.1/../../../../pic32mx/lib/libmchp_peripheral_32MX795F512L.a(port_set_pins_digital_out_lib.o)
 .comment       0x00000000       0x52 /opt/microchip/mplabc32/v2.02/bin/../lib/gcc/pic32mx/4.5.1/../../../../pic32mx/lib/libmchp_peripheral_32MX795F512L.a(_ports_tbl_libp.o)
 .comment       0x00000000       0x52 /opt/microchip/mplabc32/v2.02/bin/../lib/gcc/pic32mx/4.5.1/../../../../pic32mx/lib/libmchp_peripheral_32MX795F512L.a(I2CAcknowledgeByte.o)
 .comment       0x00000000       0x52 /opt/microchip/mplabc32/v2.02/bin/../lib/gcc/pic32mx/4.5.1/../../../../pic32mx/lib/libmchp_peripheral_32MX795F512L.a(I2CBusIsIdle.o)
 .comment       0x00000000       0x52 /opt/microchip/mplabc32/v2.02/bin/../lib/gcc/pic32mx/4.5.1/../../../../pic32mx/lib/libmchp_peripheral_32MX795F512L.a(I2CByteWasAcknowledged.o)
 .comment       0x00000000       0x52 /opt/microchip/mplabc32/v2.02/bin/../lib/gcc/pic32mx/4.5.1/../../../../pic32mx/lib/libmchp_peripheral_32MX795F512L.a(I2CClearStatus.o)
 .comment       0x00000000       0x52 /opt/microchip/mplabc32/v2.02/bin/../lib/gcc/pic32mx/4.5.1/../../../../pic32mx/lib/libmchp_peripheral_32MX795F512L.a(I2CConfigure.o)
 .comment       0x00000000       0x52 /opt/microchip/mplabc32/v2.02/bin/../lib/gcc/pic32mx/4.5.1/../../../../pic32mx/lib/libmchp_peripheral_32MX795F512L.a(I2CEnable.o)
 .comment       0x00000000       0x52 /opt/microchip/mplabc32/v2.02/bin/../lib/gcc/pic32mx/4.5.1/../../../../pic32mx/lib/libmchp_peripheral_32MX795F512L.a(I2CGetByte.o)
 .comment       0x00000000       0x52 /opt/microchip/mplabc32/v2.02/bin/../lib/gcc/pic32mx/4.5.1/../../../../pic32mx/lib/libmchp_peripheral_32MX795F512L.a(I2CGetStatus.o)
 .comment       0x00000000       0x52 /opt/microchip/mplabc32/v2.02/bin/../lib/gcc/pic32mx/4.5.1/../../../../pic32mx/lib/libmchp_peripheral_32MX795F512L.a(I2CReceivedDataIsAvailable.o)
 .comment       0x00000000       0x52 /opt/microchip/mplabc32/v2.02/bin/../lib/gcc/pic32mx/4.5.1/../../../../pic32mx/lib/libmchp_peripheral_32MX795F512L.a(I2CReceiverEnable.o)
 .comment       0x00000000       0x52 /opt/microchip/mplabc32/v2.02/bin/../lib/gcc/pic32mx/4.5.1/../../../../pic32mx/lib/libmchp_peripheral_32MX795F512L.a(I2CRepeatStart.o)
 .comment       0x00000000       0x52 /opt/microchip/mplabc32/v2.02/bin/../lib/gcc/pic32mx/4.5.1/../../../../pic32mx/lib/libmchp_peripheral_32MX795F512L.a(I2CSendByte.o)
 .comment       0x00000000       0x52 /opt/microchip/mplabc32/v2.02/bin/../lib/gcc/pic32mx/4.5.1/../../../../pic32mx/lib/libmchp_peripheral_32MX795F512L.a(I2CSetFrequency.o)
 .comment       0x00000000       0x52 /opt/microchip/mplabc32/v2.02/bin/../lib/gcc/pic32mx/4.5.1/../../../../pic32mx/lib/libmchp_peripheral_32MX795F512L.a(I2CStart.o)
 .comment       0x00000000       0x52 /opt/microchip/mplabc32/v2.02/bin/../lib/gcc/pic32mx/4.5.1/../../../../pic32mx/lib/libmchp_peripheral_32MX795F512L.a(I2CStop.o)
 .comment       0x00000000       0x52 /opt/microchip/mplabc32/v2.02/bin/../lib/gcc/pic32mx/4.5.1/../../../../pic32mx/lib/libmchp_peripheral_32MX795F512L.a(I2CTransmissionHasCompleted.o)
 .comment       0x00000000       0x52 /opt/microchip/mplabc32/v2.02/bin/../lib/gcc/pic32mx/4.5.1/../../../../pic32mx/lib/libmchp_peripheral_32MX795F512L.a(I2CTransmitterIsReady.o)
 .comment       0x00000000       0x52 /opt/microchip/mplabc32/v2.02/bin/../lib/gcc/pic32mx/4.5.1/../../../../pic32mx/lib/libmchp_peripheral_32MX795F512L.a(int_enable_interrupts_lib.o)
 .comment       0x00000000       0x52 /opt/microchip/mplabc32/v2.02/bin/../lib/gcc/pic32mx/4.5.1/../../../../pic32mx/lib/libmchp_peripheral_32MX795F512L.a(I2CPrivate.o)
 .comment       0x00000000       0x52 /opt/microchip/mplabc32/v2.02/bin/../lib/gcc/pic32mx/4.5.1/../../../../pic32mx/lib/libc.a(calloc.o)
 .comment       0x00000000       0x52 /opt/microchip/mplabc32/v2.02/bin/../lib/gcc/pic32mx/4.5.1/libgcc.a(_umoddi3.o)

.debug
 *(.debug)

.line
 *(.line)

.debug_srcinfo
 *(.debug_srcinfo)

.debug_sfnames
 *(.debug_sfnames)

.debug_aranges  0x00000000      0xc68
 *(.debug_aranges)
 .debug_aranges
                0x00000000       0x20 build/HPS/production/_ext/1472/PingDemo.o
 .debug_aranges
                0x00000020       0x20 build/HPS/production/_ext/1472/BerkeleyUDPClientDemo.o
 .debug_aranges
                0x00000040       0x20 build/HPS/production/_ext/1472/BerkeleyTCPClientDemo.o
 .debug_aranges
                0x00000060       0x20 build/HPS/production/_ext/1472/BerkeleyTCPServerDemo.o
 .debug_aranges
                0x00000080       0x20 build/HPS/production/_ext/1295770447/Announce.o
 .debug_aranges
                0x000000a0       0x20 build/HPS/production/_ext/1295770447/ARP.o
 .debug_aranges
                0x000000c0       0x20 build/HPS/production/_ext/1295770447/Delay.o
 .debug_aranges
                0x000000e0       0x20 build/HPS/production/_ext/1295770447/DHCP.o
 .debug_aranges
                0x00000100       0x20 build/HPS/production/_ext/1295770447/Helpers.o
 .debug_aranges
                0x00000120       0x20 build/HPS/production/_ext/1295770447/ICMP.o
 .debug_aranges
                0x00000140       0x20 build/HPS/production/_ext/1295770447/IP.o
 .debug_aranges
                0x00000160       0x20 build/HPS/production/_ext/1295770447/StackTsk.o
 .debug_aranges
                0x00000180       0x20 build/HPS/production/_ext/1295770447/TCP.o
 .debug_aranges
                0x000001a0       0x20 build/HPS/production/_ext/1295770447/TFTPc.o
 .debug_aranges
                0x000001c0       0x20 build/HPS/production/_ext/1295770447/Tick.o
 .debug_aranges
                0x000001e0       0x20 build/HPS/production/_ext/1295770447/UDP.o
 .debug_aranges
                0x00000200       0x20 build/HPS/production/_ext/1295770447/BerkeleyAPI.o
 .debug_aranges
                0x00000220       0x20 build/HPS/production/_ext/1295770447/ETHPIC32IntMac.o
 .debug_aranges
                0x00000240       0x20 build/HPS/production/_ext/1295770447/ETHPIC32ExtPhy.o
 .debug_aranges
                0x00000260       0x20 build/HPS/production/_ext/1295770447/ETHPIC32ExtPhyDP83848.o
 .debug_aranges
                0x00000280       0x20 build/HPS/production/_ext/1472/MainDemo.o
 .debug_aranges
                0x000002a0       0x20 build/HPS/production/_ext/1472/i2c_support.o
 .debug_aranges
                0x000002c0       0x20 build/HPS/production/_ext/1472/led_monitor.o
 .debug_aranges
                0x000002e0       0x20 build/HPS/production/_ext/1472/MyTFTP.o
 .debug_aranges
                0x00000300       0x20 build/HPS/production/_ext/1472/Settings.o
 .debug_aranges
                0x00000320       0x20 /opt/microchip/mplabc32/v2.02/bin/../lib/gcc/pic32mx/4.5.1/libgcc.a(_udivdi3.o)
 .debug_aranges
                0x00000340       0x20 /opt/microchip/mplabc32/v2.02/bin/../lib/gcc/pic32mx/4.5.1/../../../../pic32mx/lib/libc.a(atoi.o)
 .debug_aranges
                0x00000360       0x30 /opt/microchip/mplabc32/v2.02/bin/../lib/gcc/pic32mx/4.5.1/../../../../pic32mx/lib/libc.a(malloc.o)
 .debug_aranges
                0x00000390       0x28 /opt/microchip/mplabc32/v2.02/bin/../lib/gcc/pic32mx/4.5.1/../../../../pic32mx/lib/libc.a(rand.o)
 .debug_aranges
                0x000003b8       0x20 /opt/microchip/mplabc32/v2.02/bin/../lib/gcc/pic32mx/4.5.1/../../../../pic32mx/lib/libc.a(strtok.o)
 .debug_aranges
                0x000003d8       0x20 /opt/microchip/mplabc32/v2.02/bin/../lib/gcc/pic32mx/4.5.1/../../../../pic32mx/lib/libc.a(sprintf_cdnopsuxX.eo)
 .debug_aranges
                0x000003f8       0x40 /opt/microchip/mplabc32/v2.02/bin/../lib/gcc/pic32mx/4.5.1/../../../../pic32mx/lib/libc.a(sbrk.o)
 .debug_aranges
                0x00000438       0x20 /opt/microchip/mplabc32/v2.02/bin/../lib/gcc/pic32mx/4.5.1/../../../../pic32mx/lib/libc.a(default-bootstrap-exception-handler.o)
 .debug_aranges
                0x00000458       0x20 /opt/microchip/mplabc32/v2.02/bin/../lib/gcc/pic32mx/4.5.1/../../../../pic32mx/lib/libc.a(default-on-reset.o)
 .debug_aranges
                0x00000478       0x20 /opt/microchip/mplabc32/v2.02/bin/../lib/gcc/pic32mx/4.5.1/../../../../pic32mx/lib/libc.a(default-on-bootstrap.o)
 .debug_aranges
                0x00000498       0x20 /opt/microchip/mplabc32/v2.02/bin/../lib/gcc/pic32mx/4.5.1/../../../../pic32mx/lib/libc.a(strcspn.o)
 .debug_aranges
                0x000004b8       0x20 /opt/microchip/mplabc32/v2.02/bin/../lib/gcc/pic32mx/4.5.1/../../../../pic32mx/lib/libc.a(strspn.o)
 .debug_aranges
                0x000004d8       0x20 /opt/microchip/mplabc32/v2.02/bin/../lib/gcc/pic32mx/4.5.1/../../../../pic32mx/lib/libc.a(doprnt_cdnopsuxX.eo)
 .debug_aranges
                0x000004f8       0x20 /opt/microchip/mplabc32/v2.02/bin/../lib/gcc/pic32mx/4.5.1/../../../../pic32mx/lib/libc.a(_fputc_simple.o)
 .debug_aranges
                0x00000518       0x20 /opt/microchip/mplabc32/v2.02/bin/../lib/gcc/pic32mx/4.5.1/../../../../pic32mx/lib/libc.a(strchr.o)
 .debug_aranges
                0x00000538       0x20 /opt/microchip/mplabc32/v2.02/bin/../lib/gcc/pic32mx/4.5.1/../../../../pic32mx/lib/libc.a(write.o)
 .debug_aranges
                0x00000558       0x20 /opt/microchip/mplabc32/v2.02/bin/../lib/gcc/pic32mx/4.5.1/../../../../pic32mx/lib/libc.a(_flsbuf_simple.o)
 .debug_aranges
                0x00000578       0x20 /opt/microchip/mplabc32/v2.02/bin/../lib/gcc/pic32mx/4.5.1/../../../../pic32mx/lib/libc.a(_mon_putc.o)
 .debug_aranges
                0x00000598       0x20 /opt/microchip/mplabc32/v2.02/bin/../lib/gcc/pic32mx/4.5.1/../../../../pic32mx/lib/libmchp_peripheral.a(read_core_timer_lib.o)
 .debug_aranges
                0x000005b8       0x48 /opt/microchip/mplabc32/v2.02/bin/../lib/gcc/pic32mx/4.5.1/../../../../pic32mx/lib/libmchp_peripheral_32MX795F512L.a(eth_ack_packet_lib.o)
 .debug_aranges
                0x00000600       0x28 /opt/microchip/mplabc32/v2.02/bin/../lib/gcc/pic32mx/4.5.1/../../../../pic32mx/lib/libmchp_peripheral_32MX795F512L.a(eth_descriptors_add_lib.o)
 .debug_aranges
                0x00000628       0x20 /opt/microchip/mplabc32/v2.02/bin/../lib/gcc/pic32mx/4.5.1/../../../../pic32mx/lib/libmchp_peripheral_32MX795F512L.a(eth_init_lib.o)
 .debug_aranges
                0x00000648       0x20 /opt/microchip/mplabc32/v2.02/bin/../lib/gcc/pic32mx/4.5.1/../../../../pic32mx/lib/libmchp_peripheral_32MX795F512L.a(eth_mac_open_lib.o)
 .debug_aranges
                0x00000668       0x30 /opt/microchip/mplabc32/v2.02/bin/../lib/gcc/pic32mx/4.5.1/../../../../pic32mx/lib/libmchp_peripheral_32MX795F512L.a(eth_mac_set_address_max_lib.o)
 .debug_aranges
                0x00000698       0x20 /opt/microchip/mplabc32/v2.02/bin/../lib/gcc/pic32mx/4.5.1/../../../../pic32mx/lib/libmchp_peripheral_32MX795F512L.a(eth_rx_buffers_append_lib.o)
 .debug_aranges
                0x000006b8       0x48 /opt/microchip/mplabc32/v2.02/bin/../lib/gcc/pic32mx/4.5.1/../../../../pic32mx/lib/libmchp_peripheral_32MX795F512L.a(eth_rx_filters_lib.o)
 .debug_aranges
                0x00000700       0x28 /opt/microchip/mplabc32/v2.02/bin/../lib/gcc/pic32mx/4.5.1/../../../../pic32mx/lib/libmchp_peripheral_32MX795F512L.a(eth_rx_get_packet_lib.o)
 .debug_aranges
                0x00000728       0x20 /opt/microchip/mplabc32/v2.02/bin/../lib/gcc/pic32mx/4.5.1/../../../../pic32mx/lib/libmchp_peripheral_32MX795F512L.a(eth_rx_set_buffer_size_lib.o)
 .debug_aranges
                0x00000748       0x48 /opt/microchip/mplabc32/v2.02/bin/../lib/gcc/pic32mx/4.5.1/../../../../pic32mx/lib/libmchp_peripheral_32MX795F512L.a(eth_tx_packet_lib.o)
 .debug_aranges
                0x00000790       0x20 /opt/microchip/mplabc32/v2.02/bin/../lib/gcc/pic32mx/4.5.1/../../../../pic32mx/lib/libmchp_peripheral_32MX795F512L.a(_eth_append_busy_list_lib.o)
 .debug_aranges
                0x000007b0       0x48 /opt/microchip/mplabc32/v2.02/bin/../lib/gcc/pic32mx/4.5.1/../../../../pic32mx/lib/libmchp_peripheral_32MX795F512L.a(eth_miim_access.o)
 .debug_aranges
                0x000007f8       0x48 /opt/microchip/mplabc32/v2.02/bin/../lib/gcc/pic32mx/4.5.1/../../../../pic32mx/lib/libmchp_peripheral_32MX795F512L.a(eth_miim_legacy.o)
 .debug_aranges
                0x00000840       0x20 /opt/microchip/mplabc32/v2.02/bin/../lib/gcc/pic32mx/4.5.1/../../../../pic32mx/lib/libmchp_peripheral_32MX795F512L.a(soft_reset_lib.o)
 .debug_aranges
                0x00000860       0x28 /opt/microchip/mplabc32/v2.02/bin/../lib/gcc/pic32mx/4.5.1/../../../../pic32mx/lib/libmchp_peripheral_32MX795F512L.a(pcache.o)
 .debug_aranges
                0x00000888       0x20 /opt/microchip/mplabc32/v2.02/bin/../lib/gcc/pic32mx/4.5.1/../../../../pic32mx/lib/libmchp_peripheral_32MX795F512L.a(int_disable_interrupts_lib.o)
 .debug_aranges
                0x000008a8       0x20 /opt/microchip/mplabc32/v2.02/bin/../lib/gcc/pic32mx/4.5.1/../../../../pic32mx/lib/libmchp_peripheral_32MX795F512L.a(int_restore_interrupts_lib.o)
 .debug_aranges
                0x000008c8       0x20 /opt/microchip/mplabc32/v2.02/bin/../lib/gcc/pic32mx/4.5.1/../../../../pic32mx/lib/libmchp_peripheral_32MX795F512L.a(int_enable_mv_int_lib.o)
 .debug_aranges
                0x000008e8       0x60 /opt/microchip/mplabc32/v2.02/bin/../lib/gcc/pic32mx/4.5.1/../../../../pic32mx/lib/libmchp_peripheral_32MX795F512L.a(int_tbl_lib.o)
 .debug_aranges
                0x00000948       0x20 /opt/microchip/mplabc32/v2.02/bin/../lib/gcc/pic32mx/4.5.1/../../../../pic32mx/lib/libmchp_peripheral_32MX795F512L.a(nvm_erase_page_lib.o)
 .debug_aranges
                0x00000968       0x20 /opt/microchip/mplabc32/v2.02/bin/../lib/gcc/pic32mx/4.5.1/../../../../pic32mx/lib/libmchp_peripheral_32MX795F512L.a(nvm_operation_lib.o)
 .debug_aranges
                0x00000988       0x20 /opt/microchip/mplabc32/v2.02/bin/../lib/gcc/pic32mx/4.5.1/../../../../pic32mx/lib/libmchp_peripheral_32MX795F512L.a(nvm_write_row_lib.o)
 .debug_aranges
                0x000009a8       0x20 /opt/microchip/mplabc32/v2.02/bin/../lib/gcc/pic32mx/4.5.1/../../../../pic32mx/lib/libmchp_peripheral_32MX795F512L.a(port_set_pins_digital_in_lib.o)
 .debug_aranges
                0x000009c8       0x20 /opt/microchip/mplabc32/v2.02/bin/../lib/gcc/pic32mx/4.5.1/../../../../pic32mx/lib/libmchp_peripheral_32MX795F512L.a(port_set_pins_digital_out_lib.o)
 .debug_aranges
                0x000009e8       0x20 /opt/microchip/mplabc32/v2.02/bin/../lib/gcc/pic32mx/4.5.1/../../../../pic32mx/lib/libmchp_peripheral_32MX795F512L.a(I2CAcknowledgeByte.o)
 .debug_aranges
                0x00000a08       0x20 /opt/microchip/mplabc32/v2.02/bin/../lib/gcc/pic32mx/4.5.1/../../../../pic32mx/lib/libmchp_peripheral_32MX795F512L.a(I2CBusIsIdle.o)
 .debug_aranges
                0x00000a28       0x20 /opt/microchip/mplabc32/v2.02/bin/../lib/gcc/pic32mx/4.5.1/../../../../pic32mx/lib/libmchp_peripheral_32MX795F512L.a(I2CByteWasAcknowledged.o)
 .debug_aranges
                0x00000a48       0x20 /opt/microchip/mplabc32/v2.02/bin/../lib/gcc/pic32mx/4.5.1/../../../../pic32mx/lib/libmchp_peripheral_32MX795F512L.a(I2CClearStatus.o)
 .debug_aranges
                0x00000a68       0x20 /opt/microchip/mplabc32/v2.02/bin/../lib/gcc/pic32mx/4.5.1/../../../../pic32mx/lib/libmchp_peripheral_32MX795F512L.a(I2CConfigure.o)
 .debug_aranges
                0x00000a88       0x20 /opt/microchip/mplabc32/v2.02/bin/../lib/gcc/pic32mx/4.5.1/../../../../pic32mx/lib/libmchp_peripheral_32MX795F512L.a(I2CEnable.o)
 .debug_aranges
                0x00000aa8       0x20 /opt/microchip/mplabc32/v2.02/bin/../lib/gcc/pic32mx/4.5.1/../../../../pic32mx/lib/libmchp_peripheral_32MX795F512L.a(I2CGetByte.o)
 .debug_aranges
                0x00000ac8       0x20 /opt/microchip/mplabc32/v2.02/bin/../lib/gcc/pic32mx/4.5.1/../../../../pic32mx/lib/libmchp_peripheral_32MX795F512L.a(I2CGetStatus.o)
 .debug_aranges
                0x00000ae8       0x20 /opt/microchip/mplabc32/v2.02/bin/../lib/gcc/pic32mx/4.5.1/../../../../pic32mx/lib/libmchp_peripheral_32MX795F512L.a(I2CReceivedDataIsAvailable.o)
 .debug_aranges
                0x00000b08       0x20 /opt/microchip/mplabc32/v2.02/bin/../lib/gcc/pic32mx/4.5.1/../../../../pic32mx/lib/libmchp_peripheral_32MX795F512L.a(I2CReceiverEnable.o)
 .debug_aranges
                0x00000b28       0x20 /opt/microchip/mplabc32/v2.02/bin/../lib/gcc/pic32mx/4.5.1/../../../../pic32mx/lib/libmchp_peripheral_32MX795F512L.a(I2CRepeatStart.o)
 .debug_aranges
                0x00000b48       0x20 /opt/microchip/mplabc32/v2.02/bin/../lib/gcc/pic32mx/4.5.1/../../../../pic32mx/lib/libmchp_peripheral_32MX795F512L.a(I2CSendByte.o)
 .debug_aranges
                0x00000b68       0x20 /opt/microchip/mplabc32/v2.02/bin/../lib/gcc/pic32mx/4.5.1/../../../../pic32mx/lib/libmchp_peripheral_32MX795F512L.a(I2CSetFrequency.o)
 .debug_aranges
                0x00000b88       0x20 /opt/microchip/mplabc32/v2.02/bin/../lib/gcc/pic32mx/4.5.1/../../../../pic32mx/lib/libmchp_peripheral_32MX795F512L.a(I2CStart.o)
 .debug_aranges
                0x00000ba8       0x20 /opt/microchip/mplabc32/v2.02/bin/../lib/gcc/pic32mx/4.5.1/../../../../pic32mx/lib/libmchp_peripheral_32MX795F512L.a(I2CStop.o)
 .debug_aranges
                0x00000bc8       0x20 /opt/microchip/mplabc32/v2.02/bin/../lib/gcc/pic32mx/4.5.1/../../../../pic32mx/lib/libmchp_peripheral_32MX795F512L.a(I2CTransmissionHasCompleted.o)
 .debug_aranges
                0x00000be8       0x20 /opt/microchip/mplabc32/v2.02/bin/../lib/gcc/pic32mx/4.5.1/../../../../pic32mx/lib/libmchp_peripheral_32MX795F512L.a(I2CTransmitterIsReady.o)
 .debug_aranges
                0x00000c08       0x20 /opt/microchip/mplabc32/v2.02/bin/../lib/gcc/pic32mx/4.5.1/../../../../pic32mx/lib/libmchp_peripheral_32MX795F512L.a(int_enable_interrupts_lib.o)
 .debug_aranges
                0x00000c28       0x20 /opt/microchip/mplabc32/v2.02/bin/../lib/gcc/pic32mx/4.5.1/../../../../pic32mx/lib/libc.a(calloc.o)
 .debug_aranges
                0x00000c48       0x20 /opt/microchip/mplabc32/v2.02/bin/../lib/gcc/pic32mx/4.5.1/libgcc.a(_umoddi3.o)

.debug_pubnames
                0x00000000     0x1cd0
 *(.debug_pubnames)
 .debug_pubnames
                0x00000000       0x1f build/HPS/production/_ext/1472/PingDemo.o
 .debug_pubnames
                0x0000001f       0x4a build/HPS/production/_ext/1472/BerkeleyUDPClientDemo.o
 .debug_pubnames
                0x00000069       0x2c build/HPS/production/_ext/1472/BerkeleyTCPClientDemo.o
 .debug_pubnames
                0x00000095       0x2c build/HPS/production/_ext/1472/BerkeleyTCPServerDemo.o
 .debug_pubnames
                0x000000c1       0x33 build/HPS/production/_ext/1295770447/Announce.o
 .debug_pubnames
                0x000000f4       0x72 build/HPS/production/_ext/1295770447/ARP.o
 .debug_pubnames
                0x00000166       0x2c build/HPS/production/_ext/1295770447/Delay.o
 .debug_pubnames
                0x00000192       0xb9 build/HPS/production/_ext/1295770447/DHCP.o
 .debug_pubnames
                0x0000024b       0xf8 build/HPS/production/_ext/1295770447/Helpers.o
 .debug_pubnames
                0x00000343       0x68 build/HPS/production/_ext/1295770447/ICMP.o
 .debug_pubnames
                0x000003ab       0x44 build/HPS/production/_ext/1295770447/IP.o
 .debug_pubnames
                0x000003ef       0x53 build/HPS/production/_ext/1295770447/StackTsk.o
 .debug_pubnames
                0x00000442      0x1ba build/HPS/production/_ext/1295770447/TCP.o
 .debug_pubnames
                0x000005fc       0xda build/HPS/production/_ext/1295770447/TFTPc.o
 .debug_pubnames
                0x000006d6       0x7e build/HPS/production/_ext/1295770447/Tick.o
 .debug_pubnames
                0x00000754      0x143 build/HPS/production/_ext/1295770447/UDP.o
 .debug_pubnames
                0x00000897       0xa9 build/HPS/production/_ext/1295770447/BerkeleyAPI.o
 .debug_pubnames
                0x00000940      0x213 build/HPS/production/_ext/1295770447/ETHPIC32IntMac.o
 .debug_pubnames
                0x00000b53       0xf5 build/HPS/production/_ext/1295770447/ETHPIC32ExtPhy.o
 .debug_pubnames
                0x00000c48       0x6b build/HPS/production/_ext/1295770447/ETHPIC32ExtPhyDP83848.o
 .debug_pubnames
                0x00000cb3       0xa0 build/HPS/production/_ext/1472/MainDemo.o
 .debug_pubnames
                0x00000d53       0xdc build/HPS/production/_ext/1472/i2c_support.o
 .debug_pubnames
                0x00000e2f      0x1a1 build/HPS/production/_ext/1472/led_monitor.o
 .debug_pubnames
                0x00000fd0       0x32 build/HPS/production/_ext/1472/MyTFTP.o
 .debug_pubnames
                0x00001002       0x8e build/HPS/production/_ext/1472/Settings.o
 .debug_pubnames
                0x00001090       0x20 /opt/microchip/mplabc32/v2.02/bin/../lib/gcc/pic32mx/4.5.1/libgcc.a(_udivdi3.o)
 .debug_pubnames
                0x000010b0       0x1b /opt/microchip/mplabc32/v2.02/bin/../lib/gcc/pic32mx/4.5.1/../../../../pic32mx/lib/libc.a(atoi.o)
 .debug_pubnames
                0x000010cb       0x32 /opt/microchip/mplabc32/v2.02/bin/../lib/gcc/pic32mx/4.5.1/../../../../pic32mx/lib/libc.a(malloc.o)
 .debug_pubnames
                0x000010fd       0x25 /opt/microchip/mplabc32/v2.02/bin/../lib/gcc/pic32mx/4.5.1/../../../../pic32mx/lib/libc.a(rand.o)
 .debug_pubnames
                0x00001122       0x1d /opt/microchip/mplabc32/v2.02/bin/../lib/gcc/pic32mx/4.5.1/../../../../pic32mx/lib/libc.a(strtok.o)
 .debug_pubnames
                0x0000113f       0x29 /opt/microchip/mplabc32/v2.02/bin/../lib/gcc/pic32mx/4.5.1/../../../../pic32mx/lib/libc.a(sprintf_cdnopsuxX.eo)
 .debug_pubnames
                0x00001168       0x5c /opt/microchip/mplabc32/v2.02/bin/../lib/gcc/pic32mx/4.5.1/../../../../pic32mx/lib/libc.a(sbrk.o)
 .debug_pubnames
                0x000011c4       0x33 /opt/microchip/mplabc32/v2.02/bin/../lib/gcc/pic32mx/4.5.1/../../../../pic32mx/lib/libc.a(default-bootstrap-exception-handler.o)
 .debug_pubnames
                0x000011f7       0x20 /opt/microchip/mplabc32/v2.02/bin/../lib/gcc/pic32mx/4.5.1/../../../../pic32mx/lib/libc.a(default-on-reset.o)
 .debug_pubnames
                0x00001217       0x24 /opt/microchip/mplabc32/v2.02/bin/../lib/gcc/pic32mx/4.5.1/../../../../pic32mx/lib/libc.a(default-on-bootstrap.o)
 .debug_pubnames
                0x0000123b       0x1e /opt/microchip/mplabc32/v2.02/bin/../lib/gcc/pic32mx/4.5.1/../../../../pic32mx/lib/libc.a(strcspn.o)
 .debug_pubnames
                0x00001259       0x1d /opt/microchip/mplabc32/v2.02/bin/../lib/gcc/pic32mx/4.5.1/../../../../pic32mx/lib/libc.a(strspn.o)
 .debug_pubnames
                0x00001276       0x2a /opt/microchip/mplabc32/v2.02/bin/../lib/gcc/pic32mx/4.5.1/../../../../pic32mx/lib/libc.a(doprnt_cdnopsuxX.eo)
 .debug_pubnames
                0x000012a0       0x1c /opt/microchip/mplabc32/v2.02/bin/../lib/gcc/pic32mx/4.5.1/../../../../pic32mx/lib/libc.a(_fputc_simple.o)
 .debug_pubnames
                0x000012bc       0x1d /opt/microchip/mplabc32/v2.02/bin/../lib/gcc/pic32mx/4.5.1/../../../../pic32mx/lib/libc.a(strchr.o)
 .debug_pubnames
                0x000012d9       0x1c /opt/microchip/mplabc32/v2.02/bin/../lib/gcc/pic32mx/4.5.1/../../../../pic32mx/lib/libc.a(write.o)
 .debug_pubnames
                0x000012f5       0x1e /opt/microchip/mplabc32/v2.02/bin/../lib/gcc/pic32mx/4.5.1/../../../../pic32mx/lib/libc.a(_flsbuf_simple.o)
 .debug_pubnames
                0x00001313       0x20 /opt/microchip/mplabc32/v2.02/bin/../lib/gcc/pic32mx/4.5.1/../../../../pic32mx/lib/libc.a(_mon_putc.o)
 .debug_pubnames
                0x00001333       0x24 /opt/microchip/mplabc32/v2.02/bin/../lib/gcc/pic32mx/4.5.1/../../../../pic32mx/lib/libmchp_peripheral.a(read_core_timer_lib.o)
 .debug_pubnames
                0x00001357       0x80 /opt/microchip/mplabc32/v2.02/bin/../lib/gcc/pic32mx/4.5.1/../../../../pic32mx/lib/libmchp_peripheral_32MX795F512L.a(eth_ack_packet_lib.o)
 .debug_pubnames
                0x000013d7       0x42 /opt/microchip/mplabc32/v2.02/bin/../lib/gcc/pic32mx/4.5.1/../../../../pic32mx/lib/libmchp_peripheral_32MX795F512L.a(eth_descriptors_add_lib.o)
 .debug_pubnames
                0x00001419       0x1e /opt/microchip/mplabc32/v2.02/bin/../lib/gcc/pic32mx/4.5.1/../../../../pic32mx/lib/libmchp_peripheral_32MX795F512L.a(eth_init_lib.o)
 .debug_pubnames
                0x00001437       0x21 /opt/microchip/mplabc32/v2.02/bin/../lib/gcc/pic32mx/4.5.1/../../../../pic32mx/lib/libmchp_peripheral_32MX795F512L.a(eth_mac_open_lib.o)
 .debug_pubnames
                0x00001458       0x52 /opt/microchip/mplabc32/v2.02/bin/../lib/gcc/pic32mx/4.5.1/../../../../pic32mx/lib/libmchp_peripheral_32MX795F512L.a(eth_mac_set_address_max_lib.o)
 .debug_pubnames
                0x000014aa       0x29 /opt/microchip/mplabc32/v2.02/bin/../lib/gcc/pic32mx/4.5.1/../../../../pic32mx/lib/libmchp_peripheral_32MX795F512L.a(eth_rx_buffers_append_lib.o)
 .debug_pubnames
                0x000014d3       0x92 /opt/microchip/mplabc32/v2.02/bin/../lib/gcc/pic32mx/4.5.1/../../../../pic32mx/lib/libmchp_peripheral_32MX795F512L.a(eth_rx_filters_lib.o)
 .debug_pubnames
                0x00001565       0x38 /opt/microchip/mplabc32/v2.02/bin/../lib/gcc/pic32mx/4.5.1/../../../../pic32mx/lib/libmchp_peripheral_32MX795F512L.a(eth_rx_get_packet_lib.o)
 .debug_pubnames
                0x0000159d       0x29 /opt/microchip/mplabc32/v2.02/bin/../lib/gcc/pic32mx/4.5.1/../../../../pic32mx/lib/libmchp_peripheral_32MX795F512L.a(eth_rx_set_buffer_size_lib.o)
 .debug_pubnames
                0x000015c6       0x66 /opt/microchip/mplabc32/v2.02/bin/../lib/gcc/pic32mx/4.5.1/../../../../pic32mx/lib/libmchp_peripheral_32MX795F512L.a(eth_tx_packet_lib.o)
 .debug_pubnames
                0x0000162c       0x29 /opt/microchip/mplabc32/v2.02/bin/../lib/gcc/pic32mx/4.5.1/../../../../pic32mx/lib/libmchp_peripheral_32MX795F512L.a(_eth_append_busy_list_lib.o)
 .debug_pubnames
                0x00001655       0x90 /opt/microchip/mplabc32/v2.02/bin/../lib/gcc/pic32mx/4.5.1/../../../../pic32mx/lib/libmchp_peripheral_32MX795F512L.a(eth_miim_access.o)
 .debug_pubnames
                0x000016e5       0x8d /opt/microchip/mplabc32/v2.02/bin/../lib/gcc/pic32mx/4.5.1/../../../../pic32mx/lib/libmchp_peripheral_32MX795F512L.a(eth_miim_legacy.o)
 .debug_pubnames
                0x00001772       0x20 /opt/microchip/mplabc32/v2.02/bin/../lib/gcc/pic32mx/4.5.1/../../../../pic32mx/lib/libmchp_peripheral_32MX795F512L.a(soft_reset_lib.o)
 .debug_pubnames
                0x00001792       0x3b /opt/microchip/mplabc32/v2.02/bin/../lib/gcc/pic32mx/4.5.1/../../../../pic32mx/lib/libmchp_peripheral_32MX795F512L.a(pcache.o)
 .debug_pubnames
                0x000017cd       0x2b /opt/microchip/mplabc32/v2.02/bin/../lib/gcc/pic32mx/4.5.1/../../../../pic32mx/lib/libmchp_peripheral_32MX795F512L.a(int_disable_interrupts_lib.o)
 .debug_pubnames
                0x000017f8       0x2b /opt/microchip/mplabc32/v2.02/bin/../lib/gcc/pic32mx/4.5.1/../../../../pic32mx/lib/libmchp_peripheral_32MX795F512L.a(int_restore_interrupts_lib.o)
 .debug_pubnames
                0x00001823       0x36 /opt/microchip/mplabc32/v2.02/bin/../lib/gcc/pic32mx/4.5.1/../../../../pic32mx/lib/libmchp_peripheral_32MX795F512L.a(int_enable_mv_int_lib.o)
 .debug_pubnames
                0x00001859       0xca /opt/microchip/mplabc32/v2.02/bin/../lib/gcc/pic32mx/4.5.1/../../../../pic32mx/lib/libmchp_peripheral_32MX795F512L.a(int_tbl_lib.o)
 .debug_pubnames
                0x00001923       0x23 /opt/microchip/mplabc32/v2.02/bin/../lib/gcc/pic32mx/4.5.1/../../../../pic32mx/lib/libmchp_peripheral_32MX795F512L.a(nvm_erase_page_lib.o)
 .debug_pubnames
                0x00001946       0x24 /opt/microchip/mplabc32/v2.02/bin/../lib/gcc/pic32mx/4.5.1/../../../../pic32mx/lib/libmchp_peripheral_32MX795F512L.a(nvm_operation_lib.o)
 .debug_pubnames
                0x0000196a       0x22 /opt/microchip/mplabc32/v2.02/bin/../lib/gcc/pic32mx/4.5.1/../../../../pic32mx/lib/libmchp_peripheral_32MX795F512L.a(nvm_write_row_lib.o)
 .debug_pubnames
                0x0000198c       0x2b /opt/microchip/mplabc32/v2.02/bin/../lib/gcc/pic32mx/4.5.1/../../../../pic32mx/lib/libmchp_peripheral_32MX795F512L.a(port_set_pins_digital_in_lib.o)
 .debug_pubnames
                0x000019b7       0x2c /opt/microchip/mplabc32/v2.02/bin/../lib/gcc/pic32mx/4.5.1/../../../../pic32mx/lib/libmchp_peripheral_32MX795F512L.a(port_set_pins_digital_out_lib.o)
 .debug_pubnames
                0x000019e3       0x29 /opt/microchip/mplabc32/v2.02/bin/../lib/gcc/pic32mx/4.5.1/../../../../pic32mx/lib/libmchp_peripheral_32MX795F512L.a(I2CAcknowledgeByte.o)
 .debug_pubnames
                0x00001a0c       0x23 /opt/microchip/mplabc32/v2.02/bin/../lib/gcc/pic32mx/4.5.1/../../../../pic32mx/lib/libmchp_peripheral_32MX795F512L.a(I2CBusIsIdle.o)
 .debug_pubnames
                0x00001a2f       0x2d /opt/microchip/mplabc32/v2.02/bin/../lib/gcc/pic32mx/4.5.1/../../../../pic32mx/lib/libmchp_peripheral_32MX795F512L.a(I2CByteWasAcknowledged.o)
 .debug_pubnames
                0x00001a5c       0x25 /opt/microchip/mplabc32/v2.02/bin/../lib/gcc/pic32mx/4.5.1/../../../../pic32mx/lib/libmchp_peripheral_32MX795F512L.a(I2CClearStatus.o)
 .debug_pubnames
                0x00001a81       0x23 /opt/microchip/mplabc32/v2.02/bin/../lib/gcc/pic32mx/4.5.1/../../../../pic32mx/lib/libmchp_peripheral_32MX795F512L.a(I2CConfigure.o)
 .debug_pubnames
                0x00001aa4       0x20 /opt/microchip/mplabc32/v2.02/bin/../lib/gcc/pic32mx/4.5.1/../../../../pic32mx/lib/libmchp_peripheral_32MX795F512L.a(I2CEnable.o)
 .debug_pubnames
                0x00001ac4       0x21 /opt/microchip/mplabc32/v2.02/bin/../lib/gcc/pic32mx/4.5.1/../../../../pic32mx/lib/libmchp_peripheral_32MX795F512L.a(I2CGetByte.o)
 .debug_pubnames
                0x00001ae5       0x23 /opt/microchip/mplabc32/v2.02/bin/../lib/gcc/pic32mx/4.5.1/../../../../pic32mx/lib/libmchp_peripheral_32MX795F512L.a(I2CGetStatus.o)
 .debug_pubnames
                0x00001b08       0x31 /opt/microchip/mplabc32/v2.02/bin/../lib/gcc/pic32mx/4.5.1/../../../../pic32mx/lib/libmchp_peripheral_32MX795F512L.a(I2CReceivedDataIsAvailable.o)
 .debug_pubnames
                0x00001b39       0x28 /opt/microchip/mplabc32/v2.02/bin/../lib/gcc/pic32mx/4.5.1/../../../../pic32mx/lib/libmchp_peripheral_32MX795F512L.a(I2CReceiverEnable.o)
 .debug_pubnames
                0x00001b61       0x25 /opt/microchip/mplabc32/v2.02/bin/../lib/gcc/pic32mx/4.5.1/../../../../pic32mx/lib/libmchp_peripheral_32MX795F512L.a(I2CRepeatStart.o)
 .debug_pubnames
                0x00001b86       0x22 /opt/microchip/mplabc32/v2.02/bin/../lib/gcc/pic32mx/4.5.1/../../../../pic32mx/lib/libmchp_peripheral_32MX795F512L.a(I2CSendByte.o)
 .debug_pubnames
                0x00001ba8       0x26 /opt/microchip/mplabc32/v2.02/bin/../lib/gcc/pic32mx/4.5.1/../../../../pic32mx/lib/libmchp_peripheral_32MX795F512L.a(I2CSetFrequency.o)
 .debug_pubnames
                0x00001bce       0x1f /opt/microchip/mplabc32/v2.02/bin/../lib/gcc/pic32mx/4.5.1/../../../../pic32mx/lib/libmchp_peripheral_32MX795F512L.a(I2CStart.o)
 .debug_pubnames
                0x00001bed       0x1e /opt/microchip/mplabc32/v2.02/bin/../lib/gcc/pic32mx/4.5.1/../../../../pic32mx/lib/libmchp_peripheral_32MX795F512L.a(I2CStop.o)
 .debug_pubnames
                0x00001c0b       0x32 /opt/microchip/mplabc32/v2.02/bin/../lib/gcc/pic32mx/4.5.1/../../../../pic32mx/lib/libmchp_peripheral_32MX795F512L.a(I2CTransmissionHasCompleted.o)
 .debug_pubnames
                0x00001c3d       0x2c /opt/microchip/mplabc32/v2.02/bin/../lib/gcc/pic32mx/4.5.1/../../../../pic32mx/lib/libmchp_peripheral_32MX795F512L.a(I2CTransmitterIsReady.o)
 .debug_pubnames
                0x00001c69       0x2a /opt/microchip/mplabc32/v2.02/bin/../lib/gcc/pic32mx/4.5.1/../../../../pic32mx/lib/libmchp_peripheral_32MX795F512L.a(int_enable_interrupts_lib.o)
 .debug_pubnames
                0x00001c93       0x1d /opt/microchip/mplabc32/v2.02/bin/../lib/gcc/pic32mx/4.5.1/../../../../pic32mx/lib/libc.a(calloc.o)
 .debug_pubnames
                0x00001cb0       0x20 /opt/microchip/mplabc32/v2.02/bin/../lib/gcc/pic32mx/4.5.1/libgcc.a(_umoddi3.o)

.debug_info     0x00000000    0x61701
 *(.debug_info .gnu.linkonce.wi.*)
 .debug_info    0x00000000     0x11a8 build/HPS/production/_ext/1472/UARTConfig.o
 .debug_info    0x000011a8     0x11ae build/HPS/production/_ext/1472/GenericTCPClient.o
 .debug_info    0x00002356     0x11ae build/HPS/production/_ext/1472/GenericTCPServer.o
 .debug_info    0x00003504     0x11ab build/HPS/production/_ext/1472/LegacyHTTPApp.o
 .debug_info    0x000046af     0x1ab8 build/HPS/production/_ext/1472/PingDemo.o
 .debug_info    0x00006167     0x11a6 build/HPS/production/_ext/1472/SMTPDemo.o
 .debug_info    0x0000730d     0x1289 build/HPS/production/_ext/1472/BerkeleyUDPClientDemo.o
 .debug_info    0x00008596     0x123b build/HPS/production/_ext/1472/BerkeleyTCPClientDemo.o
 .debug_info    0x000097d1     0x1709 build/HPS/production/_ext/1472/BerkeleyTCPServerDemo.o
 .debug_info    0x0000aeda     0x11c9 build/HPS/production/_ext/1295770447/UDPPerformanceTest.o
 .debug_info    0x0000c0a3     0x1a80 build/HPS/production/_ext/1295770447/Announce.o
 .debug_info    0x0000db23     0x1bf3 build/HPS/production/_ext/1295770447/ARP.o
 .debug_info    0x0000f716     0x1251 build/HPS/production/_ext/1295770447/Delay.o
 .debug_info    0x00010967     0x2000 build/HPS/production/_ext/1295770447/DHCP.o
 .debug_info    0x00012967     0x11bc build/HPS/production/_ext/1295770447/DHCPs.o
 .debug_info    0x00013b23     0x11ba build/HPS/production/_ext/1295770447/DNS.o
 .debug_info    0x00014cdd     0x11bd build/HPS/production/_ext/1295770447/DynDNS.o
 .debug_info    0x00015e9a     0x11bf build/HPS/production/_ext/1295770447/ENC28J60.o
 .debug_info    0x00017059     0x11ba build/HPS/production/_ext/1295770447/FTP.o
 .debug_info    0x00018213     0x11bd build/HPS/production/_ext/1295770447/Hashes.o
 .debug_info    0x000193d0     0x23f4 build/HPS/production/_ext/1295770447/Helpers.o
 .debug_info    0x0001b7c4     0x11bc build/HPS/production/_ext/1295770447/HTTP2.o
 .debug_info    0x0001c980     0x11bb build/HPS/production/_ext/1295770447/HTTP.o
 .debug_info    0x0001db3b     0x1b0e build/HPS/production/_ext/1295770447/ICMP.o
 .debug_info    0x0001f649     0x1b89 build/HPS/production/_ext/1295770447/IP.o
 .debug_info    0x000211d2     0x11c2 build/HPS/production/_ext/1295770447/LCDBlocking.o
 .debug_info    0x00022394     0x11bc build/HPS/production/_ext/1295770447/MPFS2.o
 .debug_info    0x00023550     0x11bb build/HPS/production/_ext/1295770447/MPFS.o
 .debug_info    0x0002470b     0x11bb build/HPS/production/_ext/1295770447/NBNS.o
 .debug_info    0x000258c6     0x11bd build/HPS/production/_ext/1295770447/Reboot.o
 .debug_info    0x00026a83     0x11bb build/HPS/production/_ext/1295770447/SMTP.o
 .debug_info    0x00027c3e     0x11bb build/HPS/production/_ext/1295770447/SNMP.o
 .debug_info    0x00028df9     0x11bb build/HPS/production/_ext/1295770447/SNTP.o
 .debug_info    0x00029fb4     0x11c0 build/HPS/production/_ext/1295770447/SPIEEPROM.o
 .debug_info    0x0002b174     0x11bf build/HPS/production/_ext/1295770447/SPIFlash.o
 .debug_info    0x0002c333     0x11bd build/HPS/production/_ext/1295770447/SPIRAM.o
 .debug_info    0x0002d4f0     0x1a7f build/HPS/production/_ext/1295770447/StackTsk.o
 .debug_info    0x0002ef6f     0x3227 build/HPS/production/_ext/1295770447/TCP.o
 .debug_info    0x00032196     0x11c9 build/HPS/production/_ext/1295770447/TCPPerformanceTest.o
 .debug_info    0x0003335f     0x11bd build/HPS/production/_ext/1295770447/Telnet.o
 .debug_info    0x0003451c     0x1eb9 build/HPS/production/_ext/1295770447/TFTPc.o
 .debug_info    0x000363d5     0x1b45 build/HPS/production/_ext/1295770447/Tick.o
 .debug_info    0x00037f1a     0x11c5 build/HPS/production/_ext/1295770447/UART2TCPBridge.o
 .debug_info    0x000390df     0x11bb build/HPS/production/_ext/1295770447/UART.o
 .debug_info    0x0003a29a     0x208a build/HPS/production/_ext/1295770447/UDP.o
 .debug_info    0x0003c324     0x23a5 build/HPS/production/_ext/1295770447/BerkeleyAPI.o
 .debug_info    0x0003e6c9     0x11c1 build/HPS/production/_ext/1295770447/ENCX24J600.o
 .debug_info    0x0003f88a     0x11a6 build/HPS/production/_ext/1472/MPFSImg2.o
 .debug_info    0x00040a30     0x11bd build/HPS/production/_ext/1295770447/Random.o
 .debug_info    0x00041bed     0x11ba build/HPS/production/_ext/1295770447/RSA.o
 .debug_info    0x00042da7     0x11ba build/HPS/production/_ext/1295770447/SSL.o
 .debug_info    0x00043f61     0x11be build/HPS/production/_ext/1295770447/ARCFOUR.o
 .debug_info    0x0004511f     0x11bd build/HPS/production/_ext/1295770447/BigInt.o
 .debug_info    0x000462dc     0x11bd build/HPS/production/_ext/1295770447/AutoIP.o
 .debug_info    0x00047499     0x2cd1 build/HPS/production/_ext/1295770447/ETHPIC32IntMac.o
 .debug_info    0x0004a16a     0x23e9 build/HPS/production/_ext/1295770447/ETHPIC32ExtPhy.o
 .debug_info    0x0004c553     0x1700 build/HPS/production/_ext/1295770447/ETHPIC32ExtPhyDP83848.o
 .debug_info    0x0004dc53     0x11bb build/HPS/production/_ext/1295770447/DNSs.o
 .debug_info    0x0004ee0e     0x11c4 build/HPS/production/_ext/1295770447/CAN2TCPBridge.o
 .debug_info    0x0004ffd2     0x317b build/HPS/production/_ext/1472/MainDemo.o
 .debug_info    0x0005314d     0x11ab build/HPS/production/_ext/1472/CustomHTTPApp.o
 .debug_info    0x000542f8     0x11ab build/HPS/production/_ext/1472/CustomSNMPApp.o
 .debug_info    0x000554a3     0x11ab build/HPS/production/_ext/1472/CustomSSLCert.o
 .debug_info    0x0005664e     0x1688 build/HPS/production/_ext/1472/i2c_support.o
 .debug_info    0x00057cd6     0x221b build/HPS/production/_ext/1472/led_monitor.o
 .debug_info    0x00059ef1     0x18d1 build/HPS/production/_ext/1472/MyTFTP.o
 .debug_info    0x0005b7c2     0x1a3a build/HPS/production/_ext/1472/Settings.o
 .debug_info    0x0005d1fc      0x783 /opt/microchip/mplabc32/v2.02/bin/../lib/gcc/pic32mx/4.5.1/libgcc.a(_udivdi3.o)
 .debug_info    0x0005d97f       0xcd /opt/microchip/mplabc32/v2.02/bin/../lib/gcc/pic32mx/4.5.1/../../../../pic32mx/lib/libc.a(atoi.o)
 .debug_info    0x0005da4c        0x0 /opt/microchip/mplabc32/v2.02/bin/../lib/gcc/pic32mx/4.5.1/../../../../pic32mx/lib/libc.a(ctype.o)
 .debug_info    0x0005da4c      0x100 /opt/microchip/mplabc32/v2.02/bin/../lib/gcc/pic32mx/4.5.1/../../../../pic32mx/lib/libc.a(malloc.o)
 .debug_info    0x0005db4c       0xe7 /opt/microchip/mplabc32/v2.02/bin/../lib/gcc/pic32mx/4.5.1/../../../../pic32mx/lib/libc.a(rand.o)
 .debug_info    0x0005dc33       0xd1 /opt/microchip/mplabc32/v2.02/bin/../lib/gcc/pic32mx/4.5.1/../../../../pic32mx/lib/libc.a(strtok.o)
 .debug_info    0x0005dd04       0xe5 /opt/microchip/mplabc32/v2.02/bin/../lib/gcc/pic32mx/4.5.1/../../../../pic32mx/lib/libc.a(sprintf_cdnopsuxX.eo)
 .debug_info    0x0005dde9      0x139 /opt/microchip/mplabc32/v2.02/bin/../lib/gcc/pic32mx/4.5.1/../../../../pic32mx/lib/libc.a(sbrk.o)
 .debug_info    0x0005df22      0x106 /opt/microchip/mplabc32/v2.02/bin/../lib/gcc/pic32mx/4.5.1/../../../../pic32mx/lib/libc.a(default-bootstrap-exception-handler.o)
 .debug_info    0x0005e028       0xe0 /opt/microchip/mplabc32/v2.02/bin/../lib/gcc/pic32mx/4.5.1/../../../../pic32mx/lib/libc.a(default-on-reset.o)
 .debug_info    0x0005e108       0xe8 /opt/microchip/mplabc32/v2.02/bin/../lib/gcc/pic32mx/4.5.1/../../../../pic32mx/lib/libc.a(default-on-bootstrap.o)
 .debug_info    0x0005e1f0        0x0 /opt/microchip/mplabc32/v2.02/bin/../lib/gcc/pic32mx/4.5.1/../../../../pic32mx/lib/libc.a(errno.o)
 .debug_info    0x0005e1f0       0xd3 /opt/microchip/mplabc32/v2.02/bin/../lib/gcc/pic32mx/4.5.1/../../../../pic32mx/lib/libc.a(strcspn.o)
 .debug_info    0x0005e2c3       0xd1 /opt/microchip/mplabc32/v2.02/bin/../lib/gcc/pic32mx/4.5.1/../../../../pic32mx/lib/libc.a(strspn.o)
 .debug_info    0x0005e394       0xe6 /opt/microchip/mplabc32/v2.02/bin/../lib/gcc/pic32mx/4.5.1/../../../../pic32mx/lib/libc.a(doprnt_cdnopsuxX.eo)
 .debug_info    0x0005e47a       0xd6 /opt/microchip/mplabc32/v2.02/bin/../lib/gcc/pic32mx/4.5.1/../../../../pic32mx/lib/libc.a(_fputc_simple.o)
 .debug_info    0x0005e550       0xd1 /opt/microchip/mplabc32/v2.02/bin/../lib/gcc/pic32mx/4.5.1/../../../../pic32mx/lib/libc.a(strchr.o)
 .debug_info    0x0005e621       0xd1 /opt/microchip/mplabc32/v2.02/bin/../lib/gcc/pic32mx/4.5.1/../../../../pic32mx/lib/libc.a(write.o)
 .debug_info    0x0005e6f2        0x0 /opt/microchip/mplabc32/v2.02/bin/../lib/gcc/pic32mx/4.5.1/../../../../pic32mx/lib/libc.a(_iob.o)
 .debug_info    0x0005e6f2       0xd9 /opt/microchip/mplabc32/v2.02/bin/../lib/gcc/pic32mx/4.5.1/../../../../pic32mx/lib/libc.a(_flsbuf_simple.o)
 .debug_info    0x0005e7cb       0xd9 /opt/microchip/mplabc32/v2.02/bin/../lib/gcc/pic32mx/4.5.1/../../../../pic32mx/lib/libc.a(_mon_putc.o)
 .debug_info    0x0005e8a4        0x0 /opt/microchip/mplabc32/v2.02/bin/../lib/gcc/pic32mx/4.5.1/../../../../pic32mx/lib/libc.a(c32_uart.o)
 .debug_info    0x0005e8a4       0xbf /opt/microchip/mplabc32/v2.02/bin/../lib/gcc/pic32mx/4.5.1/../../../../pic32mx/lib/libmchp_peripheral.a(read_core_timer_lib.o)
 .debug_info    0x0005e963      0x180 /opt/microchip/mplabc32/v2.02/bin/../lib/gcc/pic32mx/4.5.1/../../../../pic32mx/lib/libmchp_peripheral_32MX795F512L.a(eth_ack_packet_lib.o)
 .debug_info    0x0005eae3      0x107 /opt/microchip/mplabc32/v2.02/bin/../lib/gcc/pic32mx/4.5.1/../../../../pic32mx/lib/libmchp_peripheral_32MX795F512L.a(eth_descriptors_add_lib.o)
 .debug_info    0x0005ebea       0xd3 /opt/microchip/mplabc32/v2.02/bin/../lib/gcc/pic32mx/4.5.1/../../../../pic32mx/lib/libmchp_peripheral_32MX795F512L.a(eth_init_lib.o)
 .debug_info    0x0005ecbd       0xb7 /opt/microchip/mplabc32/v2.02/bin/../lib/gcc/pic32mx/4.5.1/../../../../pic32mx/lib/libmchp_peripheral_32MX795F512L.a(eth_mac_open_lib.o)
 .debug_info    0x0005ed74      0x107 /opt/microchip/mplabc32/v2.02/bin/../lib/gcc/pic32mx/4.5.1/../../../../pic32mx/lib/libmchp_peripheral_32MX795F512L.a(eth_mac_set_address_max_lib.o)
 .debug_info    0x0005ee7b       0xfb /opt/microchip/mplabc32/v2.02/bin/../lib/gcc/pic32mx/4.5.1/../../../../pic32mx/lib/libmchp_peripheral_32MX795F512L.a(eth_rx_buffers_append_lib.o)
 .debug_info    0x0005ef76      0x15c /opt/microchip/mplabc32/v2.02/bin/../lib/gcc/pic32mx/4.5.1/../../../../pic32mx/lib/libmchp_peripheral_32MX795F512L.a(eth_rx_filters_lib.o)
 .debug_info    0x0005f0d2       0xdd /opt/microchip/mplabc32/v2.02/bin/../lib/gcc/pic32mx/4.5.1/../../../../pic32mx/lib/libmchp_peripheral_32MX795F512L.a(eth_rx_get_packet_lib.o)
 .debug_info    0x0005f1af       0xc9 /opt/microchip/mplabc32/v2.02/bin/../lib/gcc/pic32mx/4.5.1/../../../../pic32mx/lib/libmchp_peripheral_32MX795F512L.a(eth_rx_set_buffer_size_lib.o)
 .debug_info    0x0005f278      0x191 /opt/microchip/mplabc32/v2.02/bin/../lib/gcc/pic32mx/4.5.1/../../../../pic32mx/lib/libmchp_peripheral_32MX795F512L.a(eth_tx_packet_lib.o)
 .debug_info    0x0005f409       0xe9 /opt/microchip/mplabc32/v2.02/bin/../lib/gcc/pic32mx/4.5.1/../../../../pic32mx/lib/libmchp_peripheral_32MX795F512L.a(_eth_append_busy_list_lib.o)
 .debug_info    0x0005f4f2      0x158 /opt/microchip/mplabc32/v2.02/bin/../lib/gcc/pic32mx/4.5.1/../../../../pic32mx/lib/libmchp_peripheral_32MX795F512L.a(eth_miim_access.o)
 .debug_info    0x0005f64a      0x155 /opt/microchip/mplabc32/v2.02/bin/../lib/gcc/pic32mx/4.5.1/../../../../pic32mx/lib/libmchp_peripheral_32MX795F512L.a(eth_miim_legacy.o)
 .debug_info    0x0005f79f       0xc7 /opt/microchip/mplabc32/v2.02/bin/../lib/gcc/pic32mx/4.5.1/../../../../pic32mx/lib/libmchp_peripheral_32MX795F512L.a(soft_reset_lib.o)
 .debug_info    0x0005f866       0xd4 /opt/microchip/mplabc32/v2.02/bin/../lib/gcc/pic32mx/4.5.1/../../../../pic32mx/lib/libmchp_peripheral_32MX795F512L.a(pcache.o)
 .debug_info    0x0005f93a       0xcb /opt/microchip/mplabc32/v2.02/bin/../lib/gcc/pic32mx/4.5.1/../../../../pic32mx/lib/libmchp_peripheral_32MX795F512L.a(int_disable_interrupts_lib.o)
 .debug_info    0x0005fa05       0xcb /opt/microchip/mplabc32/v2.02/bin/../lib/gcc/pic32mx/4.5.1/../../../../pic32mx/lib/libmchp_peripheral_32MX795F512L.a(int_restore_interrupts_lib.o)
 .debug_info    0x0005fad0       0xd1 /opt/microchip/mplabc32/v2.02/bin/../lib/gcc/pic32mx/4.5.1/../../../../pic32mx/lib/libmchp_peripheral_32MX795F512L.a(int_enable_mv_int_lib.o)
 .debug_info    0x0005fba1      0x1ab /opt/microchip/mplabc32/v2.02/bin/../lib/gcc/pic32mx/4.5.1/../../../../pic32mx/lib/libmchp_peripheral_32MX795F512L.a(int_tbl_lib.o)
 .debug_info    0x0005fd4c       0xbb /opt/microchip/mplabc32/v2.02/bin/../lib/gcc/pic32mx/4.5.1/../../../../pic32mx/lib/libmchp_peripheral_32MX795F512L.a(nvm_erase_page_lib.o)
 .debug_info    0x0005fe07       0xdc /opt/microchip/mplabc32/v2.02/bin/../lib/gcc/pic32mx/4.5.1/../../../../pic32mx/lib/libmchp_peripheral_32MX795F512L.a(nvm_operation_lib.o)
 .debug_info    0x0005fee3       0xb9 /opt/microchip/mplabc32/v2.02/bin/../lib/gcc/pic32mx/4.5.1/../../../../pic32mx/lib/libmchp_peripheral_32MX795F512L.a(nvm_write_row_lib.o)
 .debug_info    0x0005ff9c       0xcf /opt/microchip/mplabc32/v2.02/bin/../lib/gcc/pic32mx/4.5.1/../../../../pic32mx/lib/libmchp_peripheral_32MX795F512L.a(port_set_pins_digital_in_lib.o)
 .debug_info    0x0006006b       0xd1 /opt/microchip/mplabc32/v2.02/bin/../lib/gcc/pic32mx/4.5.1/../../../../pic32mx/lib/libmchp_peripheral_32MX795F512L.a(port_set_pins_digital_out_lib.o)
 .debug_info    0x0006013c        0x0 /opt/microchip/mplabc32/v2.02/bin/../lib/gcc/pic32mx/4.5.1/../../../../pic32mx/lib/libmchp_peripheral_32MX795F512L.a(_ports_tbl_libp.o)
 .debug_info    0x0006013c       0xc1 /opt/microchip/mplabc32/v2.02/bin/../lib/gcc/pic32mx/4.5.1/../../../../pic32mx/lib/libmchp_peripheral_32MX795F512L.a(I2CAcknowledgeByte.o)
 .debug_info    0x000601fd       0xb5 /opt/microchip/mplabc32/v2.02/bin/../lib/gcc/pic32mx/4.5.1/../../../../pic32mx/lib/libmchp_peripheral_32MX795F512L.a(I2CBusIsIdle.o)
 .debug_info    0x000602b2       0xc9 /opt/microchip/mplabc32/v2.02/bin/../lib/gcc/pic32mx/4.5.1/../../../../pic32mx/lib/libmchp_peripheral_32MX795F512L.a(I2CByteWasAcknowledged.o)
 .debug_info    0x0006037b       0xb9 /opt/microchip/mplabc32/v2.02/bin/../lib/gcc/pic32mx/4.5.1/../../../../pic32mx/lib/libmchp_peripheral_32MX795F512L.a(I2CClearStatus.o)
 .debug_info    0x00060434       0xb5 /opt/microchip/mplabc32/v2.02/bin/../lib/gcc/pic32mx/4.5.1/../../../../pic32mx/lib/libmchp_peripheral_32MX795F512L.a(I2CConfigure.o)
 .debug_info    0x000604e9       0xaf /opt/microchip/mplabc32/v2.02/bin/../lib/gcc/pic32mx/4.5.1/../../../../pic32mx/lib/libmchp_peripheral_32MX795F512L.a(I2CEnable.o)
 .debug_info    0x00060598       0xb1 /opt/microchip/mplabc32/v2.02/bin/../lib/gcc/pic32mx/4.5.1/../../../../pic32mx/lib/libmchp_peripheral_32MX795F512L.a(I2CGetByte.o)
 .debug_info    0x00060649       0xb5 /opt/microchip/mplabc32/v2.02/bin/../lib/gcc/pic32mx/4.5.1/../../../../pic32mx/lib/libmchp_peripheral_32MX795F512L.a(I2CGetStatus.o)
 .debug_info    0x000606fe       0xd1 /opt/microchip/mplabc32/v2.02/bin/../lib/gcc/pic32mx/4.5.1/../../../../pic32mx/lib/libmchp_peripheral_32MX795F512L.a(I2CReceivedDataIsAvailable.o)
 .debug_info    0x000607cf       0xbf /opt/microchip/mplabc32/v2.02/bin/../lib/gcc/pic32mx/4.5.1/../../../../pic32mx/lib/libmchp_peripheral_32MX795F512L.a(I2CReceiverEnable.o)
 .debug_info    0x0006088e       0xb9 /opt/microchip/mplabc32/v2.02/bin/../lib/gcc/pic32mx/4.5.1/../../../../pic32mx/lib/libmchp_peripheral_32MX795F512L.a(I2CRepeatStart.o)
 .debug_info    0x00060947       0xb3 /opt/microchip/mplabc32/v2.02/bin/../lib/gcc/pic32mx/4.5.1/../../../../pic32mx/lib/libmchp_peripheral_32MX795F512L.a(I2CSendByte.o)
 .debug_info    0x000609fa       0xbb /opt/microchip/mplabc32/v2.02/bin/../lib/gcc/pic32mx/4.5.1/../../../../pic32mx/lib/libmchp_peripheral_32MX795F512L.a(I2CSetFrequency.o)
 .debug_info    0x00060ab5       0xad /opt/microchip/mplabc32/v2.02/bin/../lib/gcc/pic32mx/4.5.1/../../../../pic32mx/lib/libmchp_peripheral_32MX795F512L.a(I2CStart.o)
 .debug_info    0x00060b62       0xab /opt/microchip/mplabc32/v2.02/bin/../lib/gcc/pic32mx/4.5.1/../../../../pic32mx/lib/libmchp_peripheral_32MX795F512L.a(I2CStop.o)
 .debug_info    0x00060c0d       0xd3 /opt/microchip/mplabc32/v2.02/bin/../lib/gcc/pic32mx/4.5.1/../../../../pic32mx/lib/libmchp_peripheral_32MX795F512L.a(I2CTransmissionHasCompleted.o)
 .debug_info    0x00060ce0       0xc7 /opt/microchip/mplabc32/v2.02/bin/../lib/gcc/pic32mx/4.5.1/../../../../pic32mx/lib/libmchp_peripheral_32MX795F512L.a(I2CTransmitterIsReady.o)
 .debug_info    0x00060da7       0xc9 /opt/microchip/mplabc32/v2.02/bin/../lib/gcc/pic32mx/4.5.1/../../../../pic32mx/lib/libmchp_peripheral_32MX795F512L.a(int_enable_interrupts_lib.o)
 .debug_info    0x00060e70        0x0 /opt/microchip/mplabc32/v2.02/bin/../lib/gcc/pic32mx/4.5.1/../../../../pic32mx/lib/libmchp_peripheral_32MX795F512L.a(I2CPrivate.o)
 .debug_info    0x00060e70       0xd1 /opt/microchip/mplabc32/v2.02/bin/../lib/gcc/pic32mx/4.5.1/../../../../pic32mx/lib/libc.a(calloc.o)
 .debug_info    0x00060f41      0x7c0 /opt/microchip/mplabc32/v2.02/bin/../lib/gcc/pic32mx/4.5.1/libgcc.a(_umoddi3.o)

.debug_abbrev   0x00000000     0x819b
 *(.debug_abbrev)
 .debug_abbrev  0x00000000      0x166 build/HPS/production/_ext/1472/UARTConfig.o
 .debug_abbrev  0x00000166      0x166 build/HPS/production/_ext/1472/GenericTCPClient.o
 .debug_abbrev  0x000002cc      0x166 build/HPS/production/_ext/1472/GenericTCPServer.o
 .debug_abbrev  0x00000432      0x166 build/HPS/production/_ext/1472/LegacyHTTPApp.o
 .debug_abbrev  0x00000598      0x1ce build/HPS/production/_ext/1472/PingDemo.o
 .debug_abbrev  0x00000766      0x166 build/HPS/production/_ext/1472/SMTPDemo.o