Archive member included because of file (symbol)

C:/Program Files/Microchip/MPLAB C32_v1_11b/bin/../lib/gcc/pic32mx/3.4.4/size\libgcc.a(_udivdi3.o)
                              Objects - TCPIP PIC32 ETH Demo App-C32\TCPPerformanceTest.o (__udivdi3)
C:/Program Files/Microchip/MPLAB C32_v1_11b/bin/../lib/gcc/pic32mx/3.4.4/../../../../pic32mx/lib/size\libc.a(memcmp.o)
                              Objects - TCPIP PIC32 ETH Demo App-C32\CustomHTTPApp.o (memcmp)
C:/Program Files/Microchip/MPLAB C32_v1_11b/bin/../lib/gcc/pic32mx/3.4.4/../../../../pic32mx/lib/size\libc.a(memcpy.o)
                              Objects - TCPIP PIC32 ETH Demo App-C32\MainDemo.o (memcpy)
C:/Program Files/Microchip/MPLAB C32_v1_11b/bin/../lib/gcc/pic32mx/3.4.4/../../../../pic32mx/lib/size\libc.a(memset.o)
                              Objects - TCPIP PIC32 ETH Demo App-C32\DHCP.o (memset)
C:/Program Files/Microchip/MPLAB C32_v1_11b/bin/../lib/gcc/pic32mx/3.4.4/../../../../pic32mx/lib/size\libc.a(strcmp.o)
                              Objects - TCPIP PIC32 ETH Demo App-C32\CustomHTTPApp.o (strcmp)
C:/Program Files/Microchip/MPLAB C32_v1_11b/bin/../lib/gcc/pic32mx/3.4.4/../../../../pic32mx/lib/size\libc.a(strcpy.o)
                              Objects - TCPIP PIC32 ETH Demo App-C32\MainDemo.o (strcpy)
C:/Program Files/Microchip/MPLAB C32_v1_11b/bin/../lib/gcc/pic32mx/3.4.4/../../../../pic32mx/lib/size\libc.a(strlen.o)
                              Objects - TCPIP PIC32 ETH Demo App-C32\MainDemo.o (strlen)
C:/Program Files/Microchip/MPLAB C32_v1_11b/bin/../lib/gcc/pic32mx/3.4.4/../../../../pic32mx/lib/size\libc.a(general-exception.o)
                              C:/Program Files/Microchip/MPLAB C32_v1_11b/bin/../lib/gcc/pic32mx/3.4.4/../../../../pic32mx/lib/size/crt0.o (_general_exception_context)
C:/Program Files/Microchip/MPLAB C32_v1_11b/bin/../lib/gcc/pic32mx/3.4.4/../../../../pic32mx/lib/size\libc.a(strncmp.o)
                              Objects - TCPIP PIC32 ETH Demo App-C32\CustomSNMPApp.o (strncmp)
C:/Program Files/Microchip/MPLAB C32_v1_11b/bin/../lib/gcc/pic32mx/3.4.4/../../../../pic32mx/lib/size\libc.a(strchr.o)
                              Objects - TCPIP PIC32 ETH Demo App-C32\SMTP.o (strchr)
C:/Program Files/Microchip/MPLAB C32_v1_11b/bin/../lib/gcc/pic32mx/3.4.4/../../../../pic32mx/lib/size\libc.a(strstr.o)
                              Objects - TCPIP PIC32 ETH Demo App-C32\SMTP.o (strstr)
C:/Program Files/Microchip/MPLAB C32_v1_11b/bin/../lib/gcc/pic32mx/3.4.4/../../../../pic32mx/lib/size\libc.a(exit.o)
                              C:/Program Files/Microchip/MPLAB C32_v1_11b/bin/../lib/gcc/pic32mx/3.4.4/../../../../pic32mx/lib/size/crt0.o (exit)
C:/Program Files/Microchip/MPLAB C32_v1_11b/bin/../lib/gcc/pic32mx/3.4.4/../../../../pic32mx/lib/size\libc.a(rand.o)
                              Objects - TCPIP PIC32 ETH Demo App-C32\Helpers.o (rand)
C:/Program Files/Microchip/MPLAB C32_v1_11b/bin/../lib/gcc/pic32mx/3.4.4/../../../../pic32mx/lib/size\libc.a(atol.o)
                              Objects - TCPIP PIC32 ETH Demo App-C32\CustomHTTPApp.o (atol)
C:/Program Files/Microchip/MPLAB C32_v1_11b/bin/../lib/gcc/pic32mx/3.4.4/../../../../pic32mx/lib/size\libc.a(atoi.o)
                              Objects - TCPIP PIC32 ETH Demo App-C32\SMTP.o (atoi)
C:/Program Files/Microchip/MPLAB C32_v1_11b/bin/../lib/gcc/pic32mx/3.4.4/../../../../pic32mx/lib/size\libc.a(strtol.o)
                              C:/Program Files/Microchip/MPLAB C32_v1_11b/bin/../lib/gcc/pic32mx/3.4.4/../../../../pic32mx/lib/size\libc.a(atol.o) (strtol)
C:/Program Files/Microchip/MPLAB C32_v1_11b/bin/../lib/gcc/pic32mx/3.4.4/../../../../pic32mx/lib/size\libc.a(stubs.o)
                              C:/Program Files/Microchip/MPLAB C32_v1_11b/bin/../lib/gcc/pic32mx/3.4.4/../../../../pic32mx/lib/size\libc.a(rand.o) (_libc_private_storage)
C:/Program Files/Microchip/MPLAB C32_v1_11b/bin/../lib/gcc/pic32mx/3.4.4/../../../../pic32mx/lib/size\libc.a(default-bootstrap-exception-handler.o)
                              C:/Program Files/Microchip/MPLAB C32_v1_11b/bin/../lib/gcc/pic32mx/3.4.4/../../../../pic32mx/lib/size/crt0.o (_bootstrap_exception_handler)
C:/Program Files/Microchip/MPLAB C32_v1_11b/bin/../lib/gcc/pic32mx/3.4.4/../../../../pic32mx/lib/size\libc.a(default-on-reset.o)
                              C:/Program Files/Microchip/MPLAB C32_v1_11b/bin/../lib/gcc/pic32mx/3.4.4/../../../../pic32mx/lib/size/crt0.o (_on_reset)
C:/Program Files/Microchip/MPLAB C32_v1_11b/bin/../lib/gcc/pic32mx/3.4.4/../../../../pic32mx/lib/size\libc.a(default-on-bootstrap.o)
                              C:/Program Files/Microchip/MPLAB C32_v1_11b/bin/../lib/gcc/pic32mx/3.4.4/../../../../pic32mx/lib/size/crt0.o (_on_bootstrap)
C:/Program Files/Microchip/MPLAB C32_v1_11b/bin/../lib/gcc/pic32mx/3.4.4/../../../../pic32mx/lib/size\libc.a(default-nmi-handler.o)
[...]
Memory Configuration

Name             Origin             Length             Attributes
kseg0_program_mem 0x9d000000         0x00080000         xr
kseg0_boot_mem   0x9fc00490         0x00000970
exception_mem    0x9fc01000         0x00001000
kseg1_boot_mem   0xbfc00000         0x00000490
debug_exec_mem   0xbfc02000         0x00000ff0
config3          0xbfc02ff0         0x00000004
config2          0xbfc02ff4         0x00000004
config1          0xbfc02ff8         0x00000004
config0          0xbfc02ffc         0x00000004
kseg1_data_mem   0xa0000000         0x00020000         w !x
sfrs             0xbf800000         0x00100000
configsfrs       0xbfc02ff0         0x00000010
*default*        0x00000000         0xffffffff

Linker script and memory map

LOAD C:/Program Files/Microchip/MPLAB C32_v1_11b/bin/../lib/gcc/pic32mx/3.4.4/../../../../pic32mx/lib/size/crt0.o
LOAD Objects - TCPIP PIC32 ETH Demo App-C32\MainDemo.o
LOAD Objects - TCPIP PIC32 ETH Demo App-C32\CustomHTTPApp.o
LOAD Objects - TCPIP PIC32 ETH Demo App-C32\UDPPerformanceTest.o
LOAD Objects - TCPIP PIC32 ETH Demo App-C32\Announce.o
LOAD Objects - TCPIP PIC32 ETH Demo App-C32\ARP.o
LOAD Objects - TCPIP PIC32 ETH Demo App-C32\Delay.o
LOAD Objects - TCPIP PIC32 ETH Demo App-C32\DHCP.o
LOAD Objects - TCPIP PIC32 ETH Demo App-C32\DHCPs.o
LOAD Objects - TCPIP PIC32 ETH Demo App-C32\DNS.o
LOAD Objects - TCPIP PIC32 ETH Demo App-C32\DynDNS.o
LOAD Objects - TCPIP PIC32 ETH Demo App-C32\ENC28J60.o
LOAD Objects - TCPIP PIC32 ETH Demo App-C32\FTP.o
LOAD Objects - TCPIP PIC32 ETH Demo App-C32\Hashes.o
LOAD Objects - TCPIP PIC32 ETH Demo App-C32\Helpers.o
LOAD Objects - TCPIP PIC32 ETH Demo App-C32\HTTP2.o
LOAD Objects - TCPIP PIC32 ETH Demo App-C32\HTTP.o
LOAD Objects - TCPIP PIC32 ETH Demo App-C32\ICMP.o
LOAD Objects - TCPIP PIC32 ETH Demo App-C32\IP.o
LOAD Objects - TCPIP PIC32 ETH Demo App-C32\LCDBlocking.o
LOAD Objects - TCPIP PIC32 ETH Demo App-C32\MPFS2.o
LOAD Objects - TCPIP PIC32 ETH Demo App-C32\MPFS.o
LOAD Objects - TCPIP PIC32 ETH Demo App-C32\NBNS.o
LOAD Objects - TCPIP PIC32 ETH Demo App-C32\Reboot.o
LOAD Objects - TCPIP PIC32 ETH Demo App-C32\SMTP.o
LOAD Objects - TCPIP PIC32 ETH Demo App-C32\SNMP.o
LOAD Objects - TCPIP PIC32 ETH Demo App-C32\SNTP.o
LOAD Objects - TCPIP PIC32 ETH Demo App-C32\SPIEEPROM.o
LOAD Objects - TCPIP PIC32 ETH Demo App-C32\SPIFlash.o
LOAD Objects - TCPIP PIC32 ETH Demo App-C32\SPIRAM.o
LOAD Objects - TCPIP PIC32 ETH Demo App-C32\StackTsk.o
LOAD Objects - TCPIP PIC32 ETH Demo App-C32\TCP.o
LOAD Objects - TCPIP PIC32 ETH Demo App-C32\TCPPerformanceTest.o
LOAD Objects - TCPIP PIC32 ETH Demo App-C32\Telnet.o
LOAD Objects - TCPIP PIC32 ETH Demo App-C32\TFTPc.o
LOAD Objects - TCPIP PIC32 ETH Demo App-C32\Tick.o
LOAD Objects - TCPIP PIC32 ETH Demo App-C32\UART2TCPBridge.o
LOAD Objects - TCPIP PIC32 ETH Demo App-C32\UART.o
LOAD Objects - TCPIP PIC32 ETH Demo App-C32\UDP.o
LOAD Objects - TCPIP PIC32 ETH Demo App-C32\CustomSNMPApp.o
LOAD Objects - TCPIP PIC32 ETH Demo App-C32\UARTConfig.o
LOAD Objects - TCPIP PIC32 ETH Demo App-C32\GenericTCPClient.o
LOAD Objects - TCPIP PIC32 ETH Demo App-C32\GenericTCPServer.o
LOAD Objects - TCPIP PIC32 ETH Demo App-C32\LegacyHTTPApp.o
LOAD Objects - TCPIP PIC32 ETH Demo App-C32\PingDemo.o
LOAD Objects - TCPIP PIC32 ETH Demo App-C32\SMTPDemo.o
LOAD Objects - TCPIP PIC32 ETH Demo App-C32\BerkeleyAPI.o
LOAD Objects - TCPIP PIC32 ETH Demo App-C32\BerkeleyUDPClientDemo.o
LOAD Objects - TCPIP PIC32 ETH Demo App-C32\BerkeleyTCPClientDemo.o
LOAD Objects - TCPIP PIC32 ETH Demo App-C32\BerkeleyTCPServerDemo.o
LOAD Objects - TCPIP PIC32 ETH Demo App-C32\ENCX24J600.o
LOAD Objects - TCPIP PIC32 ETH Demo App-C32\MPFSImg2.o
LOAD Objects - TCPIP PIC32 ETH Demo App-C32\Random.o
LOAD Objects - TCPIP PIC32 ETH Demo App-C32\RSA.o
LOAD Objects - TCPIP PIC32 ETH Demo App-C32\SSL.o
LOAD Objects - TCPIP PIC32 ETH Demo App-C32\ARCFOUR.o
LOAD Objects - TCPIP PIC32 ETH Demo App-C32\BigInt.o
LOAD Objects - TCPIP PIC32 ETH Demo App-C32\BigInt_helper_C32.o
LOAD Objects - TCPIP PIC32 ETH Demo App-C32\CustomSSLCert.o
LOAD Objects - TCPIP PIC32 ETH Demo App-C32\AutoIP.o
LOAD Objects - TCPIP PIC32 ETH Demo App-C32\ETHPIC32IntMac.o
LOAD Objects - TCPIP PIC32 ETH Demo App-C32\ETHPIC32ExtPhy.o
LOAD Objects - TCPIP PIC32 ETH Demo App-C32\ETHPIC32ExtPhyDP83848.o
LOAD Objects - TCPIP PIC32 ETH Demo App-C32\DNSs.o
LOAD Objects - TCPIP PIC32 ETH Demo App-C32\CAN2TCPBridge.o
                0x00000001                __MPLAB_BUILD = 0x1
                0x00000001                __MPLAB_DEBUG = 0x1
                0x00000001                __MPLAB_DEBUGGER_PIC32MXSK = 0x1
                0x00003e80                _min_heap_size = 0x3e80
                0x00000800                _min_stack_size = 0x800
LOAD C:/Program Files/Microchip/MPLAB C32_v1_11b/bin/../lib/gcc/pic32mx/3.4.4/size\libgcc.a
START GROUP
LOAD C:/Program Files/Microchip/MPLAB C32_v1_11b/bin/../lib/gcc/pic32mx/3.4.4/../../../../pic32mx/lib/size\libdebug.a
LOAD C:/Program Files/Microchip/MPLAB C32_v1_11b/bin/../lib/gcc/pic32mx/3.4.4/../../../../pic32mx/lib/size\libc.a
LOAD C:/Program Files/Microchip/MPLAB C32_v1_11b/bin/../lib/gcc/pic32mx/3.4.4/../../../../pic32mx/lib/size\libm.a
LOAD C:/Program Files/Microchip/MPLAB C32_v1_11b/bin/../lib/gcc/pic32mx/3.4.4/../../../../pic32mx/lib/size\libe.a
LOAD C:/Program Files/Microchip/MPLAB C32_v1_11b/bin/../lib/gcc/pic32mx/3.4.4/../../../../pic32mx/lib/size\libdsp.a
LOAD C:/Program Files/Microchip/MPLAB C32_v1_11b/bin/../lib/gcc/pic32mx/3.4.4/../../../../pic32mx/lib/size\libmchp_peripheral.a
LOAD C:/Program Files/Microchip/MPLAB C32_v1_11b/bin/../lib/gcc/pic32mx/3.4.4/../../../../pic32mx/lib/size\libmchp_peripheral_32MX795F512L.a
END GROUP
LOAD C:/Program Files/Microchip/MPLAB C32_v1_11b/bin/../lib/gcc/pic32mx/3.4.4/size\libgcc.a
                0x00000400                PROVIDE (_min_stack_size, 0x400)
                0x00000000                PROVIDE (_min_heap_size, 0x0)
LOAD C:/Program Files/Microchip/MPLAB C32_v1_11b/bin/../lib/gcc/pic32mx/3.4.4/../../../../pic32mx/lib/./proc/32MX795F512L\processor.o
                0x00000001                PROVIDE (_vector_spacing, 0x1)
                0x9fc01000                _ebase_address = 0x9fc01000
                0xbfc00000                _RESET_ADDR = 0xbfc00000
                0xbfc00380                _BEV_EXCPT_ADDR = 0xbfc00380
                0xbfc00480                _DBG_EXCPT_ADDR = 0xbfc00480
                0xbfc02000                _DBG_CODE_ADDR = 0xbfc02000
                0x9fc01180                _GEN_EXCPT_ADDR = (_ebase_address + 0x180)

.config_BFC02FF0
                0xbfc02ff0        0x4
 *(.config_BFC02FF0)
 .config_BFC02FF0
                0xbfc02ff0        0x4 Objects - TCPIP PIC32 ETH Demo App-C32\MainDemo.o

.config_BFC02FF4
                0xbfc02ff4        0x4
 *(.config_BFC02FF4)
 .config_BFC02FF4
                0xbfc02ff4        0x4 Objects - TCPIP PIC32 ETH Demo App-C32\MainDemo.o

.config_BFC02FF8
                0xbfc02ff8        0x4
 *(.config_BFC02FF8)
 .config_BFC02FF8
                0xbfc02ff8        0x4 Objects - TCPIP PIC32 ETH Demo App-C32\MainDemo.o

.config_BFC02FFC
                0xbfc02ffc        0x4
 *(.config_BFC02FFC)
 .config_BFC02FFC
                0xbfc02ffc        0x4 Objects - TCPIP PIC32 ETH Demo App-C32\MainDemo.o

.reset          0xbfc00000       0x10
 *(.reset)
 .reset         0xbfc00000       0x10 C:/Program Files/Microchip/MPLAB C32_v1_11b/bin/../lib/gcc/pic32mx/3.4.4/../../../../pic32mx/lib/size/crt0.o
                0xbfc00000                _reset

.bev_excpt      0xbfc00380       0x10
 *(.bev_handler)
 .bev_handler   0xbfc00380       0x10 C:/Program Files/Microchip/MPLAB C32_v1_11b/bin/../lib/gcc/pic32mx/3.4.4/../../../../pic32mx/lib/size/crt0.o

.dbg_excpt      0xbfc00480        0x0
                0xbfc00480                . = (. + DEFINED (_DEBUGGER)?0x8:0x0)

.dbg_code       0xbfc02000        0x0
                0xbfc02000                . = (. + DEFINED (_DEBUGGER)?0xff0:0x0)

.app_excpt      0x9fc01180       0x10
 *(.gen_handler)
 .gen_handler   0x9fc01180       0x10 C:/Program Files/Microchip/MPLAB C32_v1_11b/bin/../lib/gcc/pic32mx/3.4.4/../../../../pic32mx/lib/size/crt0.o

.vector_0       0x9fc01200        0x0
 *(.vector_0)
                0x00000001                ASSERT (((_vector_spacing == 0x0) || (SIZEOF (.vector_0) <= (_vector_spacing << 0x5))), function at exception vector 0 too large)

.vector_1       0x9fc01220        0x0
 *(.vector_1)
                0x00000001                ASSERT (((_vector_spacing == 0x0) || (SIZEOF (.vector_1) <= (_vector_spacing << 0x5))), function at exception vector 1 too large)

.vector_2       0x9fc01240        0x0
 *(.vector_2)
                0x00000001                ASSERT (((_vector_spacing == 0x0) || (SIZEOF (.vector_2) <= (_vector_spacing << 0x5))), function at exception vector 2 too large)

.vector_3       0x9fc01260        0x0
 *(.vector_3)
                0x00000001                ASSERT (((_vector_spacing == 0x0) || (SIZEOF (.vector_3) <= (_vector_spacing << 0x5))), function at exception vector 3 too large)

.vector_4       0x9fc01280        0x8
 *(.vector_4)
 .vector_4      0x9fc01280        0x8 Objects - TCPIP PIC32 ETH Demo App-C32\Tick.o
                0x00000001                ASSERT (((_vector_spacing == 0x0) || (SIZEOF (.vector_4) <= (_vector_spacing << 0x5))), function at exception vector 4 too large)

.vector_5       0x9fc012a0        0x0
 *(.vector_5)
                0x00000001                ASSERT (((_vector_spacing == 0x0) || (SIZEOF (.vector_5) <= (_vector_spacing << 0x5))), function at exception vector 5 too large)

.vector_6       0x9fc012c0        0x0
 *(.vector_6)
                0x00000001                ASSERT (((_vector_spacing == 0x0) || (SIZEOF (.vector_6) <= (_vector_spacing << 0x5))), function at exception vector 6 too large)

.vector_7       0x9fc012e0        0x0
 *(.vector_7)
                0x00000001                ASSERT (((_vector_spacing == 0x0) || (SIZEOF (.vector_7) <= (_vector_spacing << 0x5))), function at exception vector 7 too large)

.vector_8       0x9fc01300        0x0
 *(.vector_8)
                0x00000001                ASSERT (((_vector_spacing == 0x0) || (SIZEOF (.vector_8) <= (_vector_spacing << 0x5))), function at exception vector 8 too large)

.vector_9       0x9fc01320        0x0
 *(.vector_9)
                0x00000001                ASSERT (((_vector_spacing == 0x0) || (SIZEOF (.vector_9) <= (_vector_spacing << 0x5))), function at exception vector 9 too large)

.vector_10      0x9fc01340        0x0
 *(.vector_10)
                0x00000001                ASSERT (((_vector_spacing == 0x0) || (SIZEOF (.vector_10) <= (_vector_spacing << 0x5))), function at exception vector 10 too large)

.vector_11      0x9fc01360        0x0
 *(.vector_11)
                0x00000001                ASSERT (((_vector_spacing == 0x0) || (SIZEOF (.vector_11) <= (_vector_spacing << 0x5))), function at exception vector 11 too large)

.vector_12      0x9fc01380        0x0
 *(.vector_12)
                0x00000001                ASSERT (((_vector_spacing == 0x0) || (SIZEOF (.vector_12) <= (_vector_spacing << 0x5))), function at exception vector 12 too large)

.vector_13      0x9fc013a0        0x0
 *(.vector_13)
                0x00000001                ASSERT (((_vector_spacing == 0x0) || (SIZEOF (.vector_13) <= (_vector_spacing << 0x5))), function at exception vector 13 too large)

.vector_14      0x9fc013c0        0x0
 *(.vector_14)
                0x00000001                ASSERT (((_vector_spacing == 0x0) || (SIZEOF (.vector_14) <= (_vector_spacing << 0x5))), function at exception vector 14 too large)

.vector_15      0x9fc013e0        0x0
 *(.vector_15)
                0x00000001                ASSERT (((_vector_spacing == 0x0) || (SIZEOF (.vector_15) <= (_vector_spacing << 0x5))), function at exception vector 15 too large)

.vector_16      0x9fc01400        0x0
 *(.vector_16)
                0x00000001                ASSERT (((_vector_spacing == 0x0) || (SIZEOF (.vector_16) <= (_vector_spacing << 0x5))), function at exception vector 16 too large)

.vector_17      0x9fc01420        0x0
 *(.vector_17)
                0x00000001                ASSERT (((_vector_spacing == 0x0) || (SIZEOF (.vector_17) <= (_vector_spacing << 0x5))), function at exception vector 17 too large)

.vector_18      0x9fc01440        0x0
 *(.vector_18)
                0x00000001                ASSERT (((_vector_spacing == 0x0) || (SIZEOF (.vector_18) <= (_vector_spacing << 0x5))), function at exception vector 18 too large)

.vector_19      0x9fc01460        0x0
 *(.vector_19)
                0x00000001                ASSERT (((_vector_spacing == 0x0) || (SIZEOF (.vector_19) <= (_vector_spacing << 0x5))), function at exception vector 19 too large)

.vector_20      0x9fc01480        0x0
 *(.vector_20)
                0x00000001                ASSERT (((_vector_spacing == 0x0) || (SIZEOF (.vector_20) <= (_vector_spacing << 0x5))), function at exception vector 20 too large)

.vector_21      0x9fc014a0        0x0
 *(.vector_21)
                0x00000001                ASSERT (((_vector_spacing == 0x0) || (SIZEOF (.vector_21) <= (_vector_spacing << 0x5))), function at exception vector 21 too large)

.vector_22      0x9fc014c0        0x0
 *(.vector_22)
                0x00000001                ASSERT (((_vector_spacing == 0x0) || (SIZEOF (.vector_22) <= (_vector_spacing << 0x5))), function at exception vector 22 too large)

.vector_23      0x9fc014e0        0x0
 *(.vector_23)
                0x00000001                ASSERT (((_vector_spacing == 0x0) || (SIZEOF (.vector_23) <= (_vector_spacing << 0x5))), function at exception vector 23 too large)

.vector_24      0x9fc01500        0x0
 *(.vector_24)
                0x00000001                ASSERT (((_vector_spacing == 0x0) || (SIZEOF (.vector_24) <= (_vector_spacing << 0x5))), function at exception vector 24 too large)

.vector_25      0x9fc01520        0x0
 *(.vector_25)
                0x00000001                ASSERT (((_vector_spacing == 0x0) || (SIZEOF (.vector_25) <= (_vector_spacing << 0x5))), function at exception vector 25 too large)

.vector_26      0x9fc01540        0x0
 *(.vector_26)
                0x00000001                ASSERT (((_vector_spacing == 0x0) || (SIZEOF (.vector_26) <= (_vector_spacing << 0x5))), function at exception vector 26 too large)

.vector_27      0x9fc01560        0x0
 *(.vector_27)
                0x00000001                ASSERT (((_vector_spacing == 0x0) || (SIZEOF (.vector_27) <= (_vector_spacing << 0x5))), function at exception vector 27 too large)

.vector_28      0x9fc01580        0x0
 *(.vector_28)
                0x00000001                ASSERT (((_vector_spacing == 0x0) || (SIZEOF (.vector_28) <= (_vector_spacing << 0x5))), function at exception vector 28 too large)

.vector_29      0x9fc015a0        0x0
 *(.vector_29)
                0x00000001                ASSERT (((_vector_spacing == 0x0) || (SIZEOF (.vector_29) <= (_vector_spacing << 0x5))), function at exception vector 29 too large)

.vector_30      0x9fc015c0        0x0
 *(.vector_30)
                0x00000001                ASSERT (((_vector_spacing == 0x0) || (SIZEOF (.vector_30) <= (_vector_spacing << 0x5))), function at exception vector 30 too large)

.vector_31      0x9fc015e0        0x0
 *(.vector_31)
                0x00000001                ASSERT (((_vector_spacing == 0x0) || (SIZEOF (.vector_31) <= (_vector_spacing << 0x5))), function at exception vector 31 too large)

.vector_32      0x9fc01600        0x0
 *(.vector_32)
                0x00000001                ASSERT (((_vector_spacing == 0x0) || (SIZEOF (.vector_32) <= (_vector_spacing << 0x5))), function at exception vector 32 too large)

.vector_33      0x9fc01620        0x0
 *(.vector_33)
                0x00000001                ASSERT (((_vector_spacing == 0x0) || (SIZEOF (.vector_33) <= (_vector_spacing << 0x5))), function at exception vector 33 too large)

.vector_34      0x9fc01640        0x0
 *(.vector_34)
                0x00000001                ASSERT (((_vector_spacing == 0x0) || (SIZEOF (.vector_34) <= (_vector_spacing << 0x5))), function at exception vector 34 too large)

.vector_35      0x9fc01660        0x0
 *(.vector_35)
                0x00000001                ASSERT (((_vector_spacing == 0x0) || (SIZEOF (.vector_35) <= (_vector_spacing << 0x5))), function at exception vector 35 too large)

.vector_36      0x9fc01680        0x0
 *(.vector_36)
                0x00000001                ASSERT (((_vector_spacing == 0x0) || (SIZEOF (.vector_36) <= (_vector_spacing << 0x5))), function at exception vector 36 too large)

.vector_37      0x9fc016a0        0x0
 *(.vector_37)
                0x00000001                ASSERT (((_vector_spacing == 0x0) || (SIZEOF (.vector_37) <= (_vector_spacing << 0x5))), function at exception vector 37 too large)

.vector_38      0x9fc016c0        0x0
 *(.vector_38)
                0x00000001                ASSERT (((_vector_spacing == 0x0) || (SIZEOF (.vector_38) <= (_vector_spacing << 0x5))), function at exception vector 38 too large)

.vector_39      0x9fc016e0        0x0
 *(.vector_39)
                0x00000001                ASSERT (((_vector_spacing == 0x0) || (SIZEOF (.vector_39) <= (_vector_spacing << 0x5))), function at exception vector 39 too large)

.vector_40      0x9fc01700        0x0
 *(.vector_40)
                0x00000001                ASSERT (((_vector_spacing == 0x0) || (SIZEOF (.vector_40) <= (_vector_spacing << 0x5))), function at exception vector 40 too large)

.vector_41      0x9fc01720        0x0
 *(.vector_41)
                0x00000001                ASSERT (((_vector_spacing == 0x0) || (SIZEOF (.vector_41) <= (_vector_spacing << 0x5))), function at exception vector 41 too large)

.vector_42      0x9fc01740        0x0
 *(.vector_42)
                0x00000001                ASSERT (((_vector_spacing == 0x0) || (SIZEOF (.vector_42) <= (_vector_spacing << 0x5))), function at exception vector 42 too large)

.vector_43      0x9fc01760        0x0
 *(.vector_43)
                0x00000001                ASSERT (((_vector_spacing == 0x0) || (SIZEOF (.vector_43) <= (_vector_spacing << 0x5))), function at exception vector 43 too large)

.vector_44      0x9fc01780        0x0
 *(.vector_44)
                0x00000001                ASSERT (((_vector_spacing == 0x0) || (SIZEOF (.vector_44) <= (_vector_spacing << 0x5))), function at exception vector 44 too large)

.vector_45      0x9fc017a0        0x0
 *(.vector_45)
                0x00000001                ASSERT (((_vector_spacing == 0x0) || (SIZEOF (.vector_45) <= (_vector_spacing << 0x5))), function at exception vector 45 too large)

.vector_46      0x9fc017c0        0x8
 *(.vector_46)
 .vector_46     0x9fc017c0        0x8 Objects - TCPIP PIC32 ETH Demo App-C32\CAN2TCPBridge.o
                0x00000001                ASSERT (((_vector_spacing == 0x0) || (SIZEOF (.vector_46) <= (_vector_spacing << 0x5))), function at exception vector 46 too large)

.vector_47      0x9fc017e0        0x0
 *(.vector_47)
                0x00000001                ASSERT (((_vector_spacing == 0x0) || (SIZEOF (.vector_47) <= (_vector_spacing << 0x5))), function at exception vector 47 too large)

.vector_48      0x9fc01800        0x0
 *(.vector_48)
                0x00000001                ASSERT (((_vector_spacing == 0x0) || (SIZEOF (.vector_48) <= (_vector_spacing << 0x5))), function at exception vector 48 too large)

.vector_49      0x9fc01820        0x0
 *(.vector_49)
                0x00000001                ASSERT (((_vector_spacing == 0x0) || (SIZEOF (.vector_49) <= (_vector_spacing << 0x5))), function at exception vector 49 too large)

.vector_50      0x9fc01840        0x0
 *(.vector_50)
                0x00000001                ASSERT (((_vector_spacing == 0x0) || (SIZEOF (.vector_50) <= (_vector_spacing << 0x5))), function at exception vector 50 too large)

.vector_51      0x9fc01860        0x0
 *(.vector_51)
                0x00000001                ASSERT (((_vector_spacing == 0x0) || (SIZEOF (.vector_51) <= (_vector_spacing << 0x5))), function at exception vector 51 too large)

.vector_52      0x9fc01880        0x0
 *(.vector_52)
                0x00000001                ASSERT (((_vector_spacing == 0x0) || (SIZEOF (.vector_52) <= (_vector_spacing << 0x5))), function at exception vector 52 too large)

.vector_53      0x9fc018a0        0x0
 *(.vector_53)
                0x00000001                ASSERT (((_vector_spacing == 0x0) || (SIZEOF (.vector_53) <= (_vector_spacing << 0x5))), function at exception vector 53 too large)

.vector_54      0x9fc018c0        0x0
 *(.vector_54)
                0x00000001                ASSERT (((_vector_spacing == 0x0) || (SIZEOF (.vector_54) <= (_vector_spacing << 0x5))), function at exception vector 54 too large)

.vector_55      0x9fc018e0        0x0
 *(.vector_55)
                0x00000001                ASSERT (((_vector_spacing == 0x0) || (SIZEOF (.vector_55) <= (_vector_spacing << 0x5))), function at exception vector 55 too large)

.vector_56      0x9fc01900        0x0
 *(.vector_56)
                0x00000001                ASSERT (((_vector_spacing == 0x0) || (SIZEOF (.vector_56) <= (_vector_spacing << 0x5))), function at exception vector 56 too large)

.vector_57      0x9fc01920        0x0
 *(.vector_57)
                0x00000001                ASSERT (((_vector_spacing == 0x0) || (SIZEOF (.vector_57) <= (_vector_spacing << 0x5))), function at exception vector 57 too large)

.vector_58      0x9fc01940        0x0
 *(.vector_58)
                0x00000001                ASSERT (((_vector_spacing == 0x0) || (SIZEOF (.vector_58) <= (_vector_spacing << 0x5))), function at exception vector 58 too large)

.vector_59      0x9fc01960        0x0
 *(.vector_59)
                0x00000001                ASSERT (((_vector_spacing == 0x0) || (SIZEOF (.vector_59) <= (_vector_spacing << 0x5))), function at exception vector 59 too large)

.vector_60      0x9fc01980        0x0
 *(.vector_60)
                0x00000001                ASSERT (((_vector_spacing == 0x0) || (SIZEOF (.vector_60) <= (_vector_spacing << 0x5))), function at exception vector 60 too large)

.vector_61      0x9fc019a0        0x0
 *(.vector_61)
                0x00000001                ASSERT (((_vector_spacing == 0x0) || (SIZEOF (.vector_61) <= (_vector_spacing << 0x5))), function at exception vector 61 too large)

.vector_62      0x9fc019c0        0x0
 *(.vector_62)
                0x00000001                ASSERT (((_vector_spacing == 0x0) || (SIZEOF (.vector_62) <= (_vector_spacing << 0x5))), function at exception vector 62 too large)

.vector_63      0x9fc019e0        0x0
 *(.vector_63)
                0x00000001                ASSERT (((_vector_spacing == 0x0) || (SIZEOF (.vector_63) <= (_vector_spacing << 0x5))), function at exception vector 63 too large)

.startup        0x9fc00490      0x1e0
 *(.startup)
 .startup       0x9fc00490      0x1e0 C:/Program Files/Microchip/MPLAB C32_v1_11b/bin/../lib/gcc/pic32mx/3.4.4/../../../../pic32mx/lib/size/crt0.o

.text           0x9d000000    0x2fc54
                0x9d000000                _text_begin = .
 *(.text .stub .text.* .gnu.linkonce.t.*)
 .text          0x9d000000       0x18 C:/Program Files/Microchip/MPLAB C32_v1_11b/bin/../lib/gcc/pic32mx/3.4.4/../../../../pic32mx/lib/size/crt0.o
 .text          0x9d000018      0xa3c Objects - TCPIP PIC32 ETH Demo App-C32\MainDemo.o
                0x9d000018                _general_exception_handler
                0x9d000044                main
                0x9d0001b0                DisplayIPValue
 .text          0x9d000a54     0x39f4 Objects - TCPIP PIC32 ETH Demo App-C32\CustomHTTPApp.o
                0x9d000a54                HTTPNeedsAuth
                0x9d000ae4                HTTPCheckAuth
                0x9d000b64                HTTPExecuteGet
                0x9d000ecc                HTTPExecutePost
                0x9d002c90                HTTPPrint_builddate
                0x9d002d38                HTTPPrint_version
                0x9d002d8c                HTTPPrint_btn
                0x9d002ed4                HTTPPrint_led
                0x9d003050                HTTPPrint_ledSelected
                0x9d0031e0                HTTPPrint_pot
                0x9d003250                HTTPPrint_lcdtext
                0x9d0032cc                HTTPPrint_hellomsg
                0x9d003370                HTTPPrint_cookiename
                0x9d00341c                HTTPPrint_uploadedmd5
                0x9d003610                HTTPPrintIP
                0x9d0036e0                HTTPPrint_config_hostname
                0x9d003734                HTTPPrint_config_dhcpchecked
                0x9d0037a4                HTTPPrint_config_ip
                0x9d0037ec                HTTPPrint_config_gw
                0x9d003834                HTTPPrint_config_subnet
                0x9d00387c                HTTPPrint_config_dns1
                0x9d0038c4                HTTPPrint_config_dns2
                0x9d00390c                HTTPPrint_config_mac
                0x9d003a74                HTTPPrint_read_comm
                0x9d003afc                HTTPPrint_write_comm
                0x9d003b84                HTTPPrint_reboot
                0x9d003b9c                HTTPPrint_rebootaddr
                0x9d003bf0                HTTPPrint_ddns_user
                0x9d003ce0                HTTPPrint_ddns_pass
                0x9d003dd0                HTTPPrint_ddns_host
                0x9d003ec0                HTTPPrint_ddns_service
                0x9d003f7c                HTTPPrint_ddns_status
                0x9d004088                HTTPPrint_ddns_status_msg
                0x9d004270                HTTPPrint_smtps_en
                0x9d0042c4                HTTPPrint_snmp_en
                0x9d004318                HTTPPrint_status_ok
                0x9d0043b0                HTTPPrint_status_fail
 .text          0x9d004448        0x0 Objects - TCPIP PIC32 ETH Demo App-C32\UDPPerformanceTest.o
 .text          0x9d004448      0x3a4 Objects - TCPIP PIC32 ETH Demo App-C32\Announce.o
                0x9d004448                AnnounceIP
                0x9d0045a8                DiscoveryTask
 .text          0x9d0047ec      0x718 Objects - TCPIP PIC32 ETH Demo App-C32\ARP.o
                0x9d0048f8                ARPInit
                0x9d004988                ARPProcess
                0x9d004c9c                ARPResolve
                0x9d004d7c                ARPIsResolved
                0x9d004e7c                SwapARPPacket
 .text          0x9d004f04       0xec Objects - TCPIP PIC32 ETH Demo App-C32\Delay.o
                0x9d004f04                DelayMs
                0x9d004f88                Delay10us
 .text          0x9d004ff0     0x1610 Objects - TCPIP PIC32 ETH Demo App-C32\DHCP.o
                0x9d004ff0                DHCPInit
                0x9d0050dc                DHCPDisable
                0x9d00514c                DHCPEnable
                0x9d0051b0                DHCPIsEnabled
                0x9d0051e8                DHCPIsBound
                0x9d005224                DHCPStateChanged
                0x9d005294                DHCPIsServerDetected
                0x9d0052d0                DHCPTask
 .text          0x9d006600      0xb80 Objects - TCPIP PIC32 ETH Demo App-C32\DHCPs.o
                0x9d006600                DHCPServerTask
 .text          0x9d007180      0xe60 Objects - TCPIP PIC32 ETH Demo App-C32\DNS.o
                0x9d007180                DNSBeginUsage
                0x9d0071d8                DNSEndUsage
                0x9d00724c                DNSResolve
                0x9d0072e0                DNSIsResolved
 .text          0x9d007fe0     0x1788 Objects - TCPIP PIC32 ETH Demo App-C32\DynDNS.o
                0x9d007fe0                DDNSInit
                0x9d008080                DDNSTask
                0x9d009650                DDNSForceUpdate
                0x9d009694                DDNSSetService
                0x9d009714                DDNSGetLastIP
                0x9d009744                DDNSGetLastStatus
 .text          0x9d009768        0x0 Objects - TCPIP PIC32 ETH Demo App-C32\ENC28J60.o
 .text          0x9d009768        0x0 Objects - TCPIP PIC32 ETH Demo App-C32\FTP.o
 .text          0x9d009768      0x76c Objects - TCPIP PIC32 ETH Demo App-C32\Hashes.o
                0x9d009768                HashAddData
                0x9d0097c8                MD5Initialize
                0x9d00983c                MD5AddData
                0x9d009bf8                MD5Calculate
 .text          0x9d009ed4     0x1458 Objects - TCPIP PIC32 ETH Demo App-C32\Helpers.o
                0x9d009ed4                GenerateRandomDWORD
                0x9d00a11c                StringToIPAddress
                0x9d00a41c                Base64Decode
                0x9d00a780                Base64Encode
                0x9d00aa10                uitoa
                0x9d00ab34                ultoa
                0x9d00ac58                hexatob
                0x9d00ad2c                btohexa_high
                0x9d00ad9c                btohexa_low
                0x9d00ae0c                stricmppgm2ram
                0x9d00af8c                swaps
                0x9d00afd8                swapl
                0x9d00b060                CalcIPChecksum
                0x9d00b13c                strupr
                0x9d00b1cc                FormatNetBIOSName
                0x9d00b284                strnchr
 .text          0x9d00b32c     0x370c Objects - TCPIP PIC32 ETH Demo App-C32\HTTP2.o
                0x9d00b32c                HTTPPrint
                0x9d00b7fc                HTTPPrint_
                0x9d00b84c                HTTPInit
                0x9d00b95c                HTTPServer
                0x9d00e0ec                HTTPURLDecode
                0x9d00e2c0                HTTPGetArg
                0x9d00e38c                HTTPReadPostName
                0x9d00e408                HTTPReadPostValue
                0x9d00e838                HTTPIncFile
 .text          0x9d00ea38        0x0 Objects - TCPIP PIC32 ETH Demo App-C32\HTTP.o
 .text          0x9d00ea38      0x604 Objects - TCPIP PIC32 ETH Demo App-C32\ICMP.o
                0x9d00ea38                ICMPProcess
                0x9d00ec2c                ICMPSendPing
                0x9d00ec88                ICMPSendPingToHost
                0x9d00ecf4                ICMPGetReply
                0x9d00efb4                ICMPBeginUsage
                0x9d00f00c                ICMPEndUsage
 .text          0x9d00f03c      0x31c Objects - TCPIP PIC32 ETH Demo App-C32\IP.o
                0x9d00f03c                IPGetHeader
                0x9d00f178                IPPutHeader
                0x9d00f284                IPSetRxBuffer
 .text          0x9d00f358        0x0 Objects - TCPIP PIC32 ETH Demo App-C32\LCDBlocking.o
 .text          0x9d00f358     0x1818 Objects - TCPIP PIC32 ETH Demo App-C32\MPFS2.o
                0x9d00f358                MPFSInit
                0x9d00f3e0                MPFSOpen
                0x9d00f718                MPFSOpenID
                0x9d00f8ac                MPFSClose
                0x9d00f918                MPFSGet
                0x9d00fb64                MPFSGetArray
                0x9d00fe18                MPFSGetLong
                0x9d00fe6c                MPFSSeek
                0x9d01036c                MPFSGetTimestamp
                0x9d010438                MPFSGetMicrotime
                0x9d010504                MPFSGetFlags
                0x9d0105d0                MPFSGetSize
                0x9d01069c                MPFSGetBytesRem
                0x9d010748                MPFSGetStartAddr
                0x9d010818                MPFSGetEndAddr
                0x9d0108fc                MPFSGetFilename
                0x9d010a0c                MPFSGetPosition
                0x9d010a80                MPFSGetID
 .text          0x9d010b70        0x0 Objects - TCPIP PIC32 ETH Demo App-C32\MPFS.o
 .text          0x9d010b70      0x6fc Objects - TCPIP PIC32 ETH Demo App-C32\NBNS.o
                0x9d010b70                NBNSTask
 .text          0x9d01126c      0x158 Objects - TCPIP PIC32 ETH Demo App-C32\Reboot.o
                0x9d01126c                RebootTask
 .text          0x9d0113c4     0x25c8 Objects - TCPIP PIC32 ETH Demo App-C32\SMTP.o
                0x9d0113c4                SMTPBeginUsage
                0x9d011460                SMTPEndUsage
                0x9d01152c                SMTPTask
                0x9d013258                SMTPSendMail
                0x9d013284                SMTPIsBusy
                0x9d0132ac                SMTPIsPutReady
                0x9d013308                SMTPPut
                0x9d0134ac                SMTPPutArray
                0x9d01354c                SMTPPutString
                0x9d0135d8                SMTPFlush
                0x9d013610                SMTPPutDone
 .text          0x9d01398c     0x4f2c Objects - TCPIP PIC32 ETH Demo App-C32\SNMP.o
                0x9d01398c                SNMPInit
                0x9d0139d0                SNMPTask
                0x9d013b74                SNMPNotifyPrepare
                0x9d013c24                SNMPIsNotifyReady
                0x9d013cd0                getSnmpV2GenTrapOid
                0x9d013e30                SNMPNotify
 .text          0x9d0188b8      0x4c0 Objects - TCPIP PIC32 ETH Demo App-C32\SNTP.o
                0x9d0188b8                SNTPClient
                0x9d018ce0                SNTPGetUTCSeconds
 .text          0x9d018d78        0x0 Objects - TCPIP PIC32 ETH Demo App-C32\SPIEEPROM.o
 .text          0x9d018d78        0x0 Objects - TCPIP PIC32 ETH Demo App-C32\SPIFlash.o
 .text          0x9d018d78        0x0 Objects - TCPIP PIC32 ETH Demo App-C32\SPIRAM.o
 .text          0x9d018d78      0x434 Objects - TCPIP PIC32 ETH Demo App-C32\StackTsk.o
                0x9d018d78                StackInit
                0x9d018e44                StackTask
                0x9d019124                StackApplications
 .text          0x9d0191ac     0x8890 Objects - TCPIP PIC32 ETH Demo App-C32\TCP.o
                0x9d0192e0                TCPInit
                0x9d0195ec                TCPOpen
                0x9d019a60                TCPWasReset
                0x9d019b0c                TCPIsConnected
                0x9d019b68                TCPDisconnect
                0x9d019dec                TCPClose
                0x9d019e64                TCPGetRemoteInfo
                0x9d019ee0                TCPFlush
                0x9d019f68                TCPIsPutReady
                0x9d01a15c                TCPPut
                0x9d01a4b0                TCPPutArray
                0x9d01a934                TCPPutString
                0x9d01a998                TCPGetTxFIFOFull
                0x9d01aa4c                TCPDiscard
                0x9d01aaf4                TCPIsGetReady
                0x9d01ac90                TCPGet
                0x9d01af18                TCPGetArray
                0x9d01b2f8                TCPGetRxFIFOFree
                0x9d01b3a8                TCPPeekArray
                0x9d01b66c                TCPPeek
                0x9d01b6c8                TCPFindArrayEx
                0x9d01bce4                TCPFindEx
                0x9d01bd58                TCPTick
                0x9d01cd7c                TCPProcess
                0x9d021110                TCPAdjustFIFOSize
 .text          0x9d021a3c      0x5b0 Objects - TCPIP PIC32 ETH Demo App-C32\TCPPerformanceTest.o
                0x9d021a3c                TCPPerformanceTask
                0x9d021a74                TCPTXPerformanceTask
                0x9d021db8                TCPRXPerformanceTask
 .text          0x9d021fec      0xbe4 Objects - TCPIP PIC32 ETH Demo App-C32\Telnet.o
                0x9d021fec                TelnetTask
 .text          0x9d022bd0        0x0 Objects - TCPIP PIC32 ETH Demo App-C32\TFTPc.o
 .text          0x9d022bd0      0x2d8 Objects - TCPIP PIC32 ETH Demo App-C32\Tick.o
                0x9d022bd0                TickInit
                0x9d022cec                TickGet
                0x9d022d20                TickGetDiv256
                0x9d022d74                TickGetDiv64K
                0x9d022dc8                TickConvertToMilliseconds
                0x9d022e20                _T1Interrupt
 .text          0x9d022ea8        0x0 Objects - TCPIP PIC32 ETH Demo App-C32\UART2TCPBridge.o
 .text          0x9d022ea8        0x0 Objects - TCPIP PIC32 ETH Demo App-C32\UART.o
 .text          0x9d022ea8      0xcd4 Objects - TCPIP PIC32 ETH Demo App-C32\UDP.o
                0x9d022ea8                UDPInit
                0x9d022f14                UDPTask
                0x9d022f3c                UDPOpen
                0x9d023090                UDPClose
                0x9d02311c                UDPSetTxBuffer
                0x9d02317c                UDPSetRxBuffer
                0x9d0231cc                UDPIsPutReady
                0x9d023260                UDPPut
                0x9d0232f0                UDPPutArray
                0x9d023394                UDPPutString
                0x9d0233e8                UDPFlush
                0x9d0235c8                UDPIsGetReady
                0x9d023664                UDPGet
                0x9d0236f4                UDPGetArray
                0x9d0237c0                UDPDiscard
                0x9d02381c                UDPProcess
 .text          0x9d023b7c     0x174c Objects - TCPIP PIC32 ETH Demo App-C32\CustomSNMPApp.o
                0x9d023e30                SNMPV2TrapDemo
                0x9d023ffc                SNMPTrapDemo
                0x9d02426c                SNMPSendTrap
                0x9d024524                SNMPValidateCommunity
                0x9d0246c8                SNMPIsValidSetLen
                0x9d024738                SNMPSetVar
                0x9d024aec                SNMPGetNextIndex
                0x9d024bc4                SNMPGetVar
 .text          0x9d0252c8        0x0 Objects - TCPIP PIC32 ETH Demo App-C32\UARTConfig.o
 .text          0x9d0252c8      0x300 Objects - TCPIP PIC32 ETH Demo App-C32\GenericTCPClient.o
                0x9d0252c8                GenericTCPClient
 .text          0x9d0255c8      0x210 Objects - TCPIP PIC32 ETH Demo App-C32\GenericTCPServer.o
                0x9d0255c8                GenericTCPServer
 .text          0x9d0257d8        0x0 Objects - TCPIP PIC32 ETH Demo App-C32\LegacyHTTPApp.o
 .text          0x9d0257d8      0x140 Objects - TCPIP PIC32 ETH Demo App-C32\PingDemo.o
                0x9d0257d8                PingDemo
 .text          0x9d025918      0x260 Objects - TCPIP PIC32 ETH Demo App-C32\SMTPDemo.o
                0x9d025918                SMTPDemo
 .text          0x9d025b78     0x1ae8 Objects - TCPIP PIC32 ETH Demo App-C32\BerkeleyAPI.o
                0x9d025b78                BerkeleySocketInit
                0x9d025bec                socket
                0x9d025d30                bind
                0x9d025ec4                listen
                0x9d0261a0                accept
                0x9d0264c4                connect
                0x9d026834                send
                0x9d026894                sendto
                0x9d026c74                recv
                0x9d026e04                recvfrom
                0x9d0270a8                gethostname
                0x9d0271ac                closesocket
 .text          0x9d027660      0x420 Objects - TCPIP PIC32 ETH Demo App-C32\BerkeleyUDPClientDemo.o
                0x9d027660                BerkeleyUDPClientDemo
                0x9d0279e8                BerkeleySNTPGetUTCSeconds
 .text          0x9d027a80      0x240 Objects - TCPIP PIC32 ETH Demo App-C32\BerkeleyTCPClientDemo.o
                0x9d027a80                BerkeleyTCPClientDemo
 .text          0x9d027cc0      0x2ac Objects - TCPIP PIC32 ETH Demo App-C32\BerkeleyTCPServerDemo.o
                0x9d027cc0                BerkeleyTCPServerDemo
 .text          0x9d027f6c        0x0 Objects - TCPIP PIC32 ETH Demo App-C32\ENCX24J600.o
 .text          0x9d027f6c        0x0 Objects - TCPIP PIC32 ETH Demo App-C32\MPFSImg2.o
 .text          0x9d027f6c        0x0 Objects - TCPIP PIC32 ETH Demo App-C32\Random.o
 .text          0x9d027f6c        0x0 Objects - TCPIP PIC32 ETH Demo App-C32\RSA.o
 .text          0x9d027f6c        0x0 Objects - TCPIP PIC32 ETH Demo App-C32\SSL.o
 .text          0x9d027f6c        0x0 Objects - TCPIP PIC32 ETH Demo App-C32\ARCFOUR.o
 .text          0x9d027f6c        0x0 Objects - TCPIP PIC32 ETH Demo App-C32\BigInt.o
 .text          0x9d027f6c        0x0 Objects - TCPIP PIC32 ETH Demo App-C32\BigInt_helper_C32.o
 .text          0x9d027f6c        0x0 Objects - TCPIP PIC32 ETH Demo App-C32\CustomSSLCert.o
 .text          0x9d027f6c      0xdd4 Objects - TCPIP PIC32 ETH Demo App-C32\AutoIP.o
                0x9d027f6c                AutoIPInit
                0x9d028014                AutoIPIsConfigured
                0x9d02804c                AutoIPConfigIsInProgress
                0x9d028088                AutoIPTasks
                0x9d0289e4                AutoIPConflict
                0x9d028b7c                AutoIPDisable
                0x9d028c18                AutoIPEnable
                0x9d028c64                AutoIPIsDisabled
                0x9d028c9c                AutoIPRandSeed
                0x9d028cd8                AutoIPRand
 .text          0x9d028d40      0xe88 Objects - TCPIP PIC32 ETH Demo App-C32\ETHPIC32IntMac.o
                0x9d028d40                MACInit
                0x9d029110                MACIsLinked
                0x9d029138                MACGetTxBaseAddr
                0x9d029180                MACGetHttpBaseAddr
                0x9d0291a8                MACGetSslBaseAddr
                0x9d0291d0                MACSetWritePtr
                0x9d029208                MACIsTxReady
                0x9d029378                MACPut
                0x9d0293bc                MACPutArray
                0x9d029418                MACPutHeader
                0x9d02950c                MACFlush
                0x9d02957c                MACDiscardRx
                0x9d0295d4                MACGetHeader
                0x9d0297e8                MACSetReadPtrInRx
                0x9d029824                MACSetReadPtr
                0x9d02985c                MACGet
                0x9d029898                MACGetArray
                0x9d029904                MACGetFreeRxSize
                0x9d02995c                MACMemCopyAsync
                0x9d029a18                MACIsMemCopyDone
                0x9d029a3c                CalcIPBufferChecksum
                0x9d029a80                MACCalcRxChecksum
 .text          0x9d029bc8     0x1128 Objects - TCPIP PIC32 ETH Demo App-C32\ETHPIC32ExtPhy.o
                0x9d029bc8                EthPhyInit
                0x9d02a0c8                EthPhyRestartNegotiation
                0x9d02a140                EthPhyNegotiationComplete
                0x9d02a334                EthPhyGetNegotiationResult
                0x9d02a610                EthPhyGetLinkStatus
                0x9d02a6c0                EthPhyReset
                0x9d02a7b8                EthPhyScanLinkStart
                0x9d02a7f0                EthPhyScanLinkRead
                0x9d02a864                EthPhyScanLinkStop
 .text          0x9d02acf0      0x1b4 Objects - TCPIP PIC32 ETH Demo App-C32\ETHPIC32ExtPhyDP83848.o
                0x9d02acf0                EthPhyConfigureMII
                0x9d02ad90                EthPhyConfigureMdix
                0x9d02ae58                EthPhyMIIMAddress
                0x9d02ae7c                EthPhyMIIMClock
 .text          0x9d02aea4        0x0 Objects - TCPIP PIC32 ETH Demo App-C32\DNSs.o
 .text          0x9d02aea4      0xb9c Objects - TCPIP PIC32 ETH Demo App-C32\CAN2TCPBridge.o
                0x9d02aea4                CAN2TCPBridgeInit
                0x9d02b0b0                CAN2TCPBridgeTask
                0x9d02b4ec                CAN1InterruptHandler
 .text          0x9d02ba40      0x44c C:/Program Files/Microchip/MPLAB C32_v1_11b/bin/../lib/gcc/pic32mx/3.4.4/size\libgcc.a(_udivdi3.o)
                0x9d02ba40                __udivdi3
 .text          0x9d02be8c       0x98 C:/Program Files/Microchip/MPLAB C32_v1_11b/bin/../lib/gcc/pic32mx/3.4.4/../../../../pic32mx/lib/size\libc.a(memcmp.o)
                0x9d02be8c                memcmp
 .text          0x9d02bf24      0x168 C:/Program Files/Microchip/MPLAB C32_v1_11b/bin/../lib/gcc/pic32mx/3.4.4/../../../../pic32mx/lib/size\libc.a(memcpy.o)
                0x9d02bf24                memcpy
 .text          0x9d02c08c       0xa8 C:/Program Files/Microchip/MPLAB C32_v1_11b/bin/../lib/gcc/pic32mx/3.4.4/../../../../pic32mx/lib/size\libc.a(memset.o)
                0x9d02c08c                memset
 .text          0x9d02c134      0x120 C:/Program Files/Microchip/MPLAB C32_v1_11b/bin/../lib/gcc/pic32mx/3.4.4/../../../../pic32mx/lib/size\libc.a(strcmp.o)
                0x9d02c134                strcmp
 .text          0x9d02c254      0x1a0 C:/Program Files/Microchip/MPLAB C32_v1_11b/bin/../lib/gcc/pic32mx/3.4.4/../../../../pic32mx/lib/size\libc.a(strcpy.o)
                0x9d02c254                strcpy
 .text          0x9d02c3f4      0x168 C:/Program Files/Microchip/MPLAB C32_v1_11b/bin/../lib/gcc/pic32mx/3.4.4/../../../../pic32mx/lib/size\libc.a(strlen.o)
                0x9d02c3f4                strlen
 .text          0x9d02c55c        0x0 C:/Program Files/Microchip/MPLAB C32_v1_11b/bin/../lib/gcc/pic32mx/3.4.4/../../../../pic32mx/lib/size\libc.a(general-exception.o)
 .text.general_exception
                0x9d02c55c       0xd0 C:/Program Files/Microchip/MPLAB C32_v1_11b/bin/../lib/gcc/pic32mx/3.4.4/../../../../pic32mx/lib/size\libc.a(general-exception.o)
                0x9d02c55c                _general_exception_context
 .text          0x9d02c62c        0x0 C:/Program Files/Microchip/MPLAB C32_v1_11b/bin/../lib/gcc/pic32mx/3.4.4/../../../../pic32mx/lib/size\libc.a(strncmp.o)
 .text.strncmp  0x9d02c62c       0xdc C:/Program Files/Microchip/MPLAB C32_v1_11b/bin/../lib/gcc/pic32mx/3.4.4/../../../../pic32mx/lib/size\libc.a(strncmp.o)
                0x9d02c62c                strncmp
 .text          0x9d02c708        0x0 C:/Program Files/Microchip/MPLAB C32_v1_11b/bin/../lib/gcc/pic32mx/3.4.4/../../../../pic32mx/lib/size\libc.a(strchr.o)
 .text.strchr   0x9d02c708       0x98 C:/Program Files/Microchip/MPLAB C32_v1_11b/bin/../lib/gcc/pic32mx/3.4.4/../../../../pic32mx/lib/size\libc.a(strchr.o)
                0x9d02c708                strchr
 .text          0x9d02c7a0        0x0 C:/Program Files/Microchip/MPLAB C32_v1_11b/bin/../lib/gcc/pic32mx/3.4.4/../../../../pic32mx/lib/size\libc.a(strstr.o)
 .text.strstr   0x9d02c7a0       0x54 C:/Program Files/Microchip/MPLAB C32_v1_11b/bin/../lib/gcc/pic32mx/3.4.4/../../../../pic32mx/lib/size\libc.a(strstr.o)
                0x9d02c7a0                strstr
 .text          0x9d02c7f4        0x0 C:/Program Files/Microchip/MPLAB C32_v1_11b/bin/../lib/gcc/pic32mx/3.4.4/../../../../pic32mx/lib/size\libc.a(exit.o)
 .text.exit     0x9d02c7f4       0x10 C:/Program Files/Microchip/MPLAB C32_v1_11b/bin/../lib/gcc/pic32mx/3.4.4/../../../../pic32mx/lib/size\libc.a(exit.o)
                0x9d02c7f4                exit
 .text          0x9d02c804        0x0 C:/Program Files/Microchip/MPLAB C32_v1_11b/bin/../lib/gcc/pic32mx/3.4.4/../../../../pic32mx/lib/size\libc.a(rand.o)
 .text.rand_r   0x9d02c804       0x28 C:/Program Files/Microchip/MPLAB C32_v1_11b/bin/../lib/gcc/pic32mx/3.4.4/../../../../pic32mx/lib/size\libc.a(rand.o)
                0x9d02c804                rand_r
 .text.rand     0x9d02c82c       0x48 C:/Program Files/Microchip/MPLAB C32_v1_11b/bin/../lib/gcc/pic32mx/3.4.4/../../../../pic32mx/lib/size\libc.a(rand.o)
                0x9d02c82c                rand
 .text.srand    0x9d02c874       0x44 C:/Program Files/Microchip/MPLAB C32_v1_11b/bin/../lib/gcc/pic32mx/3.4.4/../../../../pic32mx/lib/size\libc.a(rand.o)
                0x9d02c874                srand
 .text          0x9d02c8b8        0x0 C:/Program Files/Microchip/MPLAB C32_v1_11b/bin/../lib/gcc/pic32mx/3.4.4/../../../../pic32mx/lib/size\libc.a(atol.o)
 .text.atol     0x9d02c8b8        0xc C:/Program Files/Microchip/MPLAB C32_v1_11b/bin/../lib/gcc/pic32mx/3.4.4/../../../../pic32mx/lib/size\libc.a(atol.o)
                0x9d02c8b8                atol
 .text          0x9d02c8c4        0x0 C:/Program Files/Microchip/MPLAB C32_v1_11b/bin/../lib/gcc/pic32mx/3.4.4/../../../../pic32mx/lib/size\libc.a(atoi.o)
 .text.atoi     0x9d02c8c4        0xc C:/Program Files/Microchip/MPLAB C32_v1_11b/bin/../lib/gcc/pic32mx/3.4.4/../../../../pic32mx/lib/size\libc.a(atoi.o)
                0x9d02c8c4                atoi
 .text          0x9d02c8d0        0x0 C:/Program Files/Microchip/MPLAB C32_v1_11b/bin/../lib/gcc/pic32mx/3.4.4/../../../../pic32mx/lib/size\libc.a(strtol.o)
 .text.strtol   0x9d02c8d0      0x1f0 C:/Program Files/Microchip/MPLAB C32_v1_11b/bin/../lib/gcc/pic32mx/3.4.4/../../../../pic32mx/lib/size\libc.a(strtol.o)
                0x9d02c8d0                strtol
 .text          0x9d02cac0        0x0 C:/Program Files/Microchip/MPLAB C32_v1_11b/bin/../lib/gcc/pic32mx/3.4.4/../../../../pic32mx/lib/size\libc.a(stubs.o)
 .text._weak_pthread_mutex_init
                0x9d02cac0        0x8 C:/Program Files/Microchip/MPLAB C32_v1_11b/bin/../lib/gcc/pic32mx/3.4.4/../../../../pic32mx/lib/size\libc.a(stubs.o)
                0x9d02cac0                _weak_pthread_mutex_init
                0x9d02cac0                pthread_mutex_init
 .text._weak_pthread_mutex_destroy
                0x9d02cac8        0x8 C:/Program Files/Microchip/MPLAB C32_v1_11b/bin/../lib/gcc/pic32mx/3.4.4/../../../../pic32mx/lib/size\libc.a(stubs.o)
                0x9d02cac8                pthread_mutex_destroy
                0x9d02cac8                _weak_pthread_mutex_destroy
 .text._weak_pthread_mutex_lock
                0x9d02cad0        0x8 C:/Program Files/Microchip/MPLAB C32_v1_11b/bin/../lib/gcc/pic32mx/3.4.4/../../../../pic32mx/lib/size\libc.a(stubs.o)
                0x9d02cad0                pthread_mutex_lock
                0x9d02cad0                _weak_pthread_mutex_lock
 .text._weak_pthread_mutex_trylock
                0x9d02cad8        0x8 C:/Program Files/Microchip/MPLAB C32_v1_11b/bin/../lib/gcc/pic32mx/3.4.4/../../../../pic32mx/lib/size\libc.a(stubs.o)
                0x9d02cad8                _weak_pthread_mutex_trylock
                0x9d02cad8                pthread_mutex_trylock
 .text._weak_pthread_mutex_unlock
                0x9d02cae0        0x8 C:/Program Files/Microchip/MPLAB C32_v1_11b/bin/../lib/gcc/pic32mx/3.4.4/../../../../pic32mx/lib/size\libc.a(stubs.o)
                0x9d02cae0                pthread_mutex_unlock
                0x9d02cae0                _weak_pthread_mutex_unlock
 .text._weak_pthread_mutex_setname_np
                0x9d02cae8        0x8 C:/Program Files/Microchip/MPLAB C32_v1_11b/bin/../lib/gcc/pic32mx/3.4.4/../../../../pic32mx/lib/size\libc.a(stubs.o)
                0x9d02cae8                _weak_pthread_mutex_setname_np
                0x9d02cae8                pthread_mutex_setname_np
 .text._weak_pthread_mutexattr_init
                0x9d02caf0        0x8 C:/Program Files/Microchip/MPLAB C32_v1_11b/bin/../lib/gcc/pic32mx/3.4.4/../../../../pic32mx/lib/size\libc.a(stubs.o)
                0x9d02caf0                pthread_mutexattr_init
                0x9d02caf0                _weak_pthread_mutexattr_init
 .text._weak_pthread_mutexattr_destroy
                0x9d02caf8        0x8 C:/Program Files/Microchip/MPLAB C32_v1_11b/bin/../lib/gcc/pic32mx/3.4.4/../../../../pic32mx/lib/size\libc.a(stubs.o)
                0x9d02caf8                _weak_pthread_mutexattr_destroy
                0x9d02caf8                pthread_mutexattr_destroy
 .text._weak_pthread_mutexattr_setname_np
                0x9d02cb00        0x8 C:/Program Files/Microchip/MPLAB C32_v1_11b/bin/../lib/gcc/pic32mx/3.4.4/../../../../pic32mx/lib/size\libc.a(stubs.o)
                0x9d02cb00                pthread_mutexattr_setname_np
                0x9d02cb00                _weak_pthread_mutexattr_setname_np
 .text._weak_pthread_mutexattr_settype_np
                0x9d02cb08        0x8 C:/Program Files/Microchip/MPLAB C32_v1_11b/bin/../lib/gcc/pic32mx/3.4.4/../../../../pic32mx/lib/size\libc.a(stubs.o)
                0x9d02cb08                pthread_mutexattr_settype_np
                0x9d02cb08                _weak_pthread_mutexattr_settype_np
 .text._weak_pthread_sysconf_np
                0x9d02cb10        0x8 C:/Program Files/Microchip/MPLAB C32_v1_11b/bin/../lib/gcc/pic32mx/3.4.4/../../../../pic32mx/lib/size\libc.a(stubs.o)
                0x9d02cb10                _weak_pthread_sysconf_np
                0x9d02cb10                pthread_sysconf_np
 .text._weak_pthread_sigdisable_np
                0x9d02cb18        0x8 C:/Program Files/Microchip/MPLAB C32_v1_11b/bin/../lib/gcc/pic32mx/3.4.4/../../../../pic32mx/lib/size\libc.a(stubs.o)
                0x9d02cb18                _weak_pthread_sigdisable_np
                0x9d02cb18                pthread_sigdisable_np
 .text._weak_pthread_sigrestore_np
                0x9d02cb20        0x8 C:/Program Files/Microchip/MPLAB C32_v1_11b/bin/../lib/gcc/pic32mx/3.4.4/../../../../pic32mx/lib/size\libc.a(stubs.o)
                0x9d02cb20                pthread_sigrestore_np
                0x9d02cb20                _weak_pthread_sigrestore_np
 .text._weak__pthread_cleanup_push
                0x9d02cb28        0x8 C:/Program Files/Microchip/MPLAB C32_v1_11b/bin/../lib/gcc/pic32mx/3.4.4/../../../../pic32mx/lib/size\libc.a(stubs.o)
                0x9d02cb28                _weak__pthread_cleanup_push
                0x9d02cb28                _pthread_cleanup_push
 .text._weak__pthread_cleanup_pop
                0x9d02cb30        0x8 C:/Program Files/Microchip/MPLAB C32_v1_11b/bin/../lib/gcc/pic32mx/3.4.4/../../../../pic32mx/lib/size\libc.a(stubs.o)
                0x9d02cb30                _pthread_cleanup_pop
                0x9d02cb30                _weak__pthread_cleanup_pop
 .text._weak__pthread_cleanup_push_defer
                0x9d02cb38        0x8 C:/Program Files/Microchip/MPLAB C32_v1_11b/bin/../lib/gcc/pic32mx/3.4.4/../../../../pic32mx/lib/size\libc.a(stubs.o)
                0x9d02cb38                _weak__pthread_cleanup_push_defer
                0x9d02cb38                _pthread_cleanup_push_defer
 .text._weak__pthread_cleanup_pop_restore
                0x9d02cb40        0x8 C:/Program Files/Microchip/MPLAB C32_v1_11b/bin/../lib/gcc/pic32mx/3.4.4/../../../../pic32mx/lib/size\libc.a(stubs.o)
                0x9d02cb40                _weak__pthread_cleanup_pop_restore
                0x9d02cb40                _pthread_cleanup_pop_restore
 .text._weak_pthread_once
                0x9d02cb48       0x2c C:/Program Files/Microchip/MPLAB C32_v1_11b/bin/../lib/gcc/pic32mx/3.4.4/../../../../pic32mx/lib/size\libc.a(stubs.o)
                0x9d02cb48                _weak_pthread_once
                0x9d02cb48                _pthread_once
                0x9d02cb48                pthread_once
 .text._weak_pthread_key_create
                0x9d02cb74        0x8 C:/Program Files/Microchip/MPLAB C32_v1_11b/bin/../lib/gcc/pic32mx/3.4.4/../../../../pic32mx/lib/size\libc.a(stubs.o)
                0x9d02cb74                _weak_pthread_key_create
                0x9d02cb74                pthread_key_create
 .text._weak_pthread_setspecific
                0x9d02cb7c        0x8 C:/Program Files/Microchip/MPLAB C32_v1_11b/bin/../lib/gcc/pic32mx/3.4.4/../../../../pic32mx/lib/size\libc.a(stubs.o)
                0x9d02cb7c                pthread_setspecific
                0x9d02cb7c                _weak_pthread_setspecific
 .text._weak_pthread_getspecific
                0x9d02cb84        0x8 C:/Program Files/Microchip/MPLAB C32_v1_11b/bin/../lib/gcc/pic32mx/3.4.4/../../../../pic32mx/lib/size\libc.a(stubs.o)
                0x9d02cb84                pthread_getspecific
                0x9d02cb84                _weak_pthread_getspecific
 .text._weak__libc_private_storage
                0x9d02cb8c        0x8 C:/Program Files/Microchip/MPLAB C32_v1_11b/bin/../lib/gcc/pic32mx/3.4.4/../../../../pic32mx/lib/size\libc.a(stubs.o)
                0x9d02cb8c                _libc_private_storage
                0x9d02cb8c                _weak__libc_private_storage
 .text          0x9d02cb94        0x0 C:/Program Files/Microchip/MPLAB C32_v1_11b/bin/../lib/gcc/pic32mx/3.4.4/../../../../pic32mx/lib/size\libc.a(default-bootstrap-exception-handler.o)
 .text._bootstrap_exception_handler
                0x9d02cb94        0x8 C:/Program Files/Microchip/MPLAB C32_v1_11b/bin/../lib/gcc/pic32mx/3.4.4/../../../../pic32mx/lib/size\libc.a(default-bootstrap-exception-handler.o)
                0x9d02cb94                _bootstrap_exception_handler
 .text          0x9d02cb9c        0x0 C:/Program Files/Microchip/MPLAB C32_v1_11b/bin/../lib/gcc/pic32mx/3.4.4/../../../../pic32mx/lib/size\libc.a(default-on-reset.o)
 .text._on_reset
                0x9d02cb9c        0x8 C:/Program Files/Microchip/MPLAB C32_v1_11b/bin/../lib/gcc/pic32mx/3.4.4/../../../../pic32mx/lib/size\libc.a(default-on-reset.o)
                0x9d02cb9c                _on_reset
 .text          0x9d02cba4        0x0 C:/Program Files/Microchip/MPLAB C32_v1_11b/bin/../lib/gcc/pic32mx/3.4.4/../../../../pic32mx/lib/size\libc.a(default-on-bootstrap.o)
 .text._on_bootstrap
                0x9d02cba4        0x8 C:/Program Files/Microchip/MPLAB C32_v1_11b/bin/../lib/gcc/pic32mx/3.4.4/../../../../pic32mx/lib/size\libc.a(default-on-bootstrap.o)
                0x9d02cba4                _on_bootstrap
 .text          0x9d02cbac       0x18 C:/Program Files/Microchip/MPLAB C32_v1_11b/bin/../lib/gcc/pic32mx/3.4.4/../../../../pic32mx/lib/size\libc.a(default-nmi-handler.o)
                0x9d02cbac                _nmi_handler
 .text          0x9d02cbc4        0x0 C:/Program Files/Microchip/MPLAB C32_v1_11b/bin/../lib/gcc/pic32mx/3.4.4/../../../../pic32mx/lib/size\libc.a(_exit.o)
 .text._exit    0x9d02cbc4        0x8 C:/Program Files/Microchip/MPLAB C32_v1_11b/bin/../lib/gcc/pic32mx/3.4.4/../../../../pic32mx/lib/size\libc.a(_exit.o)
                0x9d02cbc4                _exit
 .text          0x9d02cbcc        0x0 C:/Program Files/Microchip/MPLAB C32_v1_11b/bin/../lib/gcc/pic32mx/3.4.4/../../../../pic32mx/lib/size\libc.a(ctype.o)
 .text          0x9d02cbcc        0x0 C:/Program Files/Microchip/MPLAB C32_v1_11b/bin/../lib/gcc/pic32mx/3.4.4/../../../../pic32mx/lib/size\libc.a(errno.o)
 .text          0x9d02cbcc        0x0 C:/Program Files/Microchip/MPLAB C32_v1_11b/bin/../lib/gcc/pic32mx/3.4.4/../../../../pic32mx/lib/size\libmchp_peripheral.a(read_core_timer_lib.o)
 .text.ReadCoreTimer
                0x9d02cbcc        0x8 C:/Program Files/Microchip/MPLAB C32_v1_11b/bin/../lib/gcc/pic32mx/3.4.4/../../../../pic32mx/lib/size\libmchp_peripheral.a(read_core_timer_lib.o)
                0x9d02cbcc                ReadCoreTimer
 .text          0x9d02cbd4        0x0 C:/Program Files/Microchip/MPLAB C32_v1_11b/bin/../lib/gcc/pic32mx/3.4.4/../../../../pic32mx/lib/size\libmchp_peripheral_32MX795F512L.a(eth_ack_packet_lib.o)
 .text._EthAckPacket
                0x9d02cbd4      0x1ac C:/Program Files/Microchip/MPLAB C32_v1_11b/bin/../lib/gcc/pic32mx/3.4.4/../../../../pic32mx/lib/size\libmchp_peripheral_32MX795F512L.a(eth_ack_packet_lib.o)
                0x9d02cbd4                _EthAckPacket
 .text.EthTxAckBuffer
                0x9d02cd80       0x30 C:/Program Files/Microchip/MPLAB C32_v1_11b/bin/../lib/gcc/pic32mx/3.4.4/../../../../pic32mx/lib/size\libmchp_peripheral_32MX795F512L.a(eth_ack_packet_lib.o)
                0x9d02cd80                EthTxAckBuffer
 .text.EthTxAcknowledgeBuffer
                0x9d02cdb0       0x30 C:/Program Files/Microchip/MPLAB C32_v1_11b/bin/../lib/gcc/pic32mx/3.4.4/../../../../pic32mx/lib/size\libmchp_peripheral_32MX795F512L.a(eth_ack_packet_lib.o)
                0x9d02cdb0                EthTxAcknowledgeBuffer
 .text._EthRxAckBuffer
                0x9d02cde0      0x180 C:/Program Files/Microchip/MPLAB C32_v1_11b/bin/../lib/gcc/pic32mx/3.4.4/../../../../pic32mx/lib/size\libmchp_peripheral_32MX795F512L.a(eth_ack_packet_lib.o)
 .text.EthRxAckBuffer
                0x9d02cf60       0x1c C:/Program Files/Microchip/MPLAB C32_v1_11b/bin/../lib/gcc/pic32mx/3.4.4/../../../../pic32mx/lib/size\libmchp_peripheral_32MX795F512L.a(eth_ack_packet_lib.o)
                0x9d02cf60                EthRxAckBuffer
 .text.EthRxAcknowledgeBuffer
                0x9d02cf7c       0x1c C:/Program Files/Microchip/MPLAB C32_v1_11b/bin/../lib/gcc/pic32mx/3.4.4/../../../../pic32mx/lib/size\libmchp_peripheral_32MX795F512L.a(eth_ack_packet_lib.o)
                0x9d02cf7c                EthRxAcknowledgeBuffer
 .text          0x9d02cf98        0x0 C:/Program Files/Microchip/MPLAB C32_v1_11b/bin/../lib/gcc/pic32mx/3.4.4/../../../../pic32mx/lib/size\libmchp_peripheral_32MX795F512L.a(eth_descriptors_add_lib.o)
 .text.EthDescriptorsPoolAdd
                0x9d02cf98      0x158 C:/Program Files/Microchip/MPLAB C32_v1_11b/bin/../lib/gcc/pic32mx/3.4.4/../../../../pic32mx/lib/size\libmchp_peripheral_32MX795F512L.a(eth_descriptors_add_lib.o)
                0x9d02cf98                EthDescriptorsPoolAdd
 .text.EthDescriptorsAdd
                0x9d02d0f0      0x14c C:/Program Files/Microchip/MPLAB C32_v1_11b/bin/../lib/gcc/pic32mx/3.4.4/../../../../pic32mx/lib/size\libmchp_peripheral_32MX795F512L.a(eth_descriptors_add_lib.o)
                0x9d02d0f0                EthDescriptorsAdd
 .text          0x9d02d23c        0x0 C:/Program Files/Microchip/MPLAB C32_v1_11b/bin/../lib/gcc/pic32mx/3.4.4/../../../../pic32mx/lib/size\libmchp_peripheral_32MX795F512L.a(eth_init_lib.o)
 .text.EthInit  0x9d02d23c       0xb0 C:/Program Files/Microchip/MPLAB C32_v1_11b/bin/../lib/gcc/pic32mx/3.4.4/../../../../pic32mx/lib/size\libmchp_peripheral_32MX795F512L.a(eth_init_lib.o)
                0x9d02d23c                EthInit
 .text          0x9d02d2ec        0x0 C:/Program Files/Microchip/MPLAB C32_v1_11b/bin/../lib/gcc/pic32mx/3.4.4/../../../../pic32mx/lib/size\libmchp_peripheral_32MX795F512L.a(eth_mac_open_lib.o)
 .text.EthMACOpen
                0x9d02d2ec       0xb4 C:/Program Files/Microchip/MPLAB C32_v1_11b/bin/../lib/gcc/pic32mx/3.4.4/../../../../pic32mx/lib/size\libmchp_peripheral_32MX795F512L.a(eth_mac_open_lib.o)
                0x9d02d2ec                EthMACOpen
 .text          0x9d02d3a0        0x0 C:/Program Files/Microchip/MPLAB C32_v1_11b/bin/../lib/gcc/pic32mx/3.4.4/../../../../pic32mx/lib/size\libmchp_peripheral_32MX795F512L.a(eth_mac_set_address_max_lib.o)
 .text.EthMACSetAddress
                0x9d02d3a0       0x4c C:/Program Files/Microchip/MPLAB C32_v1_11b/bin/../lib/gcc/pic32mx/3.4.4/../../../../pic32mx/lib/size\libmchp_peripheral_32MX795F512L.a(eth_mac_set_address_max_lib.o)
                0x9d02d3a0                EthMACSetAddress
 .text.EthMACGetAddress
                0x9d02d3ec       0x44 C:/Program Files/Microchip/MPLAB C32_v1_11b/bin/../lib/gcc/pic32mx/3.4.4/../../../../pic32mx/lib/size\libmchp_peripheral_32MX795F512L.a(eth_mac_set_address_max_lib.o)
                0x9d02d3ec                EthMACGetAddress
 .text.EthMACSetMaxFrame
                0x9d02d430       0x14 C:/Program Files/Microchip/MPLAB C32_v1_11b/bin/../lib/gcc/pic32mx/3.4.4/../../../../pic32mx/lib/size\libmchp_peripheral_32MX795F512L.a(eth_mac_set_address_max_lib.o)
                0x9d02d430                EthMACSetMaxFrame
 .text          0x9d02d444        0x0 C:/Program Files/Microchip/MPLAB C32_v1_11b/bin/../lib/gcc/pic32mx/3.4.4/../../../../pic32mx/lib/size\libmchp_peripheral_32MX795F512L.a(eth_rx_buffers_append_lib.o)
 .text.EthRxBuffersAppend
                0x9d02d444      0x220 C:/Program Files/Microchip/MPLAB C32_v1_11b/bin/../lib/gcc/pic32mx/3.4.4/../../../../pic32mx/lib/size\libmchp_peripheral_32MX795F512L.a(eth_rx_buffers_append_lib.o)
                0x9d02d444                EthRxBuffersAppend
 .text          0x9d02d664        0x0 C:/Program Files/Microchip/MPLAB C32_v1_11b/bin/../lib/gcc/pic32mx/3.4.4/../../../../pic32mx/lib/size\libmchp_peripheral_32MX795F512L.a(eth_rx_filters_lib.o)
 .text.EthRxFiltersSet
                0x9d02d664       0x10 C:/Program Files/Microchip/MPLAB C32_v1_11b/bin/../lib/gcc/pic32mx/3.4.4/../../../../pic32mx/lib/size\libmchp_peripheral_32MX795F512L.a(eth_rx_filters_lib.o)
                0x9d02d664                EthRxFiltersSet
 .text.EthRxFiltersClr
                0x9d02d674       0x10 C:/Program Files/Microchip/MPLAB C32_v1_11b/bin/../lib/gcc/pic32mx/3.4.4/../../../../pic32mx/lib/size\libmchp_peripheral_32MX795F512L.a(eth_rx_filters_lib.o)
                0x9d02d674                EthRxFiltersClr
 .text.EthRxFiltersWrite
                0x9d02d684       0x10 C:/Program Files/Microchip/MPLAB C32_v1_11b/bin/../lib/gcc/pic32mx/3.4.4/../../../../pic32mx/lib/size\libmchp_peripheral_32MX795F512L.a(eth_rx_filters_lib.o)
                0x9d02d684                EthRxFiltersWrite
 .text.EthRxFiltersHTSet
                0x9d02d694       0x1c C:/Program Files/Microchip/MPLAB C32_v1_11b/bin/../lib/gcc/pic32mx/3.4.4/../../../../pic32mx/lib/size\libmchp_peripheral_32MX795F512L.a(eth_rx_filters_lib.o)
                0x9d02d694                EthRxFiltersHTSet
 .text.EthRxFiltersPMSet
                0x9d02d6b0       0x7c C:/Program Files/Microchip/MPLAB C32_v1_11b/bin/../lib/gcc/pic32mx/3.4.4/../../../../pic32mx/lib/size\libmchp_peripheral_32MX795F512L.a(eth_rx_filters_lib.o)
                0x9d02d6b0                EthRxFiltersPMSet
 .text.EthRxFiltersPMClr
                0x9d02d72c       0x14 C:/Program Files/Microchip/MPLAB C32_v1_11b/bin/../lib/gcc/pic32mx/3.4.4/../../../../pic32mx/lib/size\libmchp_peripheral_32MX795F512L.a(eth_rx_filters_lib.o)
                0x9d02d72c                EthRxFiltersPMClr
 .text          0x9d02d740        0x0 C:/Program Files/Microchip/MPLAB C32_v1_11b/bin/../lib/gcc/pic32mx/3.4.4/../../../../pic32mx/lib/size\libmchp_peripheral_32MX795F512L.a(eth_rx_get_packet_lib.o)
 .text.EthRxGetPacket
                0x9d02d740      0x178 C:/Program Files/Microchip/MPLAB C32_v1_11b/bin/../lib/gcc/pic32mx/3.4.4/../../../../pic32mx/lib/size\libmchp_peripheral_32MX795F512L.a(eth_rx_get_packet_lib.o)
                0x9d02d740                EthRxGetPacket
 .text.EthRxGetBuffer
                0x9d02d8b8       0x3c C:/Program Files/Microchip/MPLAB C32_v1_11b/bin/../lib/gcc/pic32mx/3.4.4/../../../../pic32mx/lib/size\libmchp_peripheral_32MX795F512L.a(eth_rx_get_packet_lib.o)
                0x9d02d8b8                EthRxGetBuffer
 .text          0x9d02d8f4        0x0 C:/Program Files/Microchip/MPLAB C32_v1_11b/bin/../lib/gcc/pic32mx/3.4.4/../../../../pic32mx/lib/size\libmchp_peripheral_32MX795F512L.a(eth_rx_set_buffer_size_lib.o)
 .text.EthRxSetBufferSize
                0x9d02d8f4       0x30 C:/Program Files/Microchip/MPLAB C32_v1_11b/bin/../lib/gcc/pic32mx/3.4.4/../../../../pic32mx/lib/size\libmchp_peripheral_32MX795F512L.a(eth_rx_set_buffer_size_lib.o)
                0x9d02d8f4                EthRxSetBufferSize
 .text          0x9d02d924        0x0 C:/Program Files/Microchip/MPLAB C32_v1_11b/bin/../lib/gcc/pic32mx/3.4.4/../../../../pic32mx/lib/size\libmchp_peripheral_32MX795F512L.a(eth_tx_packet_lib.o)
 .text._EthTxSchedBuffer
                0x9d02d924       0xac C:/Program Files/Microchip/MPLAB C32_v1_11b/bin/../lib/gcc/pic32mx/3.4.4/../../../../pic32mx/lib/size\libmchp_peripheral_32MX795F512L.a(eth_tx_packet_lib.o)
 .text._EthTxSchedList
                0x9d02d9d0       0x9c C:/Program Files/Microchip/MPLAB C32_v1_11b/bin/../lib/gcc/pic32mx/3.4.4/../../../../pic32mx/lib/size\libmchp_peripheral_32MX795F512L.a(eth_tx_packet_lib.o)
 .text.EthTxSendBuffer
                0x9d02da6c       0xbc C:/Program Files/Microchip/MPLAB C32_v1_11b/bin/../lib/gcc/pic32mx/3.4.4/../../../../pic32mx/lib/size\libmchp_peripheral_32MX795F512L.a(eth_tx_packet_lib.o)
                0x9d02da6c                EthTxSendBuffer
 .text.EthTxSendPacket
                0x9d02db28      0x144 C:/Program Files/Microchip/MPLAB C32_v1_11b/bin/../lib/gcc/pic32mx/3.4.4/../../../../pic32mx/lib/size\libmchp_peripheral_32MX795F512L.a(eth_tx_packet_lib.o)
                0x9d02db28                EthTxSendPacket
 .text._EthFindPacket
                0x9d02dc6c       0x44 C:/Program Files/Microchip/MPLAB C32_v1_11b/bin/../lib/gcc/pic32mx/3.4.4/../../../../pic32mx/lib/size\libmchp_peripheral_32MX795F512L.a(eth_tx_packet_lib.o)
                0x9d02dc6c                _EthFindPacket
 .text.EthTxGetBufferStatus
                0x9d02dcb0       0x68 C:/Program Files/Microchip/MPLAB C32_v1_11b/bin/../lib/gcc/pic32mx/3.4.4/../../../../pic32mx/lib/size\libmchp_peripheral_32MX795F512L.a(eth_tx_packet_lib.o)
                0x9d02dcb0                EthTxGetBufferStatus
 .text          0x9d02dd18        0x0 C:/Program Files/Microchip/MPLAB C32_v1_11b/bin/../lib/gcc/pic32mx/3.4.4/../../../../pic32mx/lib/size\libmchp_peripheral_32MX795F512L.a(_eth_append_busy_list_lib.o)
 .text._EthAppendBusyList
                0x9d02dd18      0x17c C:/Program Files/Microchip/MPLAB C32_v1_11b/bin/../lib/gcc/pic32mx/3.4.4/../../../../pic32mx/lib/size\libmchp_peripheral_32MX795F512L.a(_eth_append_busy_list_lib.o)
                0x9d02dd18                _EthAppendBusyList
 .text          0x9d02de94        0x0 C:/Program Files/Microchip/MPLAB C32_v1_11b/bin/../lib/gcc/pic32mx/3.4.4/../../../../pic32mx/lib/size\libmchp_peripheral_32MX795F512L.a(eth_miim_access.o)
 .text.EthMIIMReadStart
                0x9d02de94       0x40 C:/Program Files/Microchip/MPLAB C32_v1_11b/bin/../lib/gcc/pic32mx/3.4.4/../../../../pic32mx/lib/size\libmchp_peripheral_32MX795F512L.a(eth_miim_access.o)
                0x9d02de94                EthMIIMReadStart
 .text.EthMIIMReadResult
                0x9d02ded4       0x28 C:/Program Files/Microchip/MPLAB C32_v1_11b/bin/../lib/gcc/pic32mx/3.4.4/../../../../pic32mx/lib/size\libmchp_peripheral_32MX795F512L.a(eth_miim_access.o)
                0x9d02ded4                EthMIIMReadResult
 .text.EthMIIMWriteStart
                0x9d02defc       0x38 C:/Program Files/Microchip/MPLAB C32_v1_11b/bin/../lib/gcc/pic32mx/3.4.4/../../../../pic32mx/lib/size\libmchp_peripheral_32MX795F512L.a(eth_miim_access.o)
                0x9d02defc                EthMIIMWriteStart
 .text.EthMIIMScanStart
                0x9d02df34       0x34 C:/Program Files/Microchip/MPLAB C32_v1_11b/bin/../lib/gcc/pic32mx/3.4.4/../../../../pic32mx/lib/size\libmchp_peripheral_32MX795F512L.a(eth_miim_access.o)
                0x9d02df34                EthMIIMScanStart
 .text.EthMIIMScanResult
                0x9d02df68       0x20 C:/Program Files/Microchip/MPLAB C32_v1_11b/bin/../lib/gcc/pic32mx/3.4.4/../../../../pic32mx/lib/size\libmchp_peripheral_32MX795F512L.a(eth_miim_access.o)
                0x9d02df68                EthMIIMScanResult
 .text.EthMIIMConfig
                0x9d02df88       0x68 C:/Program Files/Microchip/MPLAB C32_v1_11b/bin/../lib/gcc/pic32mx/3.4.4/../../../../pic32mx/lib/size\libmchp_peripheral_32MX795F512L.a(eth_miim_access.o)
                0x9d02df88                EthMIIMConfig
 .text          0x9d02dff0        0x0 C:/Program Files/Microchip/MPLAB C32_v1_11b/bin/../lib/gcc/pic32mx/3.4.4/../../../../pic32mx/lib/size\libmchp_peripheral_32MX795F512L.a(eth_miim_legacy.o)
 .text.EthMIIMInit
                0x9d02dff0       0x88 C:/Program Files/Microchip/MPLAB C32_v1_11b/bin/../lib/gcc/pic32mx/3.4.4/../../../../pic32mx/lib/size\libmchp_peripheral_32MX795F512L.a(eth_miim_legacy.o)
                0x9d02dff0                EthMIIMInit
 .text.EthMIIMReadReg
                0x9d02e078       0x60 C:/Program Files/Microchip/MPLAB C32_v1_11b/bin/../lib/gcc/pic32mx/3.4.4/../../../../pic32mx/lib/size\libmchp_peripheral_32MX795F512L.a(eth_miim_legacy.o)
                0x9d02e078                EthMIIMReadReg
 .text.EthMIIMWriteReg
                0x9d02e0d8       0x38 C:/Program Files/Microchip/MPLAB C32_v1_11b/bin/../lib/gcc/pic32mx/3.4.4/../../../../pic32mx/lib/size\libmchp_peripheral_32MX795F512L.a(eth_miim_legacy.o)
                0x9d02e0d8                EthMIIMWriteReg
 .text.EthMIIMWriteRegWait
                0x9d02e110       0x4c C:/Program Files/Microchip/MPLAB C32_v1_11b/bin/../lib/gcc/pic32mx/3.4.4/../../../../pic32mx/lib/size\libmchp_peripheral_32MX795F512L.a(eth_miim_legacy.o)
                0x9d02e110                EthMIIMWriteRegWait
 .text.EthMIIMScanRead
                0x9d02e15c       0x20 C:/Program Files/Microchip/MPLAB C32_v1_11b/bin/../lib/gcc/pic32mx/3.4.4/../../../../pic32mx/lib/size\libmchp_peripheral_32MX795F512L.a(eth_miim_legacy.o)
                0x9d02e15c                EthMIIMScanRead
 .text.EthMIIMScanStopWait
                0x9d02e17c       0x24 C:/Program Files/Microchip/MPLAB C32_v1_11b/bin/../lib/gcc/pic32mx/3.4.4/../../../../pic32mx/lib/size\libmchp_peripheral_32MX795F512L.a(eth_miim_legacy.o)
                0x9d02e17c                EthMIIMScanStopWait
 .text          0x9d02e1a0        0x0 C:/Program Files/Microchip/MPLAB C32_v1_11b/bin/../lib/gcc/pic32mx/3.4.4/../../../../pic32mx/lib/size\libmchp_peripheral_32MX795F512L.a(CANConfiguration.o)
 .text.CANSetTimeStampValue
                0x9d02e1a0       0x20 C:/Program Files/Microchip/MPLAB C32_v1_11b/bin/../lib/gcc/pic32mx/3.4.4/../../../../pic32mx/lib/size\libmchp_peripheral_32MX795F512L.a(CANConfiguration.o)
                0x9d02e1a0                CANSetTimeStampValue
 .text.CANGetTimeStampValue
                0x9d02e1c0       0x20 C:/Program Files/Microchip/MPLAB C32_v1_11b/bin/../lib/gcc/pic32mx/3.4.4/../../../../pic32mx/lib/size\libmchp_peripheral_32MX795F512L.a(CANConfiguration.o)
                0x9d02e1c0                CANGetTimeStampValue
 .text.CANSetTimeStampPrescalar
                0x9d02e1e0       0x20 C:/Program Files/Microchip/MPLAB C32_v1_11b/bin/../lib/gcc/pic32mx/3.4.4/../../../../pic32mx/lib/size\libmchp_peripheral_32MX795F512L.a(CANConfiguration.o)
                0x9d02e1e0                CANSetTimeStampPrescalar
 .text.CANSetSpeed
                0x9d02e200       0xdc C:/Program Files/Microchip/MPLAB C32_v1_11b/bin/../lib/gcc/pic32mx/3.4.4/../../../../pic32mx/lib/size\libmchp_peripheral_32MX795F512L.a(CANConfiguration.o)
                0x9d02e200                CANSetSpeed
 .text.CANEnableFeature
                0x9d02e2dc       0x50 C:/Program Files/Microchip/MPLAB C32_v1_11b/bin/../lib/gcc/pic32mx/3.4.4/../../../../pic32mx/lib/size\libmchp_peripheral_32MX795F512L.a(CANConfiguration.o)
                0x9d02e2dc                CANEnableFeature
 .text.CANDeviceNetFilter
                0x9d02e32c       0x28 C:/Program Files/Microchip/MPLAB C32_v1_11b/bin/../lib/gcc/pic32mx/3.4.4/../../../../pic32mx/lib/size\libmchp_peripheral_32MX795F512L.a(CANConfiguration.o)
                0x9d02e32c                CANDeviceNetFilter
 .text.CANGetOperatingMode
                0x9d02e354       0x20 C:/Program Files/Microchip/MPLAB C32_v1_11b/bin/../lib/gcc/pic32mx/3.4.4/../../../../pic32mx/lib/size\libmchp_peripheral_32MX795F512L.a(CANConfiguration.o)
                0x9d02e354                CANGetOperatingMode
 .text.CANSetOperatingMode
                0x9d02e374       0x28 C:/Program Files/Microchip/MPLAB C32_v1_11b/bin/../lib/gcc/pic32mx/3.4.4/../../../../pic32mx/lib/size\libmchp_peripheral_32MX795F512L.a(CANConfiguration.o)
                0x9d02e374                CANSetOperatingMode
 .text.CANAssignMemoryBuffer
                0x9d02e39c       0x2c C:/Program Files/Microchip/MPLAB C32_v1_11b/bin/../lib/gcc/pic32mx/3.4.4/../../../../pic32mx/lib/size\libmchp_peripheral_32MX795F512L.a(CANConfiguration.o)
                0x9d02e39c                CANAssignMemoryBuffer
 .text.CANEnableModule
                0x9d02e3c8       0x3c C:/Program Files/Microchip/MPLAB C32_v1_11b/bin/../lib/gcc/pic32mx/3.4.4/../../../../pic32mx/lib/size\libmchp_peripheral_32MX795F512L.a(CANConfiguration.o)
                0x9d02e3c8                CANEnableModule
 .text.CANIsActive
                0x9d02e404       0x20 C:/Program Files/Microchip/MPLAB C32_v1_11b/bin/../lib/gcc/pic32mx/3.4.4/../../../../pic32mx/lib/size\libmchp_peripheral_32MX795F512L.a(CANConfiguration.o)
                0x9d02e404                CANIsActive
 .text.CANResetChannel
                0x9d02e424       0x2c C:/Program Files/Microchip/MPLAB C32_v1_11b/bin/../lib/gcc/pic32mx/3.4.4/../../../../pic32mx/lib/size\libmchp_peripheral_32MX795F512L.a(CANConfiguration.o)
                0x9d02e424                CANResetChannel
 .text.CANIsChannelReset
                0x9d02e450       0x2c C:/Program Files/Microchip/MPLAB C32_v1_11b/bin/../lib/gcc/pic32mx/3.4.4/../../../../pic32mx/lib/size\libmchp_peripheral_32MX795F512L.a(CANConfiguration.o)
                0x9d02e450                CANIsChannelReset
 .text          0x9d02e47c        0x0 C:/Program Files/Microchip/MPLAB C32_v1_11b/bin/../lib/gcc/pic32mx/3.4.4/../../../../pic32mx/lib/size\libmchp_peripheral_32MX795F512L.a(CANEventFunctions.o)
 .text.CANGetPendingEventCode
                0x9d02e47c       0x20 C:/Program Files/Microchip/MPLAB C32_v1_11b/bin/../lib/gcc/pic32mx/3.4.4/../../../../pic32mx/lib/size\libmchp_peripheral_32MX795F512L.a(CANEventFunctions.o)
                0x9d02e47c                CANGetPendingEventCode
 .text.CANGetAllChannelEventStatus
                0x9d02e49c       0x20 C:/Program Files/Microchip/MPLAB C32_v1_11b/bin/../lib/gcc/pic32mx/3.4.4/../../../../pic32mx/lib/size\libmchp_peripheral_32MX795F512L.a(CANEventFunctions.o)
                0x9d02e49c                CANGetAllChannelEventStatus
 .text.CANGetAllChannelOverflowStatus
                0x9d02e4bc       0x20 C:/Program Files/Microchip/MPLAB C32_v1_11b/bin/../lib/gcc/pic32mx/3.4.4/../../../../pic32mx/lib/size\libmchp_peripheral_32MX795F512L.a(CANEventFunctions.o)
                0x9d02e4bc                CANGetAllChannelOverflowStatus
 .text.CANGetChannelEvent
                0x9d02e4dc       0x28 C:/Program Files/Microchip/MPLAB C32_v1_11b/bin/../lib/gcc/pic32mx/3.4.4/../../../../pic32mx/lib/size\libmchp_peripheral_32MX795F512L.a(CANEventFunctions.o)
                0x9d02e4dc                CANGetChannelEvent
 .text.CANGetModuleEvent
                0x9d02e504       0x20 C:/Program Files/Microchip/MPLAB C32_v1_11b/bin/../lib/gcc/pic32mx/3.4.4/../../../../pic32mx/lib/size\libmchp_peripheral_32MX795F512L.a(CANEventFunctions.o)
                0x9d02e504                CANGetModuleEvent
 .text.CANClearChannelEvent
                0x9d02e524       0x28 C:/Program Files/Microchip/MPLAB C32_v1_11b/bin/../lib/gcc/pic32mx/3.4.4/../../../../pic32mx/lib/size\libmchp_peripheral_32MX795F512L.a(CANEventFunctions.o)
                0x9d02e524                CANClearChannelEvent
 .text.CANEnableModuleEvent
                0x9d02e54c       0x38 C:/Program Files/Microchip/MPLAB C32_v1_11b/bin/../lib/gcc/pic32mx/3.4.4/../../../../pic32mx/lib/size\libmchp_peripheral_32MX795F512L.a(CANEventFunctions.o)
                0x9d02e54c                CANEnableModuleEvent
 .text.CANClearModuleEvent
                0x9d02e584       0x20 C:/Program Files/Microchip/MPLAB C32_v1_11b/bin/../lib/gcc/pic32mx/3.4.4/../../../../pic32mx/lib/size\libmchp_peripheral_32MX795F512L.a(CANEventFunctions.o)
                0x9d02e584                CANClearModuleEvent
 .text.CANEnableChannelEvent
                0x9d02e5a4       0x40 C:/Program Files/Microchip/MPLAB C32_v1_11b/bin/../lib/gcc/pic32mx/3.4.4/../../../../pic32mx/lib/size\libmchp_peripheral_32MX795F512L.a(CANEventFunctions.o)
                0x9d02e5a4                CANEnableChannelEvent
 .text          0x9d02e5e4        0x0 C:/Program Files/Microchip/MPLAB C32_v1_11b/bin/../lib/gcc/pic32mx/3.4.4/../../../../pic32mx/lib/size\libmchp_peripheral_32MX795F512L.a(CANFilterFunctions.o)
 .text.CANConfigureFilterMask
                0x9d02e5e4       0xb8 C:/Program Files/Microchip/MPLAB C32_v1_11b/bin/../lib/gcc/pic32mx/3.4.4/../../../../pic32mx/lib/size\libmchp_peripheral_32MX795F512L.a(CANFilterFunctions.o)
                0x9d02e5e4                CANConfigureFilterMask
 .text.CANConfigureFilter
                0x9d02e69c       0x94 C:/Program Files/Microchip/MPLAB C32_v1_11b/bin/../lib/gcc/pic32mx/3.4.4/../../../../pic32mx/lib/size\libmchp_peripheral_32MX795F512L.a(CANFilterFunctions.o)
                0x9d02e69c                CANConfigureFilter
 .text.CANEnableFilter
                0x9d02e730       0x58 C:/Program Files/Microchip/MPLAB C32_v1_11b/bin/../lib/gcc/pic32mx/3.4.4/../../../../pic32mx/lib/size\libmchp_peripheral_32MX795F512L.a(CANFilterFunctions.o)
                0x9d02e730                CANEnableFilter
 .text.CANIsFilterDisabled
                0x9d02e788       0x48 C:/Program Files/Microchip/MPLAB C32_v1_11b/bin/../lib/gcc/pic32mx/3.4.4/../../../../pic32mx/lib/size\libmchp_peripheral_32MX795F512L.a(CANFilterFunctions.o)
                0x9d02e788                CANIsFilterDisabled
 .text.CANGetLatestFilterHit
                0x9d02e7d0       0x20 C:/Program Files/Microchip/MPLAB C32_v1_11b/bin/../lib/gcc/pic32mx/3.4.4/../../../../pic32mx/lib/size\libmchp_peripheral_32MX795F512L.a(CANFilterFunctions.o)
                0x9d02e7d0                CANGetLatestFilterHit
 .text.CANLinkFilterToChannel
                0x9d02e7f0       0x50 C:/Program Files/Microchip/MPLAB C32_v1_11b/bin/../lib/gcc/pic32mx/3.4.4/../../../../pic32mx/lib/size\libmchp_peripheral_32MX795F512L.a(CANFilterFunctions.o)
                0x9d02e7f0                CANLinkFilterToChannel
 .text          0x9d02e840        0x0 C:/Program Files/Microchip/MPLAB C32_v1_11b/bin/../lib/gcc/pic32mx/3.4.4/../../../../pic32mx/lib/size\libmchp_peripheral_32MX795F512L.a(CANReceiveFunctions.o)
 .text.CANGetRxMessage
                0x9d02e840       0x40 C:/Program Files/Microchip/MPLAB C32_v1_11b/bin/../lib/gcc/pic32mx/3.4.4/../../../../pic32mx/lib/size\libmchp_peripheral_32MX795F512L.a(CANReceiveFunctions.o)
                0x9d02e840                CANGetRxMessage
 .text.CANUpdateChannel
                0x9d02e880       0x2c C:/Program Files/Microchip/MPLAB C32_v1_11b/bin/../lib/gcc/pic32mx/3.4.4/../../../../pic32mx/lib/size\libmchp_peripheral_32MX795F512L.a(CANReceiveFunctions.o)
                0x9d02e880                CANUpdateChannel
 .text.CANConfigureChannelForRx
                0x9d02e8ac       0x60 C:/Program Files/Microchip/MPLAB C32_v1_11b/bin/../lib/gcc/pic32mx/3.4.4/../../../../pic32mx/lib/size\libmchp_peripheral_32MX795F512L.a(CANReceiveFunctions.o)
                0x9d02e8ac                CANConfigureChannelForRx
 .text          0x9d02e90c        0x0 C:/Program Files/Microchip/MPLAB C32_v1_11b/bin/../lib/gcc/pic32mx/3.4.4/../../../../pic32mx/lib/size\libmchp_peripheral_32MX795F512L.a(CANTransmitFunctions.o)
 .text.CANConfigureChannelForTx
                0x9d02e90c       0x74 C:/Program Files/Microchip/MPLAB C32_v1_11b/bin/../lib/gcc/pic32mx/3.4.4/../../../../pic32mx/lib/size\libmchp_peripheral_32MX795F512L.a(CANTransmitFunctions.o)
                0x9d02e90c                CANConfigureChannelForTx
 .text.CANAbortPendingTx
                0x9d02e980       0x44 C:/Program Files/Microchip/MPLAB C32_v1_11b/bin/../lib/gcc/pic32mx/3.4.4/../../../../pic32mx/lib/size\libmchp_peripheral_32MX795F512L.a(CANTransmitFunctions.o)
                0x9d02e980                CANAbortPendingTx
 .text.CANIsTxAborted
                0x9d02e9c4       0x40 C:/Program Files/Microchip/MPLAB C32_v1_11b/bin/../lib/gcc/pic32mx/3.4.4/../../../../pic32mx/lib/size\libmchp_peripheral_32MX795F512L.a(CANTransmitFunctions.o)
                0x9d02e9c4                CANIsTxAborted
 .text.CANFlushTxChannel
                0x9d02ea04       0x2c C:/Program Files/Microchip/MPLAB C32_v1_11b/bin/../lib/gcc/pic32mx/3.4.4/../../../../pic32mx/lib/size\libmchp_peripheral_32MX795F512L.a(CANTransmitFunctions.o)
                0x9d02ea04                CANFlushTxChannel
 .text.CANGetTxChannelCondition
                0x9d02ea30       0x28 C:/Program Files/Microchip/MPLAB C32_v1_11b/bin/../lib/gcc/pic32mx/3.4.4/../../../../pic32mx/lib/size\libmchp_peripheral_32MX795F512L.a(CANTransmitFunctions.o)
                0x9d02ea30                CANGetTxChannelCondition
 .text.CANGetTxMessageBuffer
                0x9d02ea58       0x44 C:/Program Files/Microchip/MPLAB C32_v1_11b/bin/../lib/gcc/pic32mx/3.4.4/../../../../pic32mx/lib/size\libmchp_peripheral_32MX795F512L.a(CANTransmitFunctions.o)
                0x9d02ea58                CANGetTxMessageBuffer
 .text          0x9d02ea9c        0x0 C:/Program Files/Microchip/MPLAB C32_v1_11b/bin/../lib/gcc/pic32mx/3.4.4/../../../../pic32mx/lib/size\libmchp_peripheral_32MX795F512L.a(soft_reset_lib.o)
 .text.SoftReset
                0x9d02ea9c       0x78 C:/Program Files/Microchip/MPLAB C32_v1_11b/bin/../lib/gcc/pic32mx/3.4.4/../../../../pic32mx/lib/size\libmchp_peripheral_32MX795F512L.a(soft_reset_lib.o)
                0x9d02ea9c                SoftReset
 .text          0x9d02eb14        0x0 C:/Program Files/Microchip/MPLAB C32_v1_11b/bin/../lib/gcc/pic32mx/3.4.4/../../../../pic32mx/lib/size\libmchp_peripheral_32MX795F512L.a(pcache.o)
 .text.CheKseg0CacheOff
                0x9d02eb14       0x18 C:/Program Files/Microchip/MPLAB C32_v1_11b/bin/../lib/gcc/pic32mx/3.4.4/../../../../pic32mx/lib/size\libmchp_peripheral_32MX795F512L.a(pcache.o)
                0x9d02eb14                CheKseg0CacheOff
 .text.CheKseg0CacheOn
                0x9d02eb2c       0x18 C:/Program Files/Microchip/MPLAB C32_v1_11b/bin/../lib/gcc/pic32mx/3.4.4/../../../../pic32mx/lib/size\libmchp_peripheral_32MX795F512L.a(pcache.o)
                0x9d02eb2c                CheKseg0CacheOn
 .text          0x9d02eb44        0x0 C:/Program Files/Microchip/MPLAB C32_v1_11b/bin/../lib/gcc/pic32mx/3.4.4/../../../../pic32mx/lib/size\libmchp_peripheral_32MX795F512L.a(int_disable_interrupts_lib.o)
 .text.INTDisableInterrupts
                0x9d02eb44        0x8 C:/Program Files/Microchip/MPLAB C32_v1_11b/bin/../lib/gcc/pic32mx/3.4.4/../../../../pic32mx/lib/size\libmchp_peripheral_32MX795F512L.a(int_disable_interrupts_lib.o)
                0x9d02eb44                INTDisableInterrupts
 .text          0x9d02eb4c        0x0 C:/Program Files/Microchip/MPLAB C32_v1_11b/bin/../lib/gcc/pic32mx/3.4.4/../../../../pic32mx/lib/size\libmchp_peripheral_32MX795F512L.a(int_restore_interrupts_lib.o)
 .text.INTRestoreInterrupts
                0x9d02eb4c       0x1c C:/Program Files/Microchip/MPLAB C32_v1_11b/bin/../lib/gcc/pic32mx/3.4.4/../../../../pic32mx/lib/size\libmchp_peripheral_32MX795F512L.a(int_restore_interrupts_lib.o)
                0x9d02eb4c                INTRestoreInterrupts
 .text          0x9d02eb68        0x0 C:/Program Files/Microchip/MPLAB C32_v1_11b/bin/../lib/gcc/pic32mx/3.4.4/../../../../pic32mx/lib/size\libmchp_peripheral_32MX795F512L.a(int_enable_mv_int_lib.o)
 .text.INTEnableSystemMultiVectoredInt
                0x9d02eb68       0x34 C:/Program Files/Microchip/MPLAB C32_v1_11b/bin/../lib/gcc/pic32mx/3.4.4/../../../../pic32mx/lib/size\libmchp_peripheral_32MX795F512L.a(int_enable_mv_int_lib.o)
                0x9d02eb68                INTEnableSystemMultiVectoredInt
 .text          0x9d02eb9c        0x0 C:/Program Files/Microchip/MPLAB C32_v1_11b/bin/../lib/gcc/pic32mx/3.4.4/../../../../pic32mx/lib/size\libmchp_peripheral_32MX795F512L.a(int_tbl_lib.o)
 .text.INTClearFlag
                0x9d02eb9c       0x28 C:/Program Files/Microchip/MPLAB C32_v1_11b/bin/../lib/gcc/pic32mx/3.4.4/../../../../pic32mx/lib/size\libmchp_peripheral_32MX795F512L.a(int_tbl_lib.o)
                0x9d02eb9c                INTClearFlag
 .text.INTSetFlag
                0x9d02ebc4       0x28 C:/Program Files/Microchip/MPLAB C32_v1_11b/bin/../lib/gcc/pic32mx/3.4.4/../../../../pic32mx/lib/size\libmchp_peripheral_32MX795F512L.a(int_tbl_lib.o)
                0x9d02ebc4                INTSetFlag
 .text.INTGetFlag
                0x9d02ebec       0x28 C:/Program Files/Microchip/MPLAB C32_v1_11b/bin/../lib/gcc/pic32mx/3.4.4/../../../../pic32mx/lib/size\libmchp_peripheral_32MX795F512L.a(int_tbl_lib.o)
                0x9d02ebec                INTGetFlag
 .text.INTEnable
                0x9d02ec14       0x38 C:/Program Files/Microchip/MPLAB C32_v1_11b/bin/../lib/gcc/pic32mx/3.4.4/../../../../pic32mx/lib/size\libmchp_peripheral_32MX795F512L.a(int_tbl_lib.o)
                0x9d02ec14                INTEnable
 .text.INTGetEnable
                0x9d02ec4c       0x28 C:/Program Files/Microchip/MPLAB C32_v1_11b/bin/../lib/gcc/pic32mx/3.4.4/../../../../pic32mx/lib/size\libmchp_peripheral_32MX795F512L.a(int_tbl_lib.o)
                0x9d02ec4c                INTGetEnable
 .text.INTSetVectorPriority
                0x9d02ec74       0x3c C:/Program Files/Microchip/MPLAB C32_v1_11b/bin/../lib/gcc/pic32mx/3.4.4/../../../../pic32mx/lib/size\libmchp_peripheral_32MX795F512L.a(int_tbl_lib.o)
                0x9d02ec74                INTSetVectorPriority
 .text.INTGetVectorPriority
                0x9d02ecb0       0x2c C:/Program Files/Microchip/MPLAB C32_v1_11b/bin/../lib/gcc/pic32mx/3.4.4/../../../../pic32mx/lib/size\libmchp_peripheral_32MX795F512L.a(int_tbl_lib.o)
                0x9d02ecb0                INTGetVectorPriority
 .text.INTSetVectorSubPriority
                0x9d02ecdc       0x3c C:/Program Files/Microchip/MPLAB C32_v1_11b/bin/../lib/gcc/pic32mx/3.4.4/../../../../pic32mx/lib/size\libmchp_peripheral_32MX795F512L.a(int_tbl_lib.o)
                0x9d02ecdc                INTSetVectorSubPriority
 .text.INTGetVectorSubPriority
                0x9d02ed18       0x2c C:/Program Files/Microchip/MPLAB C32_v1_11b/bin/../lib/gcc/pic32mx/3.4.4/../../../../pic32mx/lib/size\libmchp_peripheral_32MX795F512L.a(int_tbl_lib.o)
                0x9d02ed18                INTGetVectorSubPriority
 .text          0x9d02ed44        0x0 C:/Program Files/Microchip/MPLAB C32_v1_11b/bin/../lib/gcc/pic32mx/3.4.4/../../../../pic32mx/lib/size\libmchp_peripheral_32MX795F512L.a(port_set_pins_digital_in_lib.o)
 .text.PORTSetPinsDigitalIn
                0x9d02ed44       0x3c C:/Program Files/Microchip/MPLAB C32_v1_11b/bin/../lib/gcc/pic32mx/3.4.4/../../../../pic32mx/lib/size\libmchp_peripheral_32MX795F512L.a(port_set_pins_digital_in_lib.o)
                0x9d02ed44                PORTSetPinsDigitalIn
 .text          0x9d02ed80        0x0 C:/Program Files/Microchip/MPLAB C32_v1_11b/bin/../lib/gcc/pic32mx/3.4.4/../../../../pic32mx/lib/size\libmchp_peripheral_32MX795F512L.a(port_set_pins_digital_out_lib.o)
 .text.PORTSetPinsDigitalOut
                0x9d02ed80       0x3c C:/Program Files/Microchip/MPLAB C32_v1_11b/bin/../lib/gcc/pic32mx/3.4.4/../../../../pic32mx/lib/size\libmchp_peripheral_32MX795F512L.a(port_set_pins_digital_out_lib.o)
                0x9d02ed80                PORTSetPinsDigitalOut
 .text          0x9d02edbc        0x0 C:/Program Files/Microchip/MPLAB C32_v1_11b/bin/../lib/gcc/pic32mx/3.4.4/../../../../pic32mx/lib/size\libmchp_peripheral_32MX795F512L.a(_ports_tbl_libp.o)
 .text          0x9d02edbc        0x0 C:/Program Files/Microchip/MPLAB C32_v1_11b/bin/../lib/gcc/pic32mx/3.4.4/../../../../pic32mx/lib/size\libmchp_peripheral_32MX795F512L.a(int_enable_interrupts_lib.o)
 .text.INTEnableInterrupts
                0x9d02edbc        0x8 C:/Program Files/Microchip/MPLAB C32_v1_11b/bin/../lib/gcc/pic32mx/3.4.4/../../../../pic32mx/lib/size\libmchp_peripheral_32MX795F512L.a(int_enable_interrupts_lib.o)
                0x9d02edbc                INTEnableInterrupts
 .text          0x9d02edc4        0x0 C:/Program Files/Microchip/MPLAB C32_v1_11b/bin/../lib/gcc/pic32mx/3.4.4/../../../../pic32mx/lib/size\libc.a(malloc_calloc.o)
 .text.calloc   0x9d02edc4       0xf8 C:/Program Files/Microchip/MPLAB C32_v1_11b/bin/../lib/gcc/pic32mx/3.4.4/../../../../pic32mx/lib/size\libc.a(malloc_calloc.o)
                0x9d02edc4                calloc
 .text          0x9d02eebc        0x0 C:/Program Files/Microchip/MPLAB C32_v1_11b/bin/../lib/gcc/pic32mx/3.4.4/../../../../pic32mx/lib/size\libc.a(malloc.o)
 .text.malloc_trim
                0x9d02eebc      0x114 C:/Program Files/Microchip/MPLAB C32_v1_11b/bin/../lib/gcc/pic32mx/3.4.4/../../../../pic32mx/lib/size\libc.a(malloc.o)
                0x9d02eebc                malloc_trim
 .text.free     0x9d02efd0      0x24c C:/Program Files/Microchip/MPLAB C32_v1_11b/bin/../lib/gcc/pic32mx/3.4.4/../../../../pic32mx/lib/size\libc.a(malloc.o)
                0x9d02efd0                free
 .text.malloc   0x9d02f21c      0x758 C:/Program Files/Microchip/MPLAB C32_v1_11b/bin/../lib/gcc/pic32mx/3.4.4/../../../../pic32mx/lib/size\libc.a(malloc.o)
                0x9d02f21c                malloc
 .text          0x9d02f974        0x0 C:/Program Files/Microchip/MPLAB C32_v1_11b/bin/../lib/gcc/pic32mx/3.4.4/../../../../pic32mx/lib/size\libc.a(sbrk.o)
 .text.getpagesize